Archive member included because of file (symbol)

../../../../../prebuilt/driver/chip/mt2523/lib/libhal_core_CM4_GCC.a(hal_clock.o)
                              ../../../../../out/mt2523_hdk/uart_loopback_data_dma/obj/driver/chip/mt2523/src/hal_flash_mtd_common.o (clock_mux_sel)
../../../../../prebuilt/driver/chip/mt2523/lib/libhal_protected_CM4_GCC.a(hal_audio_fw_internal_dll_CM_2523_Audio_Header.o)
                              ../../../../../out/mt2523_hdk/uart_loopback_data_dma/obj/driver/chip/mt2523/src/hal_audio_fw_interface.o (cmdll_Audio_Header)
../../../../../prebuilt/driver/chip/mt2523/lib/libhal_protected_CM4_GCC.a(hal_audio_fw_internal_dll_CM_2523_Header_Kernel.o)
                              ../../../../../out/mt2523_hdk/uart_loopback_data_dma/obj/driver/chip/mt2523/src/hal_audio_fw_interface.o (cmdll_Header_Kernel)
../../../../../prebuilt/driver/chip/mt2523/lib/libhal_protected_CM4_GCC.a(hal_audio_fw_internal_dll_CM_2523_SBC_DEC.o)
                              ../../../../../out/mt2523_hdk/uart_loopback_data_dma/obj/driver/chip/mt2523/src/hal_audio_fw_interface.o (cmdll_SBC_DEC)
../../../../../prebuilt/driver/chip/mt2523/lib/libhal_protected_CM4_GCC.a(hal_audio_fw_internal_dll_CM_2523_TCH2.o)
                              ../../../../../out/mt2523_hdk/uart_loopback_data_dma/obj/driver/chip/mt2523/src/hal_audio_fw_interface.o (cmdll_TCH2)
../../../../../prebuilt/driver/chip/mt2523/lib/libhal_protected_CM4_GCC.a(hal_audio_fw_internal_dll_CM_2523_TCH.o)
                              ../../../../../out/mt2523_hdk/uart_loopback_data_dma/obj/driver/chip/mt2523/src/hal_audio_fw_interface.o (cmdll_TCH)
../../../../../prebuilt/driver/chip/mt2523/lib/libhal_protected_CM4_GCC.a(hal_audio_fw_internal_dll_CM_2523_IIR.o)
                              ../../../../../out/mt2523_hdk/uart_loopback_data_dma/obj/driver/chip/mt2523/src/hal_audio_fw_interface.o (cmdll_IIR)
../../../../../prebuilt/driver/chip/mt2523/lib/libhal_protected_CM4_GCC.a(hal_audio_fw_internal_dll_CM_2523_PCM_SD_PLAYBACK.o)
                              ../../../../../out/mt2523_hdk/uart_loopback_data_dma/obj/driver/chip/mt2523/src/hal_audio_fw_interface.o (cmdll_PCM_SD_PLAYBACK)
../../../../../prebuilt/driver/chip/mt2523/lib/libhal_protected_CM4_GCC.a(hal_audio_fw_internal_dll_PM_2523_AECS.o)
                              ../../../../../out/mt2523_hdk/uart_loopback_data_dma/obj/driver/chip/mt2523/src/hal_audio_fw_interface.o (pmdll_AECS)
../../../../../prebuilt/driver/chip/mt2523/lib/libhal_protected_CM4_GCC.a(hal_audio_fw_internal_dll_PM_2523_SBC_DEC.o)
                              ../../../../../out/mt2523_hdk/uart_loopback_data_dma/obj/driver/chip/mt2523/src/hal_audio_fw_interface.o (pmdll_SBC_DEC)
../../../../../prebuilt/driver/chip/mt2523/lib/libhal_protected_CM4_GCC.a(hal_audio_fw_library.o)
                              ../../../../../out/mt2523_hdk/uart_loopback_data_dma/obj/driver/chip/mt2523/src/hal_audio_fw_slt.o (dsp_audio_fw_slt_process)
../../../../../prebuilt/driver/chip/mt2523/lib/libhal_protected_CM4_GCC.a(hal_audio_fw_internal_dsp_ptch_2523.o)
                              ../../../../../prebuilt/driver/chip/mt2523/lib/libhal_protected_CM4_GCC.a(hal_audio_fw_library.o) (dsp_patch_normal)
../../../../../prebuilt/driver/chip/mt2523/lib/libhal_protected_CM4_GCC.a(hal_audio_fw_internal_slt_ptch_2523.o)
                              ../../../../../prebuilt/driver/chip/mt2523/lib/libhal_protected_CM4_GCC.a(hal_audio_fw_library.o) (dsp_patch_slt)
/opt/gcc-arm-none-eabi-4_8-2014-q3/bin/../lib/gcc/arm-none-eabi/4.8.4/armv7e-m/fpu/libgcc.a(_aeabi_uldivmod.o)
                              ../../../../../prebuilt/driver/chip/mt2523/lib/libhal_core_CM4_GCC.a(hal_clock.o) (__aeabi_uldivmod)
/opt/gcc-arm-none-eabi-4_8-2014-q3/bin/../lib/gcc/arm-none-eabi/4.8.4/armv7e-m/fpu/libgcc.a(bpabi.o)
                              /opt/gcc-arm-none-eabi-4_8-2014-q3/bin/../lib/gcc/arm-none-eabi/4.8.4/armv7e-m/fpu/libgcc.a(_aeabi_uldivmod.o) (__gnu_uldivmod_helper)
/opt/gcc-arm-none-eabi-4_8-2014-q3/bin/../lib/gcc/arm-none-eabi/4.8.4/armv7e-m/fpu/libgcc.a(_dvmd_tls.o)
                              /opt/gcc-arm-none-eabi-4_8-2014-q3/bin/../lib/gcc/arm-none-eabi/4.8.4/armv7e-m/fpu/libgcc.a(_aeabi_uldivmod.o) (__aeabi_ldiv0)
/opt/gcc-arm-none-eabi-4_8-2014-q3/bin/../lib/gcc/arm-none-eabi/4.8.4/armv7e-m/fpu/libgcc.a(_divdi3.o)
                              /opt/gcc-arm-none-eabi-4_8-2014-q3/bin/../lib/gcc/arm-none-eabi/4.8.4/armv7e-m/fpu/libgcc.a(bpabi.o) (__divdi3)
/opt/gcc-arm-none-eabi-4_8-2014-q3/bin/../lib/gcc/arm-none-eabi/4.8.4/armv7e-m/fpu/libgcc.a(_udivdi3.o)
                              /opt/gcc-arm-none-eabi-4_8-2014-q3/bin/../lib/gcc/arm-none-eabi/4.8.4/armv7e-m/fpu/libgcc.a(bpabi.o) (__udivdi3)
/opt/gcc-arm-none-eabi-4_8-2014-q3/bin/../lib/gcc/arm-none-eabi/4.8.4/../../../../arm-none-eabi/lib/armv7e-m/fpu/libc_s.a(lib_a-assert.o)
[...]
Memory Configuration

Name             Origin             Length             Attributes
ROM_BL           0x08000000         0x00010000         xr
ROM_RTOS         0x08010000         0x003d0000         xr
ROM_NVDM_RESERVED 0x083e0000         0x00010000         xr
ROM_EPO_RESERVED 0x083f0000         0x00010000         xr
RAM              0x00000000         0x00400000         xrw
VRAM             0x10000000         0x00400000         xrw
TCM              0x04008000         0x00020000         xrw
*default*        0x00000000         0xffffffff

Linker script and memory map

LOAD /opt/gcc-arm-none-eabi-4_8-2014-q3/bin/../lib/gcc/arm-none-eabi/4.8.4/../../../../arm-none-eabi/lib/armv7e-m/fpu/libnosys.a
                0x04028000                _stack_end = (ORIGIN (TCM) + 0x20000)
                0x00001000                _stack_size = 0x1000
                0x04027000                _stack_start = (_stack_end - _stack_size)
                0x08010000                . = ORIGIN (ROM_RTOS)

.text           0x08010000     0x3d94
                0x08010000                _text_start = .
                0x08010000                Image$$TEXT$$Base = .
 *(.reset_handler)
 .reset_handler
                0x08010000       0xdc ../../../../../out/mt2523_hdk/uart_loopback_data_dma/obj/project/mt2523_hdk/hal_examples/uart_loopback_data_dma/GCC/startup_mt2523.o
                0x08010000                Reset_Handler
 *(.init)
 *(.fini)
 *(.text)
 .text          0x080100dc       0x2c /opt/gcc-arm-none-eabi-4_8-2014-q3/bin/../lib/gcc/arm-none-eabi/4.8.4/armv7e-m/fpu/libgcc.a(_aeabi_uldivmod.o)
                0x080100dc                __aeabi_uldivmod
 .text          0x08010108       0x60 /opt/gcc-arm-none-eabi-4_8-2014-q3/bin/../lib/gcc/arm-none-eabi/4.8.4/armv7e-m/fpu/libgcc.a(bpabi.o)
                0x08010108                __gnu_ldivmod_helper
                0x08010138                __gnu_uldivmod_helper
 .text          0x08010168        0x4 /opt/gcc-arm-none-eabi-4_8-2014-q3/bin/../lib/gcc/arm-none-eabi/4.8.4/armv7e-m/fpu/libgcc.a(_dvmd_tls.o)
                0x08010168                __aeabi_ldiv0
                0x08010168                __aeabi_idiv0
 .text          0x0801016c      0x298 /opt/gcc-arm-none-eabi-4_8-2014-q3/bin/../lib/gcc/arm-none-eabi/4.8.4/armv7e-m/fpu/libgcc.a(_divdi3.o)
                0x0801016c                __divdi3
 .text          0x08010404      0x284 /opt/gcc-arm-none-eabi-4_8-2014-q3/bin/../lib/gcc/arm-none-eabi/4.8.4/armv7e-m/fpu/libgcc.a(_udivdi3.o)
                0x08010404                __udivdi3
 *(.text*)
 .text.hal_cache_is_cacheable
                0x08010688       0x4c ../../../../../out/mt2523_hdk/uart_loopback_data_dma/obj/driver/chip/mt2523/src/hal_cache.o
                0x08010688                hal_cache_is_cacheable
 .text.pd_domain_dma_interrupt_hander
                0x080106d4      0x138 ../../../../../out/mt2523_hdk/uart_loopback_data_dma/obj/driver/chip/mt2523/src/hal_pdma_internal.o
                0x080106d4                pd_domain_dma_interrupt_hander
 .text.ao_domain_dma_interrupt_hander
                0x0801080c       0x78 ../../../../../out/mt2523_hdk/uart_loopback_data_dma/obj/driver/chip/mt2523/src/hal_pdma_internal.o
                0x0801080c                ao_domain_dma_interrupt_hander
 .text.dma_enable_clock.part.1
                0x08010884       0x22 ../../../../../out/mt2523_hdk/uart_loopback_data_dma/obj/driver/chip/mt2523/src/hal_pdma_internal.o
 .text.dma_enable_clock
                0x080108a6       0x1c ../../../../../out/mt2523_hdk/uart_loopback_data_dma/obj/driver/chip/mt2523/src/hal_pdma_internal.o
                0x080108a6                dma_enable_clock
 *fill*         0x080108c2        0x2 
 .text.vdma_init
                0x080108c4      0x12c ../../../../../out/mt2523_hdk/uart_loopback_data_dma/obj/driver/chip/mt2523/src/hal_pdma_internal.o
                0x080108c4                vdma_init
 .text.vdma_configure
                0x080109f0       0x54 ../../../../../out/mt2523_hdk/uart_loopback_data_dma/obj/driver/chip/mt2523/src/hal_pdma_internal.o
                0x080109f0                vdma_configure
 .text.vdma_enable_interrupt
                0x08010a44       0x24 ../../../../../out/mt2523_hdk/uart_loopback_data_dma/obj/driver/chip/mt2523/src/hal_pdma_internal.o
                0x08010a44                vdma_enable_interrupt
 .text.vdma_start
                0x08010a68       0x68 ../../../../../out/mt2523_hdk/uart_loopback_data_dma/obj/driver/chip/mt2523/src/hal_pdma_internal.o
                0x08010a68                vdma_start
 .text.vdma_disable_interrupt
                0x08010ad0       0x24 ../../../../../out/mt2523_hdk/uart_loopback_data_dma/obj/driver/chip/mt2523/src/hal_pdma_internal.o
                0x08010ad0                vdma_disable_interrupt
 .text.vdma_set_threshold
                0x08010af4       0x28 ../../../../../out/mt2523_hdk/uart_loopback_data_dma/obj/driver/chip/mt2523/src/hal_pdma_internal.o
                0x08010af4                vdma_set_threshold
 .text.vdma_set_alert_length
                0x08010b1c       0x24 ../../../../../out/mt2523_hdk/uart_loopback_data_dma/obj/driver/chip/mt2523/src/hal_pdma_internal.o
                0x08010b1c                vdma_set_alert_length
 .text.vdma_push_data
                0x08010b40       0x1c ../../../../../out/mt2523_hdk/uart_loopback_data_dma/obj/driver/chip/mt2523/src/hal_pdma_internal.o
                0x08010b40                vdma_push_data
 .text.vdma_pop_data
                0x08010b5c       0x20 ../../../../../out/mt2523_hdk/uart_loopback_data_dma/obj/driver/chip/mt2523/src/hal_pdma_internal.o
                0x08010b5c                vdma_pop_data
 .text.vdma_get_available_receive_bytes
                0x08010b7c       0x20 ../../../../../out/mt2523_hdk/uart_loopback_data_dma/obj/driver/chip/mt2523/src/hal_pdma_internal.o
                0x08010b7c                vdma_get_available_receive_bytes
 .text.vdma_get_available_send_space
                0x08010b9c       0x24 ../../../../../out/mt2523_hdk/uart_loopback_data_dma/obj/driver/chip/mt2523/src/hal_pdma_internal.o
                0x08010b9c                vdma_get_available_send_space
 .text.vdma_register_callback
                0x08010bc0       0x28 ../../../../../out/mt2523_hdk/uart_loopback_data_dma/obj/driver/chip/mt2523/src/hal_pdma_internal.o
                0x08010bc0                vdma_register_callback
 .text.hal_gpio_init
                0x08010be8        0x4 ../../../../../out/mt2523_hdk/uart_loopback_data_dma/obj/driver/chip/mt2523/src/hal_gpio.o
                0x08010be8                hal_gpio_init
 .text.hal_pinmux_set_function
                0x08010bec       0x4c ../../../../../out/mt2523_hdk/uart_loopback_data_dma/obj/driver/chip/mt2523/src/hal_gpio.o
                0x08010bec                hal_pinmux_set_function
 .text.uart_receive_handler
                0x08010c38       0xb8 ../../../../../out/mt2523_hdk/uart_loopback_data_dma/obj/driver/chip/mt2523/src/hal_uart.o
                0x08010c38                uart_receive_handler
 .text.uart_send_handler
                0x08010cf0       0xa0 ../../../../../out/mt2523_hdk/uart_loopback_data_dma/obj/driver/chip/mt2523/src/hal_uart.o
                0x08010cf0                uart_send_handler
 .text.uart_dma_callback_handler
                0x08010d90       0x12 ../../../../../out/mt2523_hdk/uart_loopback_data_dma/obj/driver/chip/mt2523/src/hal_uart.o
 *fill*         0x08010da2        0x2 
 .text.uart_error_handler
                0x08010da4       0x5c ../../../../../out/mt2523_hdk/uart_loopback_data_dma/obj/driver/chip/mt2523/src/hal_uart.o
                0x08010da4                uart_error_handler
 .text.hal_uart_init
                0x08010e00       0xe4 ../../../../../out/mt2523_hdk/uart_loopback_data_dma/obj/driver/chip/mt2523/src/hal_uart.o
                0x08010e00                hal_uart_init
 .text.hal_uart_send_dma
                0x08010ee4       0x90 ../../../../../out/mt2523_hdk/uart_loopback_data_dma/obj/driver/chip/mt2523/src/hal_uart.o
                0x08010ee4                hal_uart_send_dma
 .text.hal_uart_receive_dma
                0x08010f74       0x90 ../../../../../out/mt2523_hdk/uart_loopback_data_dma/obj/driver/chip/mt2523/src/hal_uart.o
                0x08010f74                hal_uart_receive_dma
 .text.hal_uart_register_callback
                0x08011004      0x184 ../../../../../out/mt2523_hdk/uart_loopback_data_dma/obj/driver/chip/mt2523/src/hal_uart.o
                0x08011004                hal_uart_register_callback
 .text.hal_uart_get_available_receive_bytes
                0x08011188       0x48 ../../../../../out/mt2523_hdk/uart_loopback_data_dma/obj/driver/chip/mt2523/src/hal_uart.o
                0x08011188                hal_uart_get_available_receive_bytes
 .text.hal_uart_set_dma
                0x080111d0      0x150 ../../../../../out/mt2523_hdk/uart_loopback_data_dma/obj/driver/chip/mt2523/src/hal_uart.o
                0x080111d0                hal_uart_set_dma
 .text.uart_set_baudrate
                0x08011320       0xe0 ../../../../../out/mt2523_hdk/uart_loopback_data_dma/obj/driver/chip/mt2523/src/hal_uart_internal.o
                0x08011320                uart_set_baudrate
 .text.uart_set_format
                0x08011400       0x4c ../../../../../out/mt2523_hdk/uart_loopback_data_dma/obj/driver/chip/mt2523/src/hal_uart_internal.o
                0x08011400                uart_set_format
 .text.uart_set_fifo
                0x0801144c       0x1e ../../../../../out/mt2523_hdk/uart_loopback_data_dma/obj/driver/chip/mt2523/src/hal_uart_internal.o
                0x0801144c                uart_set_fifo
 .text.uart_unmask_receive_interrupt
                0x0801146a       0x1e ../../../../../out/mt2523_hdk/uart_loopback_data_dma/obj/driver/chip/mt2523/src/hal_uart_internal.o
                0x0801146a                uart_unmask_receive_interrupt
 .text.uart_purge_fifo
                0x08011488        0xc ../../../../../out/mt2523_hdk/uart_loopback_data_dma/obj/driver/chip/mt2523/src/hal_uart_internal.o
                0x08011488                uart_purge_fifo
 .text.uart_query_interrupt_type
                0x08011494       0x34 ../../../../../out/mt2523_hdk/uart_loopback_data_dma/obj/driver/chip/mt2523/src/hal_uart_internal.o
                0x08011494                uart_query_interrupt_type
 .text.uart_verify_error
                0x080114c8       0x10 ../../../../../out/mt2523_hdk/uart_loopback_data_dma/obj/driver/chip/mt2523/src/hal_uart_internal.o
                0x080114c8                uart_verify_error
 .text.uart_clear_timeout_interrupt
                0x080114d8        0x4 ../../../../../out/mt2523_hdk/uart_loopback_data_dma/obj/driver/chip/mt2523/src/hal_uart_internal.o
                0x080114d8                uart_clear_timeout_interrupt
 .text.uart_reset_default_value
                0x080114dc       0x44 ../../../../../out/mt2523_hdk/uart_loopback_data_dma/obj/driver/chip/mt2523/src/hal_uart_internal.o
                0x080114dc                uart_reset_default_value
 .text.uart_port_to_dma_channel
                0x08011520       0x38 ../../../../../out/mt2523_hdk/uart_loopback_data_dma/obj/driver/chip/mt2523/src/hal_uart_internal_platform.o
                0x08011520                uart_port_to_dma_channel
 .text.uart_dma_channel_to_callback_data
                0x08011558       0x46 ../../../../../out/mt2523_hdk/uart_loopback_data_dma/obj/driver/chip/mt2523/src/hal_uart_internal_platform.o
                0x08011558                uart_dma_channel_to_callback_data
 .text.uart_enable_dma
                0x0801159e        0x6 ../../../../../out/mt2523_hdk/uart_loopback_data_dma/obj/driver/chip/mt2523/src/hal_uart_internal_platform.o
                0x0801159e                uart_enable_dma
 .text.uart_interrupt_handler
                0x080115a4       0x70 ../../../../../out/mt2523_hdk/uart_loopback_data_dma/obj/driver/chip/mt2523/src/hal_uart_internal_platform.o
                0x080115a4                uart_interrupt_handler
 .text.hal_nvic_init
                0x08011614       0x34 ../../../../../out/mt2523_hdk/uart_loopback_data_dma/obj/driver/chip/mt2523/src/hal_nvic.o
                0x08011614                hal_nvic_init
 .text.hal_nvic_enable_irq
                0x08011648       0x28 ../../../../../out/mt2523_hdk/uart_loopback_data_dma/obj/driver/chip/mt2523/src/hal_nvic.o
                0x08011648                hal_nvic_enable_irq
 .text.hal_nvic_register_isr_handler
                0x08011670       0x4c ../../../../../out/mt2523_hdk/uart_loopback_data_dma/obj/driver/chip/mt2523/src/hal_nvic.o
                0x08011670                hal_nvic_register_isr_handler
 .text.hal_nvic_save_and_set_interrupt_mask
                0x080116bc        0xe ../../../../../out/mt2523_hdk/uart_loopback_data_dma/obj/driver/chip/mt2523/src/hal_nvic.o
                0x080116bc                hal_nvic_save_and_set_interrupt_mask
 .text.hal_nvic_restore_interrupt_mask
                0x080116ca        0xa ../../../../../out/mt2523_hdk/uart_loopback_data_dma/obj/driver/chip/mt2523/src/hal_nvic.o
                0x080116ca                hal_nvic_restore_interrupt_mask
 .text.SF_DAL_Init_MXIC
                0x080116d4       0x94 ../../../../../out/mt2523_hdk/uart_loopback_data_dma/obj/driver/chip/mt2523/src/hal_flash_mtd_dal.o
                0x080116d4                SF_DAL_Init_MXIC
 .text.SF_DAL_Init_WINBOND
                0x08011768       0x64 ../../../../../out/mt2523_hdk/uart_loopback_data_dma/obj/driver/chip/mt2523/src/hal_flash_mtd_dal.o
                0x08011768                SF_DAL_Init_WINBOND
 .text.SF_DAL_Init_Common
                0x080117cc       0xf0 ../../../../../out/mt2523_hdk/uart_loopback_data_dma/obj/driver/chip/mt2523/src/hal_flash_mtd_dal.o
                0x080117cc                SF_DAL_Init_Common
 .text.SF_DAL_Init_Vendor
                0x080118bc       0x58 ../../../../../out/mt2523_hdk/uart_loopback_data_dma/obj/driver/chip/mt2523/src/hal_flash_mtd_dal.o
                0x080118bc                SF_DAL_Init_Vendor
 .text.SF_DAL_IOCtrl
                0x08011914       0x50 ../../../../../out/mt2523_hdk/uart_loopback_data_dma/obj/driver/chip/mt2523/src/hal_flash_mtd_dal.o
                0x08011914                SF_DAL_IOCtrl
 .text.SF_DAL_Init_Driver
                0x08011964       0x6e ../../../../../out/mt2523_hdk/uart_loopback_data_dma/obj/driver/chip/mt2523/src/hal_flash_mtd_dal.o
                0x08011964                SF_DAL_Init_Driver
 *fill*         0x080119d2        0x2 
 .text.CMEM_CheckValidDeviceID
                0x080119d4       0x3c ../../../../../out/mt2523_hdk/uart_loopback_data_dma/obj/driver/chip/mt2523/src/hal_flash_combo_init.o
                0x080119d4                CMEM_CheckValidDeviceID
 .text.CMEM_Index
                0x08011a10       0x60 ../../../../../out/mt2523_hdk/uart_loopback_data_dma/obj/driver/chip/mt2523/src/hal_flash_combo_init.o
                0x08011a10                CMEM_Index
 .text.CMEM_GetIDEntry
                0x08011a70       0x10 ../../../../../out/mt2523_hdk/uart_loopback_data_dma/obj/driver/chip/mt2523/src/hal_flash_combo_init.o
                0x08011a70                CMEM_GetIDEntry
 .text.custom_get_NORFLASH_Size
                0x08011a80        0x6 ../../../../../out/mt2523_hdk/uart_loopback_data_dma/obj/driver/chip/mt2523/src/hal_flash_custom.o
                0x08011a80                custom_get_NORFLASH_Size
 .text.Custom_NOR_Init
                0x08011a86        0x4 ../../../../../out/mt2523_hdk/uart_loopback_data_dma/obj/driver/chip/mt2523/src/hal_flash_custom.o
                0x08011a86                Custom_NOR_Init
 .text.CMEM_BlockSize_Internal
                0x08011a8a       0x30 ../../../../../out/mt2523_hdk/uart_loopback_data_dma/obj/driver/chip/mt2523/src/hal_flash_combo_nor.o
                0x08011a8a                CMEM_BlockSize_Internal
 *fill*         0x08011aba        0x2 
 .text.CMEM_BlockSize
                0x08011abc        0xc ../../../../../out/mt2523_hdk/uart_loopback_data_dma/obj/driver/chip/mt2523/src/hal_flash_combo_nor.o
                0x08011abc                CMEM_BlockSize
 .text.NOR_Get_FlashSizeFromBankInfo
                0x08011ac8       0x16 ../../../../../out/mt2523_hdk/uart_loopback_data_dma/obj/driver/chip/mt2523/src/hal_flash_combo_nor.o
                0x08011ac8                NOR_Get_FlashSizeFromBankInfo
 .text.CMEM_NOR_Construct_RegionInfo_Internal
                0x08011ade       0x62 ../../../../../out/mt2523_hdk/uart_loopback_data_dma/obj/driver/chip/mt2523/src/hal_flash_combo_nor.o
                0x08011ade                CMEM_NOR_Construct_RegionInfo_Internal
 .text.NOR_Construct_RegionInfo
                0x08011b40       0x28 ../../../../../out/mt2523_hdk/uart_loopback_data_dma/obj/driver/chip/mt2523/src/hal_flash_combo_nor.o
                0x08011b40                NOR_Construct_RegionInfo
 .text.CMEM_Init_nor_list
                0x08011b68       0x50 ../../../../../out/mt2523_hdk/uart_loopback_data_dma/obj/driver/chip/mt2523/src/hal_flash_combo_nor.o
                0x08011b68                CMEM_Init_nor_list
 .text.CMEM_Init_FullDriver
                0x08011bb8       0xe8 ../../../../../out/mt2523_hdk/uart_loopback_data_dma/obj/driver/chip/mt2523/src/hal_flash_combo_nor.o
                0x08011bb8                CMEM_Init_FullDriver
 .text.GetFDMLock
                0x08011ca0       0x4c ../../../../../out/mt2523_hdk/uart_loopback_data_dma/obj/driver/chip/mt2523/src/hal_flash_disk.o
                0x08011ca0                GetFDMLock
 .text.FreeFDMLock
                0x08011cec       0x3c ../../../../../out/mt2523_hdk/uart_loopback_data_dma/obj/driver/chip/mt2523/src/hal_flash_disk.o
                0x08011cec                FreeFDMLock
 .text.retrieve_FDM_lock
                0x08011d28        0xc ../../../../../out/mt2523_hdk/uart_loopback_data_dma/obj/driver/chip/mt2523/src/hal_flash_disk.o
                0x08011d28                retrieve_FDM_lock
 .text.MountDevice
                0x08011d34       0x48 ../../../../../out/mt2523_hdk/uart_loopback_data_dma/obj/driver/chip/mt2523/src/hal_flash_disk.o
 .text.NOR_init
                0x08011d7c       0x28 ../../../../../out/mt2523_hdk/uart_loopback_data_dma/obj/driver/chip/mt2523/src/hal_flash_disk.o
                0x08011d7c                NOR_init
 .text.hal_flash_init
                0x08011da4        0xa ../../../../../out/mt2523_hdk/uart_loopback_data_dma/obj/driver/chip/mt2523/src/hal_flash_disk.o
                0x08011da4                hal_flash_init
 .text.log_hal_error_internal
                0x08011dae       0x2a ../../../../../out/mt2523_hdk/uart_loopback_data_dma/obj/driver/chip/mt2523/src/hal_log.o
                0x08011dae                log_hal_error_internal
 .text.log_hal_info_internal
                0x08011dd8       0x2a ../../../../../out/mt2523_hdk/uart_loopback_data_dma/obj/driver/chip/mt2523/src/hal_log.o
                0x08011dd8                log_hal_info_internal
 *fill*         0x08011e02        0x2 
 .text.uart_read_from_input
                0x08011e04       0x10 ../../../../../out/mt2523_hdk/uart_loopback_data_dma/obj/project/mt2523_hdk/hal_examples/uart_loopback_data_dma/src/main.o
 .text.uart_loopback_data_dma_example
                0x08011e14       0xb0 ../../../../../out/mt2523_hdk/uart_loopback_data_dma/obj/project/mt2523_hdk/hal_examples/uart_loopback_data_dma/src/main.o
 .text.__io_putchar
                0x08011ec4        0x2 ../../../../../out/mt2523_hdk/uart_loopback_data_dma/obj/project/mt2523_hdk/hal_examples/uart_loopback_data_dma/src/main.o
                0x08011ec4                __io_putchar
 .text.startup.main
                0x08011ec6       0x1a ../../../../../out/mt2523_hdk/uart_loopback_data_dma/obj/project/mt2523_hdk/hal_examples/uart_loopback_data_dma/src/main.o
                0x08011ec6                main
 .text._close   0x08011ee0        0x4 ../../../../../out/mt2523_hdk/uart_loopback_data_dma/obj/project/mt2523_hdk/hal_examples/uart_loopback_data_dma/GCC/syscalls.o
                0x08011ee0                _close
 .text._fstat   0x08011ee4        0x4 ../../../../../out/mt2523_hdk/uart_loopback_data_dma/obj/project/mt2523_hdk/hal_examples/uart_loopback_data_dma/GCC/syscalls.o
                0x08011ee4                _fstat
 .text._isatty  0x08011ee8        0x4 ../../../../../out/mt2523_hdk/uart_loopback_data_dma/obj/project/mt2523_hdk/hal_examples/uart_loopback_data_dma/GCC/syscalls.o
                0x08011ee8                _isatty
 .text._lseek   0x08011eec        0x4 ../../../../../out/mt2523_hdk/uart_loopback_data_dma/obj/project/mt2523_hdk/hal_examples/uart_loopback_data_dma/GCC/syscalls.o
                0x08011eec                _lseek
 .text._read    0x08011ef0        0x4 ../../../../../out/mt2523_hdk/uart_loopback_data_dma/obj/project/mt2523_hdk/hal_examples/uart_loopback_data_dma/GCC/syscalls.o
                0x08011ef0                _read
 .text._getpid  0x08011ef4        0x4 ../../../../../out/mt2523_hdk/uart_loopback_data_dma/obj/project/mt2523_hdk/hal_examples/uart_loopback_data_dma/GCC/syscalls.o
                0x08011ef4                _getpid
 .text._kill    0x08011ef8        0x6 ../../../../../out/mt2523_hdk/uart_loopback_data_dma/obj/project/mt2523_hdk/hal_examples/uart_loopback_data_dma/GCC/syscalls.o
                0x08011ef8                _kill
 .text._exit    0x08011efe        0x6 ../../../../../out/mt2523_hdk/uart_loopback_data_dma/obj/project/mt2523_hdk/hal_examples/uart_loopback_data_dma/GCC/syscalls.o
                0x08011efe                _exit
 .text._sbrk_r  0x08011f04       0x28 ../../../../../out/mt2523_hdk/uart_loopback_data_dma/obj/project/mt2523_hdk/hal_examples/uart_loopback_data_dma/GCC/syscalls.o
                0x08011f04                _sbrk_r
 .text._write   0x08011f2c       0x1a ../../../../../out/mt2523_hdk/uart_loopback_data_dma/obj/project/mt2523_hdk/hal_examples/uart_loopback_data_dma/GCC/syscalls.o
                0x08011f2c                _write
 *fill*         0x08011f46        0x2 
 .text.SystemCoreClockUpdate
                0x08011f48       0x60 ../../../../../out/mt2523_hdk/uart_loopback_data_dma/obj/project/mt2523_hdk/hal_examples/uart_loopback_data_dma/src/system_mt2523.o
                0x08011f48                SystemCoreClockUpdate
 .text.SystemInit
                0x08011fa8       0x20 ../../../../../out/mt2523_hdk/uart_loopback_data_dma/obj/project/mt2523_hdk/hal_examples/uart_loopback_data_dma/src/system_mt2523.o
                0x08011fa8                SystemInit
 .text.CachePreInit
                0x08011fc8       0x34 ../../../../../out/mt2523_hdk/uart_loopback_data_dma/obj/project/mt2523_hdk/hal_examples/uart_loopback_data_dma/src/system_mt2523.o
                0x08011fc8                CachePreInit
 .text.Data_Init
                0x08011ffc       0x12 ../../../../../out/mt2523_hdk/uart_loopback_data_dma/obj/project/mt2523_hdk/hal_examples/uart_loopback_data_dma/GCC/startup_mt2523.o
 .text.Bss_Init
                0x0801200e       0x10 ../../../../../out/mt2523_hdk/uart_loopback_data_dma/obj/project/mt2523_hdk/hal_examples/uart_loopback_data_dma/GCC/startup_mt2523.o
 .text.Default_Handler
                0x0801201e        0x4 ../../../../../out/mt2523_hdk/uart_loopback_data_dma/obj/project/mt2523_hdk/hal_examples/uart_loopback_data_dma/GCC/startup_mt2523.o
                0x0801201e                DebugMon_Handler
                0x0801201e                HardFault_Handler
                0x0801201e                SysTick_Handler
                0x0801201e                PendSV_Handler
                0x0801201e                NMI_Handler
                0x0801201e                UsageFault_Handler
                0x0801201e                Default_Handler
                0x0801201e                MemManage_Handler
                0x0801201e                SVC_Handler
                0x0801201e                BusFault_Handler
 *fill*         0x08012022        0x2 
 .text.clock_get_freq_lfosc
                0x08012024        0xc ../../../../../prebuilt/driver/chip/mt2523/lib/libhal_core_CM4_GCC.a(hal_clock.o)
                0x08012024                clock_get_freq_lfosc
 .text.clock_get_freq_peri_bus
                0x08012030       0x6c ../../../../../prebuilt/driver/chip/mt2523/lib/libhal_core_CM4_GCC.a(hal_clock.o)
                0x08012030                clock_get_freq_peri_bus
 .text.__assert_func
                0x0801209c       0x38 /opt/gcc-arm-none-eabi-4_8-2014-q3/bin/../lib/gcc/arm-none-eabi/4.8.4/../../../../arm-none-eabi/lib/armv7e-m/fpu/libc_s.a(lib_a-assert.o)
                0x0801209c                __assert_func
 .text.fprintf  0x080120d4       0x24 /opt/gcc-arm-none-eabi-4_8-2014-q3/bin/../lib/gcc/arm-none-eabi/4.8.4/../../../../arm-none-eabi/lib/armv7e-m/fpu/libc_s.a(lib_a-fprintf.o)
                0x080120d4                fprintf
                0x080120d4                fiprintf
 .text.memcpy   0x080120f8       0x12 /opt/gcc-arm-none-eabi-4_8-2014-q3/bin/../lib/gcc/arm-none-eabi/4.8.4/../../../../arm-none-eabi/lib/armv7e-m/fpu/libc_s.a(lib_a-memcpy-stub.o)
                0x080120f8                memcpy
 .text.memset   0x0801210a       0x10 /opt/gcc-arm-none-eabi-4_8-2014-q3/bin/../lib/gcc/arm-none-eabi/4.8.4/../../../../arm-none-eabi/lib/armv7e-m/fpu/libc_s.a(lib_a-memset.o)
                0x0801210a                memset
 .text.__sfputc_r
                0x0801211a       0x2c /opt/gcc-arm-none-eabi-4_8-2014-q3/bin/../lib/gcc/arm-none-eabi/4.8.4/../../../../arm-none-eabi/lib/armv7e-m/fpu/libc_s.a(lib_a-vfprintf.o)
 .text.__sfputs_r
                0x08012146       0x24 /opt/gcc-arm-none-eabi-4_8-2014-q3/bin/../lib/gcc/arm-none-eabi/4.8.4/../../../../arm-none-eabi/lib/armv7e-m/fpu/libc_s.a(lib_a-vfprintf.o)
                0x08012146                __sfputs_r
 *fill*         0x0801216a        0x2 
 .text._vfprintf_r
                0x0801216c      0x208 /opt/gcc-arm-none-eabi-4_8-2014-q3/bin/../lib/gcc/arm-none-eabi/4.8.4/../../../../arm-none-eabi/lib/armv7e-m/fpu/libc_s.a(lib_a-vfprintf.o)
                0x0801216c                _vfiprintf_r
                0x0801216c                _vfprintf_r
 .text._printf_common
                0x08012374       0xe4 /opt/gcc-arm-none-eabi-4_8-2014-q3/bin/../lib/gcc/arm-none-eabi/4.8.4/../../../../arm-none-eabi/lib/armv7e-m/fpu/libc_s.a(lib_a-vfprintf_i.o)
                0x08012374                _printf_common
 .text._printf_i
                0x08012458      0x228 /opt/gcc-arm-none-eabi-4_8-2014-q3/bin/../lib/gcc/arm-none-eabi/4.8.4/../../../../arm-none-eabi/lib/armv7e-m/fpu/libc_s.a(lib_a-vfprintf_i.o)
                0x08012458                _printf_i
 .text.vprintf  0x08012680       0x2c /opt/gcc-arm-none-eabi-4_8-2014-q3/bin/../lib/gcc/arm-none-eabi/4.8.4/../../../../arm-none-eabi/lib/armv7e-m/fpu/libc_s.a(lib_a-vprintf.o)
                0x08012680                vprintf
                0x08012680                viprintf
 .text.__swbuf_r
                0x080126ac       0xa8 /opt/gcc-arm-none-eabi-4_8-2014-q3/bin/../lib/gcc/arm-none-eabi/4.8.4/../../../../arm-none-eabi/lib/armv7e-m/fpu/libc_s.a(lib_a-wbuf.o)
                0x080126ac                __swbuf_r
 .text.__swsetup_r
                0x08012754       0xdc /opt/gcc-arm-none-eabi-4_8-2014-q3/bin/../lib/gcc/arm-none-eabi/4.8.4/../../../../arm-none-eabi/lib/armv7e-m/fpu/libc_s.a(lib_a-wsetup.o)
                0x08012754                __swsetup_r
 .text.abort    0x08012830        0xe /opt/gcc-arm-none-eabi-4_8-2014-q3/bin/../lib/gcc/arm-none-eabi/4.8.4/../../../../arm-none-eabi/lib/armv7e-m/fpu/libc_s.a(lib_a-abort.o)
                0x08012830                abort
 .text.__sflush_r
                0x0801283e      0x106 /opt/gcc-arm-none-eabi-4_8-2014-q3/bin/../lib/gcc/arm-none-eabi/4.8.4/../../../../arm-none-eabi/lib/armv7e-m/fpu/libc_s.a(lib_a-fflush.o)
                0x0801283e                __sflush_r
 .text._fflush_r
                0x08012944       0x54 /opt/gcc-arm-none-eabi-4_8-2014-q3/bin/../lib/gcc/arm-none-eabi/4.8.4/../../../../arm-none-eabi/lib/armv7e-m/fpu/libc_s.a(lib_a-fflush.o)
                0x08012944                _fflush_r
 .text._cleanup_r
                0x08012998       0x32 /opt/gcc-arm-none-eabi-4_8-2014-q3/bin/../lib/gcc/arm-none-eabi/4.8.4/../../../../arm-none-eabi/lib/armv7e-m/fpu/libc_s.a(lib_a-findfp.o)
                0x08012998                _cleanup_r
 *fill*         0x080129ca        0x2 
 .text.std.isra.0
                0x080129cc       0x48 /opt/gcc-arm-none-eabi-4_8-2014-q3/bin/../lib/gcc/arm-none-eabi/4.8.4/../../../../arm-none-eabi/lib/armv7e-m/fpu/libc_s.a(lib_a-findfp.o)
 .text.__sfmoreglue
                0x08012a14       0x2c /opt/gcc-arm-none-eabi-4_8-2014-q3/bin/../lib/gcc/arm-none-eabi/4.8.4/../../../../arm-none-eabi/lib/armv7e-m/fpu/libc_s.a(lib_a-findfp.o)
                0x08012a14                __sfmoreglue
 .text.__sinit  0x08012a40       0x60 /opt/gcc-arm-none-eabi-4_8-2014-q3/bin/../lib/gcc/arm-none-eabi/4.8.4/../../../../arm-none-eabi/lib/armv7e-m/fpu/libc_s.a(lib_a-findfp.o)
                0x08012a40                __sinit
 .text.__sfp    0x08012aa0       0x74 /opt/gcc-arm-none-eabi-4_8-2014-q3/bin/../lib/gcc/arm-none-eabi/4.8.4/../../../../arm-none-eabi/lib/armv7e-m/fpu/libc_s.a(lib_a-findfp.o)
                0x08012aa0                __sfp
 .text.__smakebuf_r
                0x08012b14       0x9c /opt/gcc-arm-none-eabi-4_8-2014-q3/bin/../lib/gcc/arm-none-eabi/4.8.4/../../../../arm-none-eabi/lib/armv7e-m/fpu/libc_s.a(lib_a-makebuf.o)
                0x08012b14                __smakebuf_r
 .text.memchr   0x08012bb0       0x1e /opt/gcc-arm-none-eabi-4_8-2014-q3/bin/../lib/gcc/arm-none-eabi/4.8.4/../../../../arm-none-eabi/lib/armv7e-m/fpu/libc_s.a(lib_a-memchr-stub.o)
                0x08012bb0                memchr
 *fill*         0x08012bce        0x2 
 .text._free_r  0x08012bd0       0x88 /opt/gcc-arm-none-eabi-4_8-2014-q3/bin/../lib/gcc/arm-none-eabi/4.8.4/../../../../arm-none-eabi/lib/armv7e-m/fpu/libc_s.a(lib_a-nano-freer.o)
                0x08012bd0                _free_r
 .text._malloc_r
                0x08012c58       0xa8 /opt/gcc-arm-none-eabi-4_8-2014-q3/bin/../lib/gcc/arm-none-eabi/4.8.4/../../../../arm-none-eabi/lib/armv7e-m/fpu/libc_s.a(lib_a-nano-mallocr.o)
                0x08012c58                _malloc_r
 .text._raise_r
                0x08012d00       0x50 /opt/gcc-arm-none-eabi-4_8-2014-q3/bin/../lib/gcc/arm-none-eabi/4.8.4/../../../../arm-none-eabi/lib/armv7e-m/fpu/libc_s.a(lib_a-signal.o)
                0x08012d00                _raise_r
 .text.raise    0x08012d50       0x10 /opt/gcc-arm-none-eabi-4_8-2014-q3/bin/../lib/gcc/arm-none-eabi/4.8.4/../../../../arm-none-eabi/lib/armv7e-m/fpu/libc_s.a(lib_a-signal.o)
                0x08012d50                raise
 .text._kill_r  0x08012d60       0x24 /opt/gcc-arm-none-eabi-4_8-2014-q3/bin/../lib/gcc/arm-none-eabi/4.8.4/../../../../arm-none-eabi/lib/armv7e-m/fpu/libc_s.a(lib_a-signalr.o)
                0x08012d60                _kill_r
 .text._getpid_r
                0x08012d84        0x4 /opt/gcc-arm-none-eabi-4_8-2014-q3/bin/../lib/gcc/arm-none-eabi/4.8.4/../../../../arm-none-eabi/lib/armv7e-m/fpu/libc_s.a(lib_a-signalr.o)
                0x08012d84                _getpid_r
 .text.__sread  0x08012d88       0x22 /opt/gcc-arm-none-eabi-4_8-2014-q3/bin/../lib/gcc/arm-none-eabi/4.8.4/../../../../arm-none-eabi/lib/armv7e-m/fpu/libc_s.a(lib_a-stdio.o)
                0x08012d88                __sread
 .text.__swrite
                0x08012daa       0x38 /opt/gcc-arm-none-eabi-4_8-2014-q3/bin/../lib/gcc/arm-none-eabi/4.8.4/../../../../arm-none-eabi/lib/armv7e-m/fpu/libc_s.a(lib_a-stdio.o)
                0x08012daa                __swrite
 .text.__sseek  0x08012de2       0x24 /opt/gcc-arm-none-eabi-4_8-2014-q3/bin/../lib/gcc/arm-none-eabi/4.8.4/../../../../arm-none-eabi/lib/armv7e-m/fpu/libc_s.a(lib_a-stdio.o)
                0x08012de2                __sseek
 .text.__sclose
                0x08012e06        0x8 /opt/gcc-arm-none-eabi-4_8-2014-q3/bin/../lib/gcc/arm-none-eabi/4.8.4/../../../../arm-none-eabi/lib/armv7e-m/fpu/libc_s.a(lib_a-stdio.o)
                0x08012e06                __sclose
 .text.strlen   0x08012e0e       0x10 /opt/gcc-arm-none-eabi-4_8-2014-q3/bin/../lib/gcc/arm-none-eabi/4.8.4/../../../../arm-none-eabi/lib/armv7e-m/fpu/libc_s.a(lib_a-strlen.o)
                0x08012e0e                strlen
 *fill*         0x08012e1e        0x2 
 .text._write_r
                0x08012e20       0x24 /opt/gcc-arm-none-eabi-4_8-2014-q3/bin/../lib/gcc/arm-none-eabi/4.8.4/../../../../arm-none-eabi/lib/armv7e-m/fpu/libc_s.a(lib_a-writer.o)
                0x08012e20                _write_r
 .text._close_r
                0x08012e44       0x20 /opt/gcc-arm-none-eabi-4_8-2014-q3/bin/../lib/gcc/arm-none-eabi/4.8.4/../../../../arm-none-eabi/lib/armv7e-m/fpu/libc_s.a(lib_a-closer.o)
                0x08012e44                _close_r
 .text._fstat_r
                0x08012e64       0x24 /opt/gcc-arm-none-eabi-4_8-2014-q3/bin/../lib/gcc/arm-none-eabi/4.8.4/../../../../arm-none-eabi/lib/armv7e-m/fpu/libc_s.a(lib_a-fstatr.o)
                0x08012e64                _fstat_r
 .text._isatty_r
                0x08012e88       0x20 /opt/gcc-arm-none-eabi-4_8-2014-q3/bin/../lib/gcc/arm-none-eabi/4.8.4/../../../../arm-none-eabi/lib/armv7e-m/fpu/libc_s.a(lib_a-isattyr.o)
                0x08012e88                _isatty_r
 .text._lseek_r
                0x08012ea8       0x24 /opt/gcc-arm-none-eabi-4_8-2014-q3/bin/../lib/gcc/arm-none-eabi/4.8.4/../../../../arm-none-eabi/lib/armv7e-m/fpu/libc_s.a(lib_a-lseekr.o)
                0x08012ea8                _lseek_r
 .text._read_r  0x08012ecc       0x24 /opt/gcc-arm-none-eabi-4_8-2014-q3/bin/../lib/gcc/arm-none-eabi/4.8.4/../../../../arm-none-eabi/lib/armv7e-m/fpu/libc_s.a(lib_a-readr.o)
                0x08012ecc                _read_r
 .text._read_r.__stub
                0x08012ef0       0xa0 linker stubs
 *(.rodata)
 .rodata        0x08012f90       0x50 ../../../../../out/mt2523_hdk/uart_loopback_data_dma/obj/driver/chip/mt2523/src/hal_uart_internal.o
 .rodata        0x08012fe0        0x8 ../../../../../out/mt2523_hdk/uart_loopback_data_dma/obj/driver/chip/mt2523/src/hal_emi.o
 *(.rodata*)
 .rodata.__func__.6966
                0x08012fe8        0xa ../../../../../out/mt2523_hdk/uart_loopback_data_dma/obj/driver/chip/mt2523/src/hal_pdma_internal.o
 .rodata.__func__.7060
                0x08012ff2       0x1f ../../../../../out/mt2523_hdk/uart_loopback_data_dma/obj/driver/chip/mt2523/src/hal_pdma_internal.o
 .rodata.__func__.6994
                0x08013011        0xf ../../../../../out/mt2523_hdk/uart_loopback_data_dma/obj/driver/chip/mt2523/src/hal_pdma_internal.o
 .rodata.__func__.7074
                0x08013020       0x1f ../../../../../out/mt2523_hdk/uart_loopback_data_dma/obj/driver/chip/mt2523/src/hal_pdma_internal.o
 .rodata.str1.1
                0x0801303f      0x106 ../../../../../out/mt2523_hdk/uart_loopback_data_dma/obj/driver/chip/mt2523/src/hal_pdma_internal.o
 .rodata.__FUNCTION__.6965
                0x08013145        0xa ../../../../../out/mt2523_hdk/uart_loopback_data_dma/obj/driver/chip/mt2523/src/hal_pdma_internal.o
 .rodata.__func__.7095
                0x0801314f       0x12 ../../../../../out/mt2523_hdk/uart_loopback_data_dma/obj/driver/chip/mt2523/src/hal_uart.o
 .rodata.__func__.7165
                0x08013161       0x25 ../../../../../out/mt2523_hdk/uart_loopback_data_dma/obj/driver/chip/mt2523/src/hal_uart.o
 .rodata.__func__.7060
                0x08013186        0xe ../../../../../out/mt2523_hdk/uart_loopback_data_dma/obj/driver/chip/mt2523/src/hal_uart.o
 .rodata.str1.1
                0x08013194       0x31 ../../../../../out/mt2523_hdk/uart_loopback_data_dma/obj/driver/chip/mt2523/src/hal_uart.o
                                 0x33 (size before relaxing)
 .rodata.__func__.7011
                0x080131c5       0x15 ../../../../../out/mt2523_hdk/uart_loopback_data_dma/obj/driver/chip/mt2523/src/hal_uart.o
 .rodata.__func__.7151
                0x080131da       0x1b ../../../../../out/mt2523_hdk/uart_loopback_data_dma/obj/driver/chip/mt2523/src/hal_uart.o
 .rodata.__func__.7190
                0x080131f5       0x11 ../../../../../out/mt2523_hdk/uart_loopback_data_dma/obj/driver/chip/mt2523/src/hal_uart.o
 .rodata.__func__.7022
                0x08013206       0x12 ../../../../../out/mt2523_hdk/uart_loopback_data_dma/obj/driver/chip/mt2523/src/hal_uart.o
 .rodata.__func__.7129
                0x08013218       0x15 ../../../../../out/mt2523_hdk/uart_loopback_data_dma/obj/driver/chip/mt2523/src/hal_uart.o
 .rodata.__func__.7140
                0x0801322d       0x1c ../../../../../out/mt2523_hdk/uart_loopback_data_dma/obj/driver/chip/mt2523/src/hal_uart.o
 .rodata.__func__.7029
                0x08013249       0x13 ../../../../../out/mt2523_hdk/uart_loopback_data_dma/obj/driver/chip/mt2523/src/hal_uart.o
 .rodata.g_uart_baudrate_map
                0x0801325c       0x34 ../../../../../out/mt2523_hdk/uart_loopback_data_dma/obj/driver/chip/mt2523/src/hal_uart.o
 .rodata.g_uart_port_to_irq_num
                0x08013290        0x4 ../../../../../out/mt2523_hdk/uart_loopback_data_dma/obj/driver/chip/mt2523/src/hal_uart_internal_platform.o
                0x08013290                g_uart_port_to_irq_num
 .rodata.str1.1
                0x08013294       0x43 ../../../../../out/mt2523_hdk/uart_loopback_data_dma/obj/driver/chip/mt2523/src/hal_uart_internal_platform.o
                                 0x45 (size before relaxing)
 .rodata.g_uart_port_to_pdn
                0x080132d7        0x4 ../../../../../out/mt2523_hdk/uart_loopback_data_dma/obj/driver/chip/mt2523/src/hal_uart_internal_platform.o
                0x080132d7                g_uart_port_to_pdn
 .rodata.__func__.7027
                0x080132db       0x17 ../../../../../out/mt2523_hdk/uart_loopback_data_dma/obj/driver/chip/mt2523/src/hal_uart_internal_platform.o
 *fill*         0x080132f2        0x2 
 .rodata.g_uart_regbase
                0x080132f4       0x10 ../../../../../out/mt2523_hdk/uart_loopback_data_dma/obj/driver/chip/mt2523/src/hal_uart_internal_platform.o
                0x080132f4                g_uart_regbase
 .rodata.CSWTCH.4
                0x08013304        0x3 ../../../../../out/mt2523_hdk/uart_loopback_data_dma/obj/driver/chip/mt2523/src/hal_uart_internal_platform.o
 .rodata.__FUNCTION__.7521
                0x08013307        0xa ../../../../../out/mt2523_hdk/uart_loopback_data_dma/obj/driver/chip/mt2523/src/hal_nvic.o
 *fill*         0x08013311        0x3 
 .rodata.defualt_irq_priority
                0x08013314      0x100 ../../../../../out/mt2523_hdk/uart_loopback_data_dma/obj/driver/chip/mt2523/src/hal_nvic.o
 .rodata.str1.1
                0x08013414       0x19 ../../../../../out/mt2523_hdk/uart_loopback_data_dma/obj/driver/chip/mt2523/src/hal_nvic.o
 .rodata.__func__.6454
                0x0801342d        0xf ../../../../../out/mt2523_hdk/uart_loopback_data_dma/obj/driver/chip/mt2523/src/hal_flash_mtd_common.o
 .rodata.str1.1
                0x0801343c       0x3d ../../../../../out/mt2523_hdk/uart_loopback_data_dma/obj/driver/chip/mt2523/src/hal_flash_mtd_common.o
                                 0x3f (size before relaxing)
 .rodata.__func__.6466
                0x08013479        0xe ../../../../../out/mt2523_hdk/uart_loopback_data_dma/obj/driver/chip/mt2523/src/hal_flash_mtd_common.o
 .rodata.__func__.8547
                0x08013487       0x18 ../../../../../out/mt2523_hdk/uart_loopback_data_dma/obj/driver/chip/mt2523/src/hal_flash_mtd_dal.o
 .rodata.__func__.8360
                0x0801349f       0x17 ../../../../../out/mt2523_hdk/uart_loopback_data_dma/obj/driver/chip/mt2523/src/hal_flash_mtd_dal.o
 .rodata.__func__.8381
                0x080134b6       0x13 ../../../../../out/mt2523_hdk/uart_loopback_data_dma/obj/driver/chip/mt2523/src/hal_flash_mtd_dal.o
 .rodata.__func__.8335
                0x080134c9       0x12 ../../../../../out/mt2523_hdk/uart_loopback_data_dma/obj/driver/chip/mt2523/src/hal_flash_mtd_dal.o
 .rodata.__func__.8447
                0x080134db        0xe ../../../../../out/mt2523_hdk/uart_loopback_data_dma/obj/driver/chip/mt2523/src/hal_flash_mtd_dal.o
 .rodata.str1.1
                0x080134e9       0x3a ../../../../../out/mt2523_hdk/uart_loopback_data_dma/obj/driver/chip/mt2523/src/hal_flash_mtd_dal.o
                                 0x3c (size before relaxing)
 .rodata.__func__.8537
                0x08013523       0x1b ../../../../../out/mt2523_hdk/uart_loopback_data_dma/obj/driver/chip/mt2523/src/hal_flash_mtd_dal.o
 .rodata.__func__.8354
                0x0801353e       0x16 ../../../../../out/mt2523_hdk/uart_loopback_data_dma/obj/driver/chip/mt2523/src/hal_flash_mtd_dal.o
 .rodata.__func__.8410
                0x08013554       0x13 ../../../../../out/mt2523_hdk/uart_loopback_data_dma/obj/driver/chip/mt2523/src/hal_flash_mtd_dal.o
 .rodata.__func__.8476
                0x08013567       0x13 ../../../../../out/mt2523_hdk/uart_loopback_data_dma/obj/driver/chip/mt2523/src/hal_flash_mtd_dal.o
 .rodata.__func__.8370
                0x0801357a       0x12 ../../../../../out/mt2523_hdk/uart_loopback_data_dma/obj/driver/chip/mt2523/src/hal_flash_mtd_dal.o
 .rodata.__func__.8499
                0x0801358c       0x12 ../../../../../out/mt2523_hdk/uart_loopback_data_dma/obj/driver/chip/mt2523/src/hal_flash_mtd_dal.o
 .rodata.__func__.8349
                0x0801359e       0x11 ../../../../../out/mt2523_hdk/uart_loopback_data_dma/obj/driver/chip/mt2523/src/hal_flash_mtd_dal.o
 *fill*         0x080135af        0x1 
 .rodata.combo_mem_id_list
                0x080135b0       0x44 ../../../../../out/mt2523_hdk/uart_loopback_data_dma/obj/driver/chip/mt2523/src/hal_flash_combo_init.o
                0x080135b0                combo_mem_id_list
 .rodata.__func__.8207
                0x080135f4       0x13 ../../../../../out/mt2523_hdk/uart_loopback_data_dma/obj/driver/chip/mt2523/src/hal_flash_combo_nor.o
 .rodata.str1.1
                0x08013607       0x3c ../../../../../out/mt2523_hdk/uart_loopback_data_dma/obj/driver/chip/mt2523/src/hal_flash_combo_nor.o
                                 0x3e (size before relaxing)
 .rodata.__func__.8215
                0x08013643       0x15 ../../../../../out/mt2523_hdk/uart_loopback_data_dma/obj/driver/chip/mt2523/src/hal_flash_combo_nor.o
 .rodata.combo_mem_sw_list
                0x08013658      0x2b8 ../../../../../out/mt2523_hdk/uart_loopback_data_dma/obj/driver/chip/mt2523/src/hal_flash_combo_nor.o
 .rodata.__func__.8039
                0x08013910        0xc ../../../../../out/mt2523_hdk/uart_loopback_data_dma/obj/driver/chip/mt2523/src/hal_flash_disk.o
 .rodata.__func__.8061
                0x0801391c        0xc ../../../../../out/mt2523_hdk/uart_loopback_data_dma/obj/driver/chip/mt2523/src/hal_flash_disk.o
 .rodata.str1.1
                0x08013928       0x37 ../../../../../out/mt2523_hdk/uart_loopback_data_dma/obj/driver/chip/mt2523/src/hal_flash_disk.o
                                 0x39 (size before relaxing)
 .rodata.__func__.8034
                0x0801395f        0xb ../../../../../out/mt2523_hdk/uart_loopback_data_dma/obj/driver/chip/mt2523/src/hal_flash_disk.o
 .rodata.__func__.6557
                0x0801396a       0x10 ../../../../../out/mt2523_hdk/uart_loopback_data_dma/obj/driver/chip/mt2523/src/hal_flash_mtd.o
 .rodata.str1.1
                0x0801397a       0x36 ../../../../../out/mt2523_hdk/uart_loopback_data_dma/obj/driver/chip/mt2523/src/hal_flash_mtd.o
                                 0x38 (size before relaxing)
 .rodata.__func__.6519
                0x080139b0        0xa ../../../../../out/mt2523_hdk/uart_loopback_data_dma/obj/driver/chip/mt2523/src/hal_flash_mtd.o
 .rodata.str1.1
                0x080139ba       0x41 ../../../../../out/mt2523_hdk/uart_loopback_data_dma/obj/project/mt2523_hdk/hal_examples/uart_loopback_data_dma/src/main.o
 .rodata.__func__.7880
                0x080139fb       0x1e ../../../../../prebuilt/driver/chip/mt2523/lib/libhal_core_CM4_GCC.a(hal_clock.o)
 .rodata.__FUNCTION__.8224
                0x08013a19       0x10 ../../../../../prebuilt/driver/chip/mt2523/lib/libhal_core_CM4_GCC.a(hal_clock.o)
 .rodata.str1.1
                0x08013a29      0x263 ../../../../../prebuilt/driver/chip/mt2523/lib/libhal_core_CM4_GCC.a(hal_clock.o)
                                0x265 (size before relaxing)
 .rodata.__FUNCTION__.8219
                0x08013c8c        0xf ../../../../../prebuilt/driver/chip/mt2523/lib/libhal_core_CM4_GCC.a(hal_clock.o)
 .rodata.__func__.7867
                0x08013c9b       0x22 ../../../../../prebuilt/driver/chip/mt2523/lib/libhal_core_CM4_GCC.a(hal_clock.o)
 .rodata.str1.1
                0x08013cbd       0x3c /opt/gcc-arm-none-eabi-4_8-2014-q3/bin/../lib/gcc/arm-none-eabi/4.8.4/../../../../arm-none-eabi/lib/armv7e-m/fpu/libc_s.a(lib_a-assert.o)
                                 0x3d (size before relaxing)
 .rodata.str1.1
                0x00000000       0x3c /opt/gcc-arm-none-eabi-4_8-2014-q3/bin/../lib/gcc/arm-none-eabi/4.8.4/../../../../arm-none-eabi/lib/armv7e-m/fpu/libc_s.a(lib_a-impure.o)
                                  0x2 (size before relaxing)
 *fill*         0x08013cf9        0x3 
 .rodata._global_impure_ptr
                0x08013cfc        0x4 /opt/gcc-arm-none-eabi-4_8-2014-q3/bin/../lib/gcc/arm-none-eabi/4.8.4/../../../../arm-none-eabi/lib/armv7e-m/fpu/libc_s.a(lib_a-impure.o)
                0x08013cfc                _global_impure_ptr
 .rodata.str1.1
                0x08013d00       0x11 /opt/gcc-arm-none-eabi-4_8-2014-q3/bin/../lib/gcc/arm-none-eabi/4.8.4/../../../../arm-none-eabi/lib/armv7e-m/fpu/libc_s.a(lib_a-vfprintf.o)
 .rodata.str1.1
                0x08013d11       0x22 /opt/gcc-arm-none-eabi-4_8-2014-q3/bin/../lib/gcc/arm-none-eabi/4.8.4/../../../../arm-none-eabi/lib/armv7e-m/fpu/libc_s.a(lib_a-vfprintf_i.o)
 *fill*         0x08013d33        0x1 
 .rodata.__sf_fake_stdin
                0x08013d34       0x20 /opt/gcc-arm-none-eabi-4_8-2014-q3/bin/../lib/gcc/arm-none-eabi/4.8.4/../../../../arm-none-eabi/lib/armv7e-m/fpu/libc_s.a(lib_a-findfp.o)
                0x08013d34                __sf_fake_stdin
 .rodata.__sf_fake_stdout
                0x08013d54       0x20 /opt/gcc-arm-none-eabi-4_8-2014-q3/bin/../lib/gcc/arm-none-eabi/4.8.4/../../../../arm-none-eabi/lib/armv7e-m/fpu/libc_s.a(lib_a-findfp.o)
                0x08013d54                __sf_fake_stdout
 .rodata.__sf_fake_stderr
                0x08013d74       0x20 /opt/gcc-arm-none-eabi-4_8-2014-q3/bin/../lib/gcc/arm-none-eabi/4.8.4/../../../../arm-none-eabi/lib/armv7e-m/fpu/libc_s.a(lib_a-findfp.o)
                0x08013d74                __sf_fake_stderr
                0x08013d94                Image$$TEXT$$Limit = .
                0x08013d94                _text_end = .

.glue_7         0x08013d94        0x0
 .glue_7        0x00000000        0x0 linker stubs

.glue_7t        0x08013d94        0x0
 .glue_7t       0x00000000        0x0 linker stubs

.vfp11_veneer   0x08013d94        0x0
 .vfp11_veneer  0x00000000        0x0 linker stubs

.v4_bx          0x08013d94        0x0
 .v4_bx         0x00000000        0x0 linker stubs

.iplt           0x08013d94        0x0
 .iplt          0x00000000        0x0 ../../../../../out/mt2523_hdk/uart_loopback_data_dma/obj/driver/chip/mt2523/src/hal_accdet.o

.igot.plt       0x08013d94        0x0
 .igot.plt      0x00000000        0x0 ../../../../../out/mt2523_hdk/uart_loopback_data_dma/obj/driver/chip/mt2523/src/hal_accdet.o
                0x08013d94                . = ALIGN (0x4)
                0x08013d94                _ram_code_load = LOADADDR (.ram_text)

.ram_text       0x00000000     0x1450 load address 0x08013d94
                0x00000000                Image$$RAM_TEXT$$Base = .
                0x00000000                _ram_code_start = .
 *(.isr_vector)
 .isr_vector    0x00000000      0x140 ../../../../../out/mt2523_hdk/uart_loopback_data_dma/obj/project/mt2523_hdk/hal_examples/uart_loopback_data_dma/GCC/startup_mt2523.o
                0x00000000                g_pfnVectors
 *(.ram_code)
 .ram_code      0x00000140      0x35c ../../../../../out/mt2523_hdk/uart_loopback_data_dma/obj/driver/chip/mt2523/src/hal_flash_mtd_common.o
                0x00000140                SFI_BlankCheck
                0x0000017c                SFI_ReverseByteOrder
                0x00000180                SFI_Dev_CommandAddress
                0x000001c8                SFI_GPRAM_Write_C1A3
                0x000001da                SFI_GPRAM_Write_C1A4
                0x00000224                SFI_GPRAM_Write
                0x000002aa                SFI_Dev_Command_Ext
                0x00000324                SFI_Dev_Command_List
                0x000003f0                SFI_ReadDeviceID
                0x0000040a                SFI_ReadDeviceID_SPI
                0x00000410                SFI_Dev_WorkingFrequencyQuery
                0x00000414                SFI_Dev_WorkingVoltageQuery
                0x0000042c                SFI_Dev_GetUniqueID
                0x0000043c                SF_DAL_DEV_Enter_DPD
 .ram_code      0x0000049c      0xcc0 ../../../../../out/mt2523_hdk/uart_loopback_data_dma/obj/driver/chip/mt2523/src/hal_flash_mtd_dal.o
                0x0000049c                SF_DAL_UnlockBlock_None
                0x000004a0                SF_DAL_NonBlockEraseBlock
                0x000004a6                SF_DAL_LockEraseBlkAddr
                0x000004aa                get_current_32K_counter
                0x000004ae                ust_busy_wait
                0x000004b2                SaveAndSetIRQMask
                0x000004b6                RestoreIRQMask
                0x000004ba                sfi_60qbit_test
                0x000004be                CompareData
                0x00000516                SF_DAL_CreateDevLock
                0x00000518                SF_DAL_FLAG_BUSY_SET
                0x00000530                SF_DAL_FLAG_BUSY_CLR
                0x00000558                SF_DAL_FLAG_SUS_SET
                0x00000580                SF_DAL_FLAG_SUS_CLR
                0x00000598                SF_DAL_Dev_Suspend
                0x000005d8                SF_DAL_Dev_Resume
                0x00000610                SF_DAL_Dev_ReadStatus
                0x00000650                Flash_ReturnReady
                0x00000814                Flash_ResumeOperation
                0x0000085c                retrieve_MTD_lock
                0x000008ac                SF_DAL_GetDevLock
                0x000008b8                SF_DAL_FreeDevLock
                0x000008f8                SF_DAL_ResumeErase
                0x00000910                Flash_CheckReady
                0x00000974                Flash_SuspendOperation
                0x000009f0                SF_DAL_ShutDown
                0x00000a50                SF_DAL_SuspendErase
                0x00000a86                SF_DAL_FailCheck
                0x00000aac                SF_DAL_CheckReadyAndResume
                0x00000b60                SF_DAL_CheckDeviceReady
                0x00000c38                SF_DAL_MountDevice
                0x00000c8a                SF_DAL_Dev_Command
                0x00000cc4                SF_DAL_Dev_WriteEnable
                0x00000cd0                Flash_ProgramData
                0x00000db8                SF_DAL_ProgramData
                0x00000f08                SF_DAL_Dev_EraseBlock
                0x00000f42                SF_DAL_EraseBlock
                0x00001058                SF_DAL_Dev_Command_Ext
                0x0000108a                SF_DAL_Dev_ReadID
                0x000010c0                SF_DAL_Dev_WaitReady_EMIINIT
                0x000010ec                SF_DAL_UnlockBlock_MXIC
 .ram_code      0x0000115c       0x7c ../../../../../out/mt2523_hdk/uart_loopback_data_dma/obj/driver/chip/mt2523/src/hal_flash_cfi.o
                0x0000115c                NOR_ReadID
 .ram_code      0x000011d8        0xc ../../../../../out/mt2523_hdk/uart_loopback_data_dma/obj/driver/chip/mt2523/src/hal_flash_disk.o
                0x000011d8                get_NOR_init_status
 .ram_code      0x000011e4      0x1b8 ../../../../../out/mt2523_hdk/uart_loopback_data_dma/obj/driver/chip/mt2523/src/hal_flash_mtd.o
                0x000011e4                BlockAddress
                0x00001224                MapWindow
                0x00001310                BlockSize
                0x0000132e                BlockIndex
                0x00001374                DelayAWhile_UST
 *fill*         0x0000139c        0x4 
 .ram_code.__stub
                0x000013a0       0xb0 linker stubs
 *(.ram_rodata)
                0x00001450                Image$$RAM_TEXT$$Limit = .
                0x00001450                _ram_code_end = .

.rel.dyn        0x00001450        0x0 load address 0x080151e4
 .rel.iplt      0x00000000        0x0 ../../../../../out/mt2523_hdk/uart_loopback_data_dma/obj/driver/chip/mt2523/src/hal_accdet.o

.ARM.exidx      0x00001450        0x8 load address 0x080151e4
 .ARM.exidx     0x00001450        0x8 /opt/gcc-arm-none-eabi-4_8-2014-q3/bin/../lib/gcc/arm-none-eabi/4.8.4/armv7e-m/fpu/libgcc.a(_divdi3.o)
 .ARM.exidx     0x00001458        0x0 /opt/gcc-arm-none-eabi-4_8-2014-q3/bin/../lib/gcc/arm-none-eabi/4.8.4/armv7e-m/fpu/libgcc.a(_udivdi3.o)
                                  0x8 (size before relaxing)
                0x00001458                . = ALIGN (0x4)
                0x080151ec                _ram_noncached_rw_load = LOADADDR (.noncached_data)

.noncached_data
                0x00001458        0x0 load address 0x080151ec
                0x00001458                Image$$NONCACHED_DATA$$Base = .
                0x00001458                _ram_noncached_rw_start = .
 *(.noncached_rwdata)
                0x00001458                Image$$NONCACHED_DATA$$Limit = .
                0x00001458                _ram_noncached_rw_end = .
                0x00001458                . = ALIGN (0x4)

.noncached_bss  0x00001458      0x200 load address 0x080151ec
                0x00001458                Image$$NONCACHED_ZI$$Base = .
                0x00001458                _ram_noncached_zi_start = .
 *(.noncached_zidata)
 .noncached_zidata
                0x00001458      0x200 ../../../../../out/mt2523_hdk/uart_loopback_data_dma/obj/project/mt2523_hdk/hal_examples/uart_loopback_data_dma/src/main.o
                0x00001658                Image$$NONCACHED_ZI$$Limit = .
                0x00001658                _ram_noncached_zi_end = .
                0x00001660                . = ALIGN (0x20)
                0x080151ec                _data_load = LOADADDR (.cached_data)
                0x07fea858                . = (. + ORIGIN (VRAM))

.cached_data    0x10001660      0x174 load address 0x080151ec
                0x10001660                __data_start__ = .
                0x10001660                _data_start = .
                0x10001660                Image$$CACHED_DATA$$RW$$Base = .
 *(.data)
 *(.data*)
 .data.vdma_global
                0x10001660       0x28 ../../../../../out/mt2523_hdk/uart_loopback_data_dma/obj/driver/chip/mt2523/src/hal_pdma_internal.o
                0x10001660                vdma_global
 .data.vdma_port
                0x10001688       0x28 ../../../../../out/mt2523_hdk/uart_loopback_data_dma/obj/driver/chip/mt2523/src/hal_pdma_internal.o
                0x10001688                vdma_port
 .data.pdma_global
                0x100016b0       0x18 ../../../../../out/mt2523_hdk/uart_loopback_data_dma/obj/driver/chip/mt2523/src/hal_pdma_internal.o
                0x100016b0                pdma_global
 .data.pdma     0x100016c8       0x18 ../../../../../out/mt2523_hdk/uart_loopback_data_dma/obj/driver/chip/mt2523/src/hal_pdma_internal.o
                0x100016c8                pdma
 .data.g_vdma_global_running_bit
                0x100016e0        0xa ../../../../../out/mt2523_hdk/uart_loopback_data_dma/obj/driver/chip/mt2523/src/hal_pdma_internal.o
                0x100016e0                g_vdma_global_running_bit
 .data.g_pdma_global_running_bit
                0x100016ea        0x6 ../../../../../out/mt2523_hdk/uart_loopback_data_dma/obj/driver/chip/mt2523/src/hal_pdma_internal.o
                0x100016ea                g_pdma_global_running_bit
 .data.gdma     0x100016f0        0x4 ../../../../../out/mt2523_hdk/uart_loopback_data_dma/obj/driver/chip/mt2523/src/hal_pdma_internal.o
                0x100016f0                gdma
 .data.vdma     0x100016f4       0x28 ../../../../../out/mt2523_hdk/uart_loopback_data_dma/obj/driver/chip/mt2523/src/hal_pdma_internal.o
                0x100016f4                vdma
 .data.gdma_global
                0x1000171c        0x4 ../../../../../out/mt2523_hdk/uart_loopback_data_dma/obj/driver/chip/mt2523/src/hal_pdma_internal.o
                0x1000171c                gdma_global
 .data.gpio_register_base
                0x10001720        0x4 ../../../../../out/mt2523_hdk/uart_loopback_data_dma/obj/driver/chip/mt2523/src/hal_gpio.o
                0x10001720                gpio_register_base
 .data.MTDMutex
                0x10001724        0x4 ../../../../../out/mt2523_hdk/uart_loopback_data_dma/obj/driver/chip/mt2523/src/hal_flash_mtd_dal.o
 .data.sf_dal_resume_time
                0x10001728        0x4 ../../../../../out/mt2523_hdk/uart_loopback_data_dma/obj/driver/chip/mt2523/src/hal_flash_mtd_dal.o
                0x10001728                sf_dal_resume_time
 .data.cmem_index
                0x1000172c        0x2 ../../../../../out/mt2523_hdk/uart_loopback_data_dma/obj/driver/chip/mt2523/src/hal_flash_combo_init.o
 *fill*         0x1000172e        0x2 
 .data.FDMMutex
                0x10001730        0x4 ../../../../../out/mt2523_hdk/uart_loopback_data_dma/obj/driver/chip/mt2523/src/hal_flash_disk.o
 .data.gNOR_ReturnReadyEnd
                0x10001734        0x4 ../../../../../out/mt2523_hdk/uart_loopback_data_dma/obj/driver/chip/mt2523/src/hal_flash_mtd.o
                0x10001734                gNOR_ReturnReadyEnd
 .data.build_date_time_str
                0x10001738       0x1f ../../../../../out/mt2523_hdk/uart_loopback_data_dma/obj/middleware/MTK/verno/verno.o
                0x10001738                build_date_time_str
 .data.hw_verno_str
                0x10001757        0xb ../../../../../out/mt2523_hdk/uart_loopback_data_dma/obj/middleware/MTK/verno/verno.o
                0x10001757                hw_verno_str
 .data.sw_verno_str
                0x10001762        0xb ../../../../../out/mt2523_hdk/uart_loopback_data_dma/obj/middleware/MTK/verno/verno.o
                0x10001762                sw_verno_str
 *fill*         0x1000176d        0x3 
 .data.impure_data
                0x10001770       0x60 /opt/gcc-arm-none-eabi-4_8-2014-q3/bin/../lib/gcc/arm-none-eabi/4.8.4/../../../../arm-none-eabi/lib/armv7e-m/fpu/libc_s.a(lib_a-impure.o)
 .data._impure_ptr
                0x100017d0        0x4 /opt/gcc-arm-none-eabi-4_8-2014-q3/bin/../lib/gcc/arm-none-eabi/4.8.4/../../../../arm-none-eabi/lib/armv7e-m/fpu/libc_s.a(lib_a-impure.o)
                0x100017d0                _impure_ptr
                0x100017d4                . = ALIGN (0x4)
                0x100017d4                PROVIDE (__preinit_array_start, .)
 *(.preinit_array)
                0x100017d4                PROVIDE (__preinit_array_end, .)
                0x100017d4                . = ALIGN (0x4)
                0x100017d4                PROVIDE (__init_array_start, .)
 *(SORT(.init_array.*))
 *(.init_array)
                0x100017d4                PROVIDE (__init_array_end, .)
                0x100017d4                . = ALIGN (0x4)
                0x100017d4                PROVIDE (__fini_array_start, .)
 *(SORT(.fini_array.*))
 *(.fini_array)
                0x100017d4                PROVIDE (__fini_array_end, .)
                0x100017d4                _data_end = .
                0x100017d4                __data_end__ = .
                0x100017d4                Image$$CACHED_DATA$$RW$$Limit = .
                0x100017d4                . = ALIGN (0x4)

.bss            0x100017d4      0x65c load address 0x08015360
                0x100017d4                _bss_start = .
                0x100017d4                __bss_start__ = .
                0x100017d4                Image$$CACHED_DATA$$ZI$$Base = .
 *(.bss)
 *(.bss*)
 .bss.vdma_init_status
                0x100017d4       0x12 ../../../../../out/mt2523_hdk/uart_loopback_data_dma/obj/driver/chip/mt2523/src/hal_pdma_internal.o
 *fill*         0x100017e6        0x2 
 .bss.g_gdma_callback
                0x100017e8        0x8 ../../../../../out/mt2523_hdk/uart_loopback_data_dma/obj/driver/chip/mt2523/src/hal_pdma_internal.o
                0x100017e8                g_gdma_callback
 .bss.g_vdma_callback
                0x100017f0       0x50 ../../../../../out/mt2523_hdk/uart_loopback_data_dma/obj/driver/chip/mt2523/src/hal_pdma_internal.o
 .bss.count.7059
                0x10001840        0x4 ../../../../../out/mt2523_hdk/uart_loopback_data_dma/obj/driver/chip/mt2523/src/hal_pdma_internal.o
 .bss.g_pdma_callback
                0x10001844       0x30 ../../../../../out/mt2523_hdk/uart_loopback_data_dma/obj/driver/chip/mt2523/src/hal_pdma_internal.o
 .bss.g_uart_callback
                0x10001874       0x20 ../../../../../out/mt2523_hdk/uart_loopback_data_dma/obj/driver/chip/mt2523/src/hal_uart.o
 .bss.g_uart_hwstatus
                0x10001894        0x4 ../../../../../out/mt2523_hdk/uart_loopback_data_dma/obj/driver/chip/mt2523/src/hal_uart.o
 .bss.g_uart_global_data_initialized
                0x10001898        0x1 ../../../../../out/mt2523_hdk/uart_loopback_data_dma/obj/driver/chip/mt2523/src/hal_uart.o
 .bss.g_uart_dma_callback_data
                0x10001899       0x10 ../../../../../out/mt2523_hdk/uart_loopback_data_dma/obj/driver/chip/mt2523/src/hal_uart.o
 *fill*         0x100018a9        0x3 
 .bss.g_uart_dma_config
                0x100018ac       0x70 ../../../../../out/mt2523_hdk/uart_loopback_data_dma/obj/driver/chip/mt2523/src/hal_uart.o
 .bss.priority_set.7480
                0x1000191c        0x4 ../../../../../out/mt2523_hdk/uart_loopback_data_dma/obj/driver/chip/mt2523/src/hal_nvic.o
 .bss.nvic_function_table
                0x10001920      0x200 ../../../../../out/mt2523_hdk/uart_loopback_data_dma/obj/driver/chip/mt2523/src/hal_nvic.o
                0x10001920                nvic_function_table
 .bss.sf_dal_flash_return_ready_max
                0x10001b20        0x4 ../../../../../out/mt2523_hdk/uart_loopback_data_dma/obj/driver/chip/mt2523/src/hal_flash_mtd_dal.o
                0x10001b20                sf_dal_flash_return_ready_max
 .bss.tmp_data_buffer
                0x10001b24       0x80 ../../../../../out/mt2523_hdk/uart_loopback_data_dma/obj/driver/chip/mt2523/src/hal_flash_mtd_dal.o
 .bss.NORFlashMtd
                0x10001ba4       0x3c ../../../../../out/mt2523_hdk/uart_loopback_data_dma/obj/driver/chip/mt2523/src/hal_flash_combo_nor.o
                0x10001ba4                NORFlashMtd
 .bss.BankInfo  0x10001be0       0x40 ../../../../../out/mt2523_hdk/uart_loopback_data_dma/obj/driver/chip/mt2523/src/hal_flash_combo_nor.o
 .bss.BlockLayout
                0x10001c20        0x4 ../../../../../out/mt2523_hdk/uart_loopback_data_dma/obj/driver/chip/mt2523/src/hal_flash_combo_nor.o
 .bss.nor_list  0x10001c24        0x4 ../../../../../out/mt2523_hdk/uart_loopback_data_dma/obj/driver/chip/mt2523/src/hal_flash_combo_nor.o
 .bss.sf_dal_data_cmd
                0x10001c28       0x19 ../../../../../out/mt2523_hdk/uart_loopback_data_dma/obj/driver/chip/mt2523/src/hal_flash_combo_nor.o
                0x10001c28                sf_dal_data_cmd
 *fill*         0x10001c41        0x3 
 .bss.cmem_nor_index
                0x10001c44        0x4 ../../../../../out/mt2523_hdk/uart_loopback_data_dma/obj/driver/chip/mt2523/src/hal_flash_combo_nor.o
 .bss.EntireDiskDriveData
                0x10001c48       0x84 ../../../../../out/mt2523_hdk/uart_loopback_data_dma/obj/driver/chip/mt2523/src/hal_flash_combo_nor.o
                0x10001c48                EntireDiskDriveData
 .bss.StatusMap
                0x10001ccc        0x8 ../../../../../out/mt2523_hdk/uart_loopback_data_dma/obj/driver/chip/mt2523/src/hal_flash_combo_nor.o
                0x10001ccc                StatusMap
 .bss.EntireDiskRegionInfo
                0x10001cd4       0x40 ../../../../../out/mt2523_hdk/uart_loopback_data_dma/obj/driver/chip/mt2523/src/hal_flash_combo_nor.o
 .bss.EntireDiskMtdData
                0x10001d14       0xe4 ../../../../../out/mt2523_hdk/uart_loopback_data_dma/obj/driver/chip/mt2523/src/hal_flash_combo_nor.o
                0x10001d14                EntireDiskMtdData
 .bss.PAGE_BUFFER_SIZE
                0x10001df8        0x4 ../../../../../out/mt2523_hdk/uart_loopback_data_dma/obj/driver/chip/mt2523/src/hal_flash_combo_nor.o
                0x10001df8                PAGE_BUFFER_SIZE
 .bss.cmem_id   0x10001dfc        0x4 ../../../../../out/mt2523_hdk/uart_loopback_data_dma/obj/driver/chip/mt2523/src/hal_flash_combo_nor.o
                0x10001dfc                cmem_id
 .bss.NOR_FLASH_BUSY
                0x10001e00        0x1 ../../../../../out/mt2523_hdk/uart_loopback_data_dma/obj/driver/chip/mt2523/src/hal_flash_mtd.o
                0x10001e00                NOR_FLASH_BUSY
 *fill*         0x10001e01        0x3 
 .bss.replaced.6510
                0x10001e04        0x4 ../../../../../out/mt2523_hdk/uart_loopback_data_dma/obj/driver/chip/mt2523/src/hal_flash_mtd.o
 .bss.NOR_FLASH_SUSPENDED
                0x10001e08        0x1 ../../../../../out/mt2523_hdk/uart_loopback_data_dma/obj/driver/chip/mt2523/src/hal_flash_mtd.o
                0x10001e08                NOR_FLASH_SUSPENDED
 *fill*         0x10001e09        0x3 
 .bss.look_up_miss.6512
                0x10001e0c        0x4 ../../../../../out/mt2523_hdk/uart_loopback_data_dma/obj/driver/chip/mt2523/src/hal_flash_mtd.o
 .bss.gNOR_ReturnReadyBegin
                0x10001e10        0x4 ../../../../../out/mt2523_hdk/uart_loopback_data_dma/obj/driver/chip/mt2523/src/hal_flash_mtd.o
                0x10001e10                gNOR_ReturnReadyBegin
 .bss.look_up_hit.6511
                0x10001e14        0x4 ../../../../../out/mt2523_hdk/uart_loopback_data_dma/obj/driver/chip/mt2523/src/hal_flash_mtd.o
 .bss.g_uart_receive_event
                0x10001e18        0x1 ../../../../../out/mt2523_hdk/uart_loopback_data_dma/obj/project/mt2523_hdk/hal_examples/uart_loopback_data_dma/src/main.o
 *fill*         0x10001e19        0x3 
 .bss.heap_end.3990
                0x10001e1c        0x4 ../../../../../out/mt2523_hdk/uart_loopback_data_dma/obj/project/mt2523_hdk/hal_examples/uart_loopback_data_dma/GCC/syscalls.o
 .bss.SystemCoreClock
                0x10001e20        0x4 ../../../../../out/mt2523_hdk/uart_loopback_data_dma/obj/project/mt2523_hdk/hal_examples/uart_loopback_data_dma/src/system_mt2523.o
                0x10001e20                SystemCoreClock
 .bss.__malloc_sbrk_start
                0x10001e24        0x4 /opt/gcc-arm-none-eabi-4_8-2014-q3/bin/../lib/gcc/arm-none-eabi/4.8.4/../../../../arm-none-eabi/lib/armv7e-m/fpu/libc_s.a(lib_a-nano-mallocr.o)
                0x10001e24                __malloc_sbrk_start
 .bss.__malloc_free_list
                0x10001e28        0x4 /opt/gcc-arm-none-eabi-4_8-2014-q3/bin/../lib/gcc/arm-none-eabi/4.8.4/../../../../arm-none-eabi/lib/armv7e-m/fpu/libc_s.a(lib_a-nano-mallocr.o)
                0x10001e28                __malloc_free_list
 *(COMMON)
 COMMON         0x10001e2c        0x4 /opt/gcc-arm-none-eabi-4_8-2014-q3/bin/../lib/gcc/arm-none-eabi/4.8.4/../../../../arm-none-eabi/lib/armv7e-m/fpu/libc_s.a(lib_a-reent.o)
                0x10001e2c                errno
                0x10001e30                . = ALIGN (0x4)
                0x10001e30                _bss_end = .
                0x10001e30                __bss_end__ = .
                0x10001e30                Image$$CACHED_DATA$$ZI$$Limit = .
                0x00000001                ASSERT ((_bss_end <= (ORIGIN (VRAM) + 0x400000)), RAM expired)
                0x10001e30                . = ALIGN (0x4)
                0x08015360                _tcm_text_load = LOADADDR (.tcm)

.tcm            0x04008000     0x2c9c load address 0x08015360
                0x04008000                _tcm_text_start = .
                0x04008000                Image$$TCM$$RO$$Base = .
 *(.tcm_code)
 .tcm_code      0x04008000      0x130 ../../../../../out/mt2523_hdk/uart_loopback_data_dma/obj/driver/chip/mt2523/src/hal_cache.o
                0x04008000                hal_cache_invalidate_one_cache_line
                0x04008034                hal_cache_invalidate_multiple_cache_lines
                0x04008068                hal_cache_invalidate_all_cache_lines
                0x040080a0                hal_cache_flush_one_cache_line
                0x040080d4                hal_cache_flush_multiple_cache_lines
                0x04008108                hal_cache_flush_all_cache_lines
 .tcm_code      0x04008130       0xf0 ../../../../../out/mt2523_hdk/uart_loopback_data_dma/obj/driver/chip/mt2523/src/hal_gpt.o
                0x04008130                hal_gpt_get_free_run_count
                0x04008198                hal_gpt_get_duration_count
                0x040081a8                hal_gpt_delay_ms
                0x040081e4                hal_gpt_delay_us
 .tcm_code      0x04008220      0x134 ../../../../../out/mt2523_hdk/uart_loopback_data_dma/obj/driver/chip/mt2523/src/hal_gpt_internal.o
                0x04008220                gpt_calibrate_algorithm
                0x04008246                gpt_current_count
                0x0400824a                gpt_convert_ms_to_32k_count
                0x04008272                gpt_get_lfosc_clock
                0x040082b4                gpt_open_clock_source
                0x040082ca                gpt_clock_calibrate_us_to_count
                0x040082f4                gpt_clock_calibrate_count_to_us
                0x0400831c                gpt_start_free_run_timer
                0x04008332                gpt_delay_time
 .tcm_code      0x04008354       0x58 ../../../../../out/mt2523_hdk/uart_loopback_data_dma/obj/driver/chip/mt2523/src/hal_nvic.o
                0x04008354                isrC_main
 .tcm_code      0x040083ac       0x22 ../../../../../out/mt2523_hdk/uart_loopback_data_dma/obj/driver/chip/mt2523/src/hal_nvic_internal.o
                0x040083ac                save_and_set_interrupt_mask
                0x040083c0                restore_interrupt_mask
 *fill*         0x040083ce        0x2 
 .tcm_code      0x040083d0      0x1b0 ../../../../../out/mt2523_hdk/uart_loopback_data_dma/obj/driver/chip/mt2523/src/hal_flash_mtd_common.o
                0x040083d0                SFI_MacEnable
                0x0400842c                SFI_MacLeave
                0x0400846c                SFI_MacTrigger
                0x04008494                SFI_MacWaitReady
                0x040084a6                SFI_Dev_Command
                0x040084e4                SF_DAL_DEV_Leave_DPD
                0x0400852c                SF_DAL_DEV_SWITCH_TO_LOW_FQ
                0x0400855c                SF_DAL_DEV_SWITCH_TO_HIGH_FQ
 .tcm_code      0x04008580      0x5e8 ../../../../../out/mt2523_hdk/uart_loopback_data_dma/obj/driver/chip/mt2523/src/hal_emi.o
                0x04008580                __EMI_GetSR
                0x040085ac                __EMI_SetSR
                0x040085d8                __EMI_SetRegValfromCMCP
                0x0400861c                __EMI_EnableBandwidthLimiter
                0x04008640                TestCase_MBIST
                0x040086f0                __EMI_DataAutoTrackingMbistTest
                0x04008700                __EMI_EnableDataAutoTracking
                0x04008758                EMI_PowerOn_Init
                0x040087f0                custom_setEMI
                0x0400881c                custom_setAdvEMI
                0x040088b8                EMI_Setting_Save
                0x04008964                EMI_Setting_restore
                0x04008a14                mtk_psram_half_sleep_exit
                0x04008a8c                mtk_psram_half_sleep_enter
                0x04008adc                EMI_DynamicClockSwitch
                0x04008b40                emi_mask_master
                0x04008b54                emi_unmask_master
 .tcm_code      0x04008b68       0x18 ../../../../../out/mt2523_hdk/uart_loopback_data_dma/obj/driver/chip/mt2523/src/hal_clock_internal.o
                0x04008b68                is_clk_use_lfosc
                0x04008b6c                is_clk_use_mpll
                0x04008b70                cm_bus_clk_208m
                0x04008b74                cm_bus_clk_104m
                0x04008b78                cm_bus_clk_26m
                0x04008b7c                peri_clk_26m
 .tcm_code      0x04008b80     0x1784 ../../../../../prebuilt/driver/chip/mt2523/lib/libhal_core_CM4_GCC.a(hal_clock.o)
                0x04008bc8                general_clock_get_state_op
                0x04009228                pll_init
                0x04009244                hal_clock_enable_upll
                0x04009268                hal_clock_disable_upll
                0x0400928c                hal_clock_enable_mpll
                0x040092b0                hal_clock_disable_mpll
                0x040092d4                clock_src_sel_init
                0x040092fc                clock_source_set
                0x0400931c                clock_source_clear
                0x0400933c                clock_div_enable
                0x0400935c                clock_div_disable
                0x0400937c                clock_change_bit_set
                0x040093b8                clock_change_bit_verified_all
                0x04009404                clock_mux_sel
                0x04009434                clock_mux_get_state
                0x04009464                clock_mux_init
                0x040094f0                cg_init
                0x040095d8                hal_clock_force_disable
                0x04009618                hal_clock_enable
                0x0400961c                hal_clock_disable
                0x04009620                hal_clock_is_enabled
                0x04009658                clock_pre_on
                0x0400965e                clock_all_on
                0x0400968c                clock_all_off
                0x040096bc                clock_get_freq_meter
                0x0400973c                freq_monitor
                0x04009744                cm_bus_clk_208m_mpll_mpll
                0x04009898                cm_bus_clk_104m_mpll_mpll
                0x040099dc                cm_bus_clk_208m_mpll_hfosc
                0x04009b30                cm_bus_clk_104m_hfosc_hfosc
                0x04009ca4                cm_bus_clk_26m_lfosc_lfosc
                0x04009e40                peri_26m_lfosc
                0x04009e92                cm_bus_clk_26m_dcxo_dcxo
                0x0400a01c                peri_26m_dcxo
                0x0400a06e                clock_suspend
                0x0400a08c                clock_resume
                0x0400a0ac                lfosc_cali_ft_set_offset
                0x0400a104                clock_dump_log
                0x0400a240                clock_dump_info
                0x0400a2b4                clk_init
                0x0400a2f8                hal_clock_init
 *fill*         0x0400a304        0x4 
 .tcm_code.__stub
                0x0400a308       0x70 linker stubs
 *(.tcm_rodata)
 .tcm_rodata    0x0400a378       0x14 ../../../../../prebuilt/driver/chip/mt2523/lib/libhal_core_CM4_GCC.a(hal_clock.o)
                0x0400a38c                Image$$TCM$$RO$$Limit = .
                0x0400a38c                Image$$TCM$$RW$$Base = .
 *(.tcm_rwdata)
 .tcm_rwdata    0x0400a38c       0x1c ../../../../../out/mt2523_hdk/uart_loopback_data_dma/obj/driver/chip/mt2523/src/hal_gpt_internal.o
                0x0400a390                gp_gpt
 .tcm_rwdata    0x0400a3a8       0x28 ../../../../../out/mt2523_hdk/uart_loopback_data_dma/obj/driver/chip/mt2523/src/hal_flash_mtd_common.o
                0x0400a3a8                NOR_FLASH_LeaveDPDCmd
                0x0400a3ac                NOR_FLASH_FATStartAddr
                0x0400a3b0                NOR_FLASH_FATStartValue
                0x0400a3b4                SFI_MAC_CTL_BACKUP
                0x0400a3b8                SFI_DIRECT_CTL_BACKUP
                0x0400a3bc                SFI_MISC_CTL_BACKUP
                0x0400a3c0                SFI_MISC_CTL2_BACKUP
                0x0400a3c4                SFI_DLY_CTL_3_BACKUP
                0x0400a3c8                SFI_CLK_SWITCH_MISC_CTL_BACKUP
                0x0400a3cc                SFI_CLK_SWITCH_DLY_CTL_3_BACKUP
 .tcm_rwdata    0x0400a3d0        0x1 ../../../../../out/mt2523_hdk/uart_loopback_data_dma/obj/driver/chip/mt2523/src/hal_flash_disk.o
 *fill*         0x0400a3d1        0x3 
 .tcm_rwdata    0x0400a3d4       0x48 ../../../../../out/mt2523_hdk/uart_loopback_data_dma/obj/driver/chip/mt2523/src/hal_emi.o
                0x0400a3d4                emi_register
                0x0400a3d8                emi_settings
                0x0400a40c                __EMI_CurSR0
                0x0400a410                __EMI_CurSR1
                0x0400a414                __EMI_CurSR2
                0x0400a418                dvfs_dma_runing_status
 .tcm_rwdata    0x0400a41c        0x1 ../../../../../out/mt2523_hdk/uart_loopback_data_dma/obj/driver/chip/mt2523/src/hal_clock_internal.o
                0x0400a41c                cm_freq_state
 *fill*         0x0400a41d        0x3 
 .tcm_rwdata    0x0400a420      0x87c ../../../../../prebuilt/driver/chip/mt2523/lib/libhal_core_CM4_GCC.a(hal_clock.o)
                0x0400a98c                clock_initialized
                0x0400ac48                clock_dfs_initialized
                0x0400ac4c                lfosc_freq
                0x0400ac9c                Image$$TCM$$RW$$Limit = .
                0x0400ac9c                _tcm_text_end = .
                0x0400ac9c                . = ALIGN (0x4)

.tcm_bss        0x0400ac9c      0xa68 load address 0x08017ffc
                0x0400ac9c                _tcm_zi_start = .
                0x0400ac9c                Image$$TCM$$ZI$$Base = .
 *(.tcm_zidata)
 .tcm_zidata    0x0400ac9c       0x64 ../../../../../out/mt2523_hdk/uart_loopback_data_dma/obj/driver/chip/mt2523/src/hal_gpt_internal.o
                0x0400ac9c                gpt_clock_source
                0x0400aca0                g_gpt_context
 .tcm_zidata    0x0400ad00      0x380 ../../../../../out/mt2523_hdk/uart_loopback_data_dma/obj/driver/chip/mt2523/src/hal_emi.o
                0x0400ad00                EMI_GENA_VAL
                0x0400ad04                EMI_RDCT_VAL
                0x0400ad08                EMI_DSRAM_VAL
                0x0400ad0c                EMI_MSRAM_VAL
                0x0400ad10                EMI_IDL_C_VAL
                0x0400ad14                EMI_IDL_D_VAL
                0x0400ad18                EMI_IDL_E_VAL
                0x0400ad1c                EMI_ODL_C_VAL
                0x0400ad20                EMI_ODL_D_VAL
                0x0400ad24                EMI_ODL_E_VAL
                0x0400ad28                EMI_ODL_F_VAL
                0x0400ad2c                EMI_IO_A_VAL
                0x0400ad30                EMI_IO_B_VAL
                0x0400ad34                emi_register_backup
 .tcm_zidata    0x0400b080      0x684 ../../../../../prebuilt/driver/chip/mt2523/lib/libhal_core_CM4_GCC.a(hal_clock.o)
                0x0400b704                _tcm_zi_end = .
                0x0400b704                Image$$TCM$$ZI$$Limit = .

.stack          0x0400b704     0x1000 load address 0x08017ffc
                0x0400b704                . = ALIGN (0x4)
                0x0400b704                PROVIDE (end, .)
                0x0400b704                PROVIDE (_end, .)
                0x0400c704                . = (. + _stack_size)
 *fill*         0x0400b704     0x1000 
                0x0400c704                . = ALIGN (0x4)
                0x04027000                Image$$STACK$$ZI$$Base = (_stack_end - _stack_size)
                0x04028000                Image$$STACK$$ZI$$Limit = _stack_end
                0x08000000                Image$$FLASH_CODE$$ZI$$Base = ORIGIN (ROM_BL)
                0x083e0000                Image$$FLASH_CODE$$ZI$$Limit = ((ORIGIN (ROM_BL) + 0x10000) + 0x3d0000)
                0x003e0000                Image$$FLASH_CODE$$ZI$$Length = 0x3e0000
                0x08013d94                Load$$RAM_TEXT$$Base = LOADADDR (.ram_text)
                0x080151ec                Load$$NONCACHED_DATA$$Base = LOADADDR (.noncached_data)
                0x080151ec                Load$$CACHED_DATA$$Base = LOADADDR (.cached_data)
                0x08015360                Load$$TCM$$Base = LOADADDR (.tcm)
                0x083e0000                Image$$NVDM$$ZI$$Base = ORIGIN (ROM_NVDM_RESERVED)
                0x00010000                Image$$NVDM$$ZI$$Length = 0x10000
                0x083f0000                Image$$EPO$$ZI$$Base = ORIGIN (ROM_EPO_RESERVED)
                0x00010000                Image$$EPO$$ZI$$Length = 0x10000
START GROUP
LOAD ../../../../../out/mt2523_hdk/uart_loopback_data_dma/obj/driver/chip/mt2523/src/hal_accdet.o
LOAD ../../../../../out/mt2523_hdk/uart_loopback_data_dma/obj/driver/chip/mt2523/src/hal_accdet_internal.o
LOAD ../../../../../out/mt2523_hdk/uart_loopback_data_dma/obj/driver/chip/mt2523/src/hal_adc.o
LOAD ../../../../../out/mt2523_hdk/uart_loopback_data_dma/obj/driver/chip/mt2523/src/hal_dac.o
LOAD ../../../../../out/mt2523_hdk/uart_loopback_data_dma/obj/driver/chip/mt2523/src/hal_cache.o
LOAD ../../../../../out/mt2523_hdk/uart_loopback_data_dma/obj/driver/chip/mt2523/src/hal_cache_internal.o
LOAD ../../../../../out/mt2523_hdk/uart_loopback_data_dma/obj/driver/chip/mt2523/src/hal_mpu.o
LOAD ../../../../../out/mt2523_hdk/uart_loopback_data_dma/obj/driver/chip/mt2523/src/hal_mpu_internal.o
LOAD ../../../../../out/mt2523_hdk/uart_loopback_data_dma/obj/driver/chip/mt2523/src/hal_dcm.o
LOAD ../../../../../out/mt2523_hdk/uart_loopback_data_dma/obj/driver/chip/mt2523/src/hal_i2s.o
LOAD ../../../../../out/mt2523_hdk/uart_loopback_data_dma/obj/driver/chip/mt2523/src/hal_i2s_internal.o
LOAD ../../../../../out/mt2523_hdk/uart_loopback_data_dma/obj/driver/chip/mt2523/src/hal_i2s_internal_pcm_route.o
LOAD ../../../../../out/mt2523_hdk/uart_loopback_data_dma/obj/driver/chip/mt2523/src/hal_audio_low_power.o
LOAD ../../../../../out/mt2523_hdk/uart_loopback_data_dma/obj/driver/chip/mt2523/src/hal_audio.o
LOAD ../../../../../out/mt2523_hdk/uart_loopback_data_dma/obj/driver/chip/mt2523/src/hal_audio_custom.o
LOAD ../../../../../out/mt2523_hdk/uart_loopback_data_dma/obj/driver/chip/mt2523/src/hal_audio_test.o
LOAD ../../../../../out/mt2523_hdk/uart_loopback_data_dma/obj/driver/chip/mt2523/src/hal_audio_internal_pcm2way.o
LOAD ../../../../../out/mt2523_hdk/uart_loopback_data_dma/obj/driver/chip/mt2523/src/hal_audio_internal_service.o
LOAD ../../../../../out/mt2523_hdk/uart_loopback_data_dma/obj/driver/chip/mt2523/src/hal_audio_internal_afe.o
LOAD ../../../../../out/mt2523_hdk/uart_loopback_data_dma/obj/driver/chip/mt2523/src/hal_audio_internal_pcm.o
LOAD ../../../../../out/mt2523_hdk/uart_loopback_data_dma/obj/driver/chip/mt2523/src/hal_audio_enhancement.o
LOAD ../../../../../out/mt2523_hdk/uart_loopback_data_dma/obj/driver/chip/mt2523/src/hal_audio_internal_vm.o
LOAD ../../../../../out/mt2523_hdk/uart_loopback_data_dma/obj/driver/chip/mt2523/src/hal_audio_post_processing.o
LOAD ../../../../../out/mt2523_hdk/uart_loopback_data_dma/obj/driver/chip/mt2523/src/hal_audio_fw_interface.o
LOAD ../../../../../out/mt2523_hdk/uart_loopback_data_dma/obj/driver/chip/mt2523/src/hal_audio_fw_slt.o
LOAD ../../../../../out/mt2523_hdk/uart_loopback_data_dma/obj/driver/chip/mt2523/src/hal_g2d.o
LOAD ../../../../../out/mt2523_hdk/uart_loopback_data_dma/obj/driver/chip/mt2523/src/hal_gpt.o
LOAD ../../../../../out/mt2523_hdk/uart_loopback_data_dma/obj/driver/chip/mt2523/src/hal_gpt_internal.o
LOAD ../../../../../out/mt2523_hdk/uart_loopback_data_dma/obj/driver/chip/mt2523/src/hal_keypad.o
LOAD ../../../../../out/mt2523_hdk/uart_loopback_data_dma/obj/driver/chip/mt2523/src/hal_keypad_internal.o
LOAD ../../../../../out/mt2523_hdk/uart_loopback_data_dma/obj/driver/chip/mt2523/src/hal_keypad_powerkey_internal.o
LOAD ../../../../../out/mt2523_hdk/uart_loopback_data_dma/obj/driver/chip/mt2523/src/hal_gdma.o
LOAD ../../../../../out/mt2523_hdk/uart_loopback_data_dma/obj/driver/chip/mt2523/src/hal_pdma_internal.o
LOAD ../../../../../out/mt2523_hdk/uart_loopback_data_dma/obj/driver/chip/mt2523/src/hal_pwm.o
LOAD ../../../../../out/mt2523_hdk/uart_loopback_data_dma/obj/driver/chip/mt2523/src/hal_gdma_internal.o
LOAD ../../../../../out/mt2523_hdk/uart_loopback_data_dma/obj/driver/chip/mt2523/src/hal_trng.o
LOAD ../../../../../out/mt2523_hdk/uart_loopback_data_dma/obj/driver/chip/mt2523/src/hal_trng_internal.o
LOAD ../../../../../out/mt2523_hdk/uart_loopback_data_dma/obj/driver/chip/mt2523/src/hal_gpio.o
LOAD ../../../../../out/mt2523_hdk/uart_loopback_data_dma/obj/driver/chip/mt2523/src/hal_uart.o
LOAD ../../../../../out/mt2523_hdk/uart_loopback_data_dma/obj/driver/chip/mt2523/src/hal_uart_internal.o
LOAD ../../../../../out/mt2523_hdk/uart_loopback_data_dma/obj/driver/chip/mt2523/src/hal_uart_internal_platform.o
LOAD ../../../../../out/mt2523_hdk/uart_loopback_data_dma/obj/driver/chip/mt2523/src/hal_spi_master.o
LOAD ../../../../../out/mt2523_hdk/uart_loopback_data_dma/obj/driver/chip/mt2523/src/hal_spi_master_internal.o
LOAD ../../../../../out/mt2523_hdk/uart_loopback_data_dma/obj/driver/chip/mt2523/src/hal_spi_slave.o
LOAD ../../../../../out/mt2523_hdk/uart_loopback_data_dma/obj/driver/chip/mt2523/src/hal_spi_slave_internal.o
LOAD ../../../../../out/mt2523_hdk/uart_loopback_data_dma/obj/driver/chip/mt2523/src/hal_i2c_master.o
LOAD ../../../../../out/mt2523_hdk/uart_loopback_data_dma/obj/driver/chip/mt2523/src/hal_i2c_master_internal.o
LOAD ../../../../../out/mt2523_hdk/uart_loopback_data_dma/obj/driver/chip/mt2523/src/hal_i2c_pmic.o
LOAD ../../../../../out/mt2523_hdk/uart_loopback_data_dma/obj/driver/chip/mt2523/src/hal_wdt.o
LOAD ../../../../../out/mt2523_hdk/uart_loopback_data_dma/obj/driver/chip/mt2523/src/hal_wdt_internal.o
LOAD ../../../../../out/mt2523_hdk/uart_loopback_data_dma/obj/driver/chip/mt2523/src/hal_wdt_retention.o
LOAD ../../../../../out/mt2523_hdk/uart_loopback_data_dma/obj/driver/chip/mt2523/src/hal_eint.o
LOAD ../../../../../out/mt2523_hdk/uart_loopback_data_dma/obj/driver/chip/mt2523/src/hal_eint_internal.o
LOAD ../../../../../out/mt2523_hdk/uart_loopback_data_dma/obj/driver/chip/mt2523/src/hal_nvic.o
LOAD ../../../../../out/mt2523_hdk/uart_loopback_data_dma/obj/driver/chip/mt2523/src/hal_nvic_internal.o
LOAD ../../../../../out/mt2523_hdk/uart_loopback_data_dma/obj/driver/chip/mt2523/src/hal_aes.o
LOAD ../../../../../out/mt2523_hdk/uart_loopback_data_dma/obj/driver/chip/mt2523/src/hal_sd.o
LOAD ../../../../../out/mt2523_hdk/uart_loopback_data_dma/obj/driver/chip/mt2523/src/hal_sd_internal.o
LOAD ../../../../../out/mt2523_hdk/uart_loopback_data_dma/obj/driver/chip/mt2523/src/hal_sdio.o
LOAD ../../../../../out/mt2523_hdk/uart_loopback_data_dma/obj/driver/chip/mt2523/src/hal_sdio_internal.o
LOAD ../../../../../out/mt2523_hdk/uart_loopback_data_dma/obj/driver/chip/mt2523/src/hal_msdc.o
LOAD ../../../../../out/mt2523_hdk/uart_loopback_data_dma/obj/driver/chip/mt2523/src/hal_rtc.o
LOAD ../../../../../out/mt2523_hdk/uart_loopback_data_dma/obj/driver/chip/mt2523/src/hal_flash_mtd_common.o
LOAD ../../../../../out/mt2523_hdk/uart_loopback_data_dma/obj/driver/chip/mt2523/src/hal_flash_mtd_dal.o
LOAD ../../../../../out/mt2523_hdk/uart_loopback_data_dma/obj/driver/chip/mt2523/src/hal_flash_custom_sfi.o
LOAD ../../../../../out/mt2523_hdk/uart_loopback_data_dma/obj/driver/chip/mt2523/src/hal_flash_combo_init.o
LOAD ../../../../../out/mt2523_hdk/uart_loopback_data_dma/obj/driver/chip/mt2523/src/hal_flash_cfi.o
LOAD ../../../../../out/mt2523_hdk/uart_loopback_data_dma/obj/driver/chip/mt2523/src/hal_flash_custom.o
LOAD ../../../../../out/mt2523_hdk/uart_loopback_data_dma/obj/driver/chip/mt2523/src/hal_flash_combo_nor.o
LOAD ../../../../../out/mt2523_hdk/uart_loopback_data_dma/obj/driver/chip/mt2523/src/hal_flash_disk.o
LOAD ../../../../../out/mt2523_hdk/uart_loopback_data_dma/obj/driver/chip/mt2523/src/hal_flash_mtd.o
LOAD ../../../../../out/mt2523_hdk/uart_loopback_data_dma/obj/driver/chip/mt2523/src/hal_pmu.o
LOAD ../../../../../out/mt2523_hdk/uart_loopback_data_dma/obj/driver/chip/mt2523/src/hal_pmu_auxadc.o
LOAD ../../../../../out/mt2523_hdk/uart_loopback_data_dma/obj/driver/chip/mt2523/src/hal_pmu_wrap_interface.o
LOAD ../../../../../out/mt2523_hdk/uart_loopback_data_dma/obj/driver/chip/mt2523/src/hal_charger.o
LOAD ../../../../../out/mt2523_hdk/uart_loopback_data_dma/obj/driver/chip/mt2523/src/hal_log.o
LOAD ../../../../../out/mt2523_hdk/uart_loopback_data_dma/obj/driver/chip/mt2523/src/hal_dcxo.o
LOAD ../../../../../out/mt2523_hdk/uart_loopback_data_dma/obj/driver/chip/mt2523/src/hal_bsi.o
LOAD ../../../../../out/mt2523_hdk/uart_loopback_data_dma/obj/driver/chip/mt2523/src/hal_isink.o
LOAD ../../../../../out/mt2523_hdk/uart_loopback_data_dma/obj/driver/chip/mt2523/src/hal_pmu_internal.o
LOAD ../../../../../out/mt2523_hdk/uart_loopback_data_dma/obj/driver/chip/mt2523/src/hal_emi.o
LOAD ../../../../../out/mt2523_hdk/uart_loopback_data_dma/obj/driver/chip/mt2523/src/hal_usb.o
LOAD ../../../../../out/mt2523_hdk/uart_loopback_data_dma/obj/driver/chip/mt2523/src/hal_usb_phy.o
LOAD ../../../../../out/mt2523_hdk/uart_loopback_data_dma/obj/driver/chip/mt2523/src/hal_dvfs.o
LOAD ../../../../../out/mt2523_hdk/uart_loopback_data_dma/obj/driver/chip/mt2523/src/hal_dvfs_internal.o
LOAD ../../../../../out/mt2523_hdk/uart_loopback_data_dma/obj/driver/chip/mt2523/src/hal_dvfs_internal_vcore.o
LOAD ../../../../../out/mt2523_hdk/uart_loopback_data_dma/obj/driver/chip/mt2523/src/hal_misc.o
LOAD ../../../../../out/mt2523_hdk/uart_loopback_data_dma/obj/driver/chip/mt2523/src/hal_display_lcd.o
LOAD ../../../../../out/mt2523_hdk/uart_loopback_data_dma/obj/driver/chip/mt2523/src/hal_display_lcd_internal.o
LOAD ../../../../../out/mt2523_hdk/uart_loopback_data_dma/obj/driver/chip/mt2523/src/hal_display_color.o
LOAD ../../../../../out/mt2523_hdk/uart_loopback_data_dma/obj/driver/chip/mt2523/src/hal_display_color_internal.o
LOAD ../../../../../out/mt2523_hdk/uart_loopback_data_dma/obj/driver/chip/mt2523/src/hal_display_pwm.o
LOAD ../../../../../out/mt2523_hdk/uart_loopback_data_dma/obj/driver/chip/mt2523/src/hal_display_pwm_internal.o
LOAD ../../../../../out/mt2523_hdk/uart_loopback_data_dma/obj/driver/chip/mt2523/src/hal_display_dsi.o
LOAD ../../../../../out/mt2523_hdk/uart_loopback_data_dma/obj/driver/chip/mt2523/src/hal_display_dsi_internal.o
LOAD ../../../../../out/mt2523_hdk/uart_loopback_data_dma/obj/driver/chip/mt2523/src/hal_weak.o
LOAD ../../../../../out/mt2523_hdk/uart_loopback_data_dma/obj/driver/chip/mt2523/src/hal_clock_internal.o
LOAD ../../../../../out/mt2523_hdk/uart_loopback_data_dma/obj/driver/chip/mt2523/src/hal_audio_ext.o
LOAD ../../../../../out/mt2523_hdk/uart_loopback_data_dma/obj/driver/chip/mt2523/src/hal_dwt.o
LOAD ../../../../../out/mt2523_hdk/uart_loopback_data_dma/obj/project/mt2523_hdk/hal_examples/uart_loopback_data_dma/src/main.o
LOAD ../../../../../out/mt2523_hdk/uart_loopback_data_dma/obj/project/mt2523_hdk/hal_examples/uart_loopback_data_dma/GCC/syscalls.o
LOAD ../../../../../out/mt2523_hdk/uart_loopback_data_dma/obj/project/mt2523_hdk/hal_examples/uart_loopback_data_dma/src/system_mt2523.o
LOAD ../../../../../out/mt2523_hdk/uart_loopback_data_dma/obj/project/mt2523_hdk/hal_examples/uart_loopback_data_dma/GCC/startup_mt2523.o
LOAD ../../../../../prebuilt/driver/chip/mt2523/lib/libcryptos_CM4_GCC.a
LOAD ../../../../../prebuilt/driver/chip/mt2523/lib/libhal_core_CM4_GCC.a
LOAD ../../../../../prebuilt/driver/chip/mt2523/lib/libhal_protected_CM4_GCC.a
LOAD ../../../../../out/mt2523_hdk/uart_loopback_data_dma/obj/middleware/MTK/verno/verno.o
END GROUP
LOAD /opt/gcc-arm-none-eabi-4_8-2014-q3/bin/../lib/gcc/arm-none-eabi/4.8.4/../../../../arm-none-eabi/lib/armv7e-m/fpu/libm.a
START GROUP
LOAD /opt/gcc-arm-none-eabi-4_8-2014-q3/bin/../lib/gcc/arm-none-eabi/4.8.4/armv7e-m/fpu/libgcc.a
LOAD /opt/gcc-arm-none-eabi-4_8-2014-q3/bin/../lib/gcc/arm-none-eabi/4.8.4/../../../../arm-none-eabi/lib/armv7e-m/fpu/libc_s.a
END GROUP
START GROUP
LOAD /opt/gcc-arm-none-eabi-4_8-2014-q3/bin/../lib/gcc/arm-none-eabi/4.8.4/armv7e-m/fpu/libgcc.a
LOAD /opt/gcc-arm-none-eabi-4_8-2014-q3/bin/../lib/gcc/arm-none-eabi/4.8.4/../../../../arm-none-eabi/lib/armv7e-m/fpu/libc_s.a
END GROUP
OUTPUT(../../../../../out/mt2523_hdk/uart_loopback_data_dma/uart_loopback_data_dma.elf elf32-littlearm)

.debug_info     0x00000000    0x1d35f
 .debug_info    0x00000000      0xc74 ../../../../../out/mt2523_hdk/uart_loopback_data_dma/obj/driver/chip/mt2523/src/hal_cache.o
 .debug_info    0x00000c74      0xdec ../../../../../out/mt2523_hdk/uart_loopback_data_dma/obj/driver/chip/mt2523/src/hal_gpt.o
 .debug_info    0x00001a60     0x10d3 ../../../../../out/mt2523_hdk/uart_loopback_data_dma/obj/driver/chip/mt2523/src/hal_gpt_internal.o
 .debug_info    0x00002b33     0x25f8 ../../../../../out/mt2523_hdk/uart_loopback_data_dma/obj/driver/chip/mt2523/src/hal_pdma_internal.o
 .debug_info    0x0000512b     0x1545 ../../../../../out/mt2523_hdk/uart_loopback_data_dma/obj/driver/chip/mt2523/src/hal_gpio.o
 .debug_info    0x00006670     0x26ad ../../../../../out/mt2523_hdk/uart_loopback_data_dma/obj/driver/chip/mt2523/src/hal_uart.o
 .debug_info    0x00008d1d      0x953 ../../../../../out/mt2523_hdk/uart_loopback_data_dma/obj/driver/chip/mt2523/src/hal_uart_internal.o
 .debug_info    0x00009670      0xa50 ../../../../../out/mt2523_hdk/uart_loopback_data_dma/obj/driver/chip/mt2523/src/hal_uart_internal_platform.o
 .debug_info    0x0000a0c0      0xc66 ../../../../../out/mt2523_hdk/uart_loopback_data_dma/obj/driver/chip/mt2523/src/hal_nvic.o