Archive member included because of file (symbol)

/opt/gcc-arm-none-eabi-4_8-2014-q3/bin/../lib/gcc/arm-none-eabi/4.8.4/../../../../arm-none-eabi/lib/armv7e-m/fpu/libc_s.a(lib_a-assert.o)
                              ../../../../../out/linkit7697_hdk/uart_loopback_data_dma/obj/driver/chip/mt7687/src/hal_cache.o (__assert_func)
/opt/gcc-arm-none-eabi-4_8-2014-q3/bin/../lib/gcc/arm-none-eabi/4.8.4/../../../../arm-none-eabi/lib/armv7e-m/fpu/libc_s.a(lib_a-fprintf.o)
                              /opt/gcc-arm-none-eabi-4_8-2014-q3/bin/../lib/gcc/arm-none-eabi/4.8.4/../../../../arm-none-eabi/lib/armv7e-m/fpu/libc_s.a(lib_a-assert.o) (fiprintf)
/opt/gcc-arm-none-eabi-4_8-2014-q3/bin/../lib/gcc/arm-none-eabi/4.8.4/../../../../arm-none-eabi/lib/armv7e-m/fpu/libc_s.a(lib_a-impure.o)
                              /opt/gcc-arm-none-eabi-4_8-2014-q3/bin/../lib/gcc/arm-none-eabi/4.8.4/../../../../arm-none-eabi/lib/armv7e-m/fpu/libc_s.a(lib_a-assert.o) (_impure_ptr)
/opt/gcc-arm-none-eabi-4_8-2014-q3/bin/../lib/gcc/arm-none-eabi/4.8.4/../../../../arm-none-eabi/lib/armv7e-m/fpu/libc_s.a(lib_a-memcpy-stub.o)
                              ../../../../../out/linkit7697_hdk/uart_loopback_data_dma/obj/driver/chip/mt7687/src/hal_uart.o (memcpy)
/opt/gcc-arm-none-eabi-4_8-2014-q3/bin/../lib/gcc/arm-none-eabi/4.8.4/../../../../arm-none-eabi/lib/armv7e-m/fpu/libc_s.a(lib_a-memset.o)
                              ../../../../../out/linkit7697_hdk/uart_loopback_data_dma/obj/driver/chip/mt7687/src/hal_gdma.o (memset)
/opt/gcc-arm-none-eabi-4_8-2014-q3/bin/../lib/gcc/arm-none-eabi/4.8.4/../../../../arm-none-eabi/lib/armv7e-m/fpu/libc_s.a(lib_a-printf.o)
                              ../../../../../out/linkit7697_hdk/uart_loopback_data_dma/obj/driver/chip/mt7687/src/common/dma.o (printf)
/opt/gcc-arm-none-eabi-4_8-2014-q3/bin/../lib/gcc/arm-none-eabi/4.8.4/../../../../arm-none-eabi/lib/armv7e-m/fpu/libc_s.a(lib_a-vfprintf.o)
                              /opt/gcc-arm-none-eabi-4_8-2014-q3/bin/../lib/gcc/arm-none-eabi/4.8.4/../../../../arm-none-eabi/lib/armv7e-m/fpu/libc_s.a(lib_a-fprintf.o) (_vfprintf_r)
/opt/gcc-arm-none-eabi-4_8-2014-q3/bin/../lib/gcc/arm-none-eabi/4.8.4/../../../../arm-none-eabi/lib/armv7e-m/fpu/libc_s.a(lib_a-vfprintf_i.o)
                              /opt/gcc-arm-none-eabi-4_8-2014-q3/bin/../lib/gcc/arm-none-eabi/4.8.4/../../../../arm-none-eabi/lib/armv7e-m/fpu/libc_s.a(lib_a-vfprintf.o) (_printf_i)
/opt/gcc-arm-none-eabi-4_8-2014-q3/bin/../lib/gcc/arm-none-eabi/4.8.4/../../../../arm-none-eabi/lib/armv7e-m/fpu/libc_s.a(lib_a-vprintf.o)
                              ../../../../../out/linkit7697_hdk/uart_loopback_data_dma/obj/driver/chip/mt7687/src/hal_log.o (vprintf)
/opt/gcc-arm-none-eabi-4_8-2014-q3/bin/../lib/gcc/arm-none-eabi/4.8.4/../../../../arm-none-eabi/lib/armv7e-m/fpu/libc_s.a(lib_a-wbuf.o)
                              /opt/gcc-arm-none-eabi-4_8-2014-q3/bin/../lib/gcc/arm-none-eabi/4.8.4/../../../../arm-none-eabi/lib/armv7e-m/fpu/libc_s.a(lib_a-vfprintf.o) (__swbuf_r)
/opt/gcc-arm-none-eabi-4_8-2014-q3/bin/../lib/gcc/arm-none-eabi/4.8.4/../../../../arm-none-eabi/lib/armv7e-m/fpu/libc_s.a(lib_a-wsetup.o)
                              /opt/gcc-arm-none-eabi-4_8-2014-q3/bin/../lib/gcc/arm-none-eabi/4.8.4/../../../../arm-none-eabi/lib/armv7e-m/fpu/libc_s.a(lib_a-vfprintf.o) (__swsetup_r)
/opt/gcc-arm-none-eabi-4_8-2014-q3/bin/../lib/gcc/arm-none-eabi/4.8.4/../../../../arm-none-eabi/lib/armv7e-m/fpu/libc_s.a(lib_a-abort.o)
                              /opt/gcc-arm-none-eabi-4_8-2014-q3/bin/../lib/gcc/arm-none-eabi/4.8.4/../../../../arm-none-eabi/lib/armv7e-m/fpu/libc_s.a(lib_a-assert.o) (abort)
/opt/gcc-arm-none-eabi-4_8-2014-q3/bin/../lib/gcc/arm-none-eabi/4.8.4/../../../../arm-none-eabi/lib/armv7e-m/fpu/libc_s.a(lib_a-fflush.o)
                              /opt/gcc-arm-none-eabi-4_8-2014-q3/bin/../lib/gcc/arm-none-eabi/4.8.4/../../../../arm-none-eabi/lib/armv7e-m/fpu/libc_s.a(lib_a-wbuf.o) (_fflush_r)
/opt/gcc-arm-none-eabi-4_8-2014-q3/bin/../lib/gcc/arm-none-eabi/4.8.4/../../../../arm-none-eabi/lib/armv7e-m/fpu/libc_s.a(lib_a-findfp.o)
                              /opt/gcc-arm-none-eabi-4_8-2014-q3/bin/../lib/gcc/arm-none-eabi/4.8.4/../../../../arm-none-eabi/lib/armv7e-m/fpu/libc_s.a(lib_a-printf.o) (__sinit)
/opt/gcc-arm-none-eabi-4_8-2014-q3/bin/../lib/gcc/arm-none-eabi/4.8.4/../../../../arm-none-eabi/lib/armv7e-m/fpu/libc_s.a(lib_a-fvwrite.o)
                              /opt/gcc-arm-none-eabi-4_8-2014-q3/bin/../lib/gcc/arm-none-eabi/4.8.4/../../../../arm-none-eabi/lib/armv7e-m/fpu/libc_s.a(lib_a-vfprintf.o) (__sfvwrite_r)
/opt/gcc-arm-none-eabi-4_8-2014-q3/bin/../lib/gcc/arm-none-eabi/4.8.4/../../../../arm-none-eabi/lib/armv7e-m/fpu/libc_s.a(lib_a-fwalk.o)
                              /opt/gcc-arm-none-eabi-4_8-2014-q3/bin/../lib/gcc/arm-none-eabi/4.8.4/../../../../arm-none-eabi/lib/armv7e-m/fpu/libc_s.a(lib_a-findfp.o) (_fwalk)
[...]
Memory Configuration

Name             Origin             Length             Attributes
ROM_CODE         0x00000000         0x00005000         axr
ROM_BL           0x10000000         0x00008000         axr
RESERVED         0x10008000         0x00008000         ar
N9_CODE          0x10010000         0x00069000         ar
XIP_CODE         0x10079000         0x001ed000         axr
ROM_FOTA         0x10266000         0x0018a000         ar
ROM_NVDM         0x103f0000         0x00010000         ar
TCMRAM           0x00100000         0x00010000         arw
SYSRAM           0x20000000         0x0003fc00         arw
*default*        0x00000000         0xffffffff

Linker script and memory map

LOAD /opt/gcc-arm-none-eabi-4_8-2014-q3/bin/../lib/gcc/arm-none-eabi/4.8.4/../../../../arm-none-eabi/lib/armv7e-m/fpu/libnosys.a
                0x10079000                __FLASH_segment_start__ = ORIGIN (XIP_CODE)
                0x10266000                __FLASH_segment_end__ = (__FLASH_segment_start__ + 0x1ed000)
                0x20000000                __SRAM_segment_start__ = ORIGIN (SYSRAM)
                0x2003fc00                __SRAM_segment_end__ = (__SRAM_segment_start__ + 0x3fc00)
                0x10079000                . = ORIGIN (XIP_CODE)

.text           0x10079000     0x2170
                0x10079000                _text_start = .
 *(.init)
 .init          0x10079000       0x90 ../../../../../out/linkit7697_hdk/uart_loopback_data_dma/obj/project/linkit7697_hdk/hal_examples/uart_loopback_data_dma/GCC/startup_mt7687.o
                0x10079000                Reset_Handler
 *(.fini)
 *(.text*)
 .text.DMA_ERROR_LISR
                0x10079090        0x2 ../../../../../out/linkit7697_hdk/uart_loopback_data_dma/obj/driver/chip/mt7687/src/common/dma.o
                0x10079090                DMA_ERROR_LISR
 *fill*         0x10079092        0x2 
 .text.DMA_Stop
                0x10079094       0x18 ../../../../../out/linkit7697_hdk/uart_loopback_data_dma/obj/driver/chip/mt7687/src/common/dma.o
                0x10079094                DMA_Stop
 .text.DMA_Vfifo_init
                0x100790ac      0x108 ../../../../../out/linkit7697_hdk/uart_loopback_data_dma/obj/driver/chip/mt7687/src/common/dma.o
                0x100790ac                DMA_Vfifo_init
 .text.DMA_Vfifo_SetAdrs
                0x100791b4       0x2c ../../../../../out/linkit7697_hdk/uart_loopback_data_dma/obj/driver/chip/mt7687/src/common/dma.o
                0x100791b4                DMA_Vfifo_SetAdrs
 .text.DMA_Vfifo_enable_interrupt
                0x100791e0       0x14 ../../../../../out/linkit7697_hdk/uart_loopback_data_dma/obj/driver/chip/mt7687/src/common/dma.o
                0x100791e0                DMA_Vfifo_enable_interrupt
 .text.DMA_Vfifo_disable_interrupt
                0x100791f4       0x14 ../../../../../out/linkit7697_hdk/uart_loopback_data_dma/obj/driver/chip/mt7687/src/common/dma.o
                0x100791f4                DMA_Vfifo_disable_interrupt
 .text.DMA_Vfifo_Flush
                0x10079208       0x18 ../../../../../out/linkit7697_hdk/uart_loopback_data_dma/obj/driver/chip/mt7687/src/common/dma.o
                0x10079208                DMA_Vfifo_Flush
 .text.DMA_Vfifo_Register_Callback
                0x10079220       0x10 ../../../../../out/linkit7697_hdk/uart_loopback_data_dma/obj/driver/chip/mt7687/src/common/dma.o
                0x10079220                DMA_Vfifo_Register_Callback
 .text.DMA_Vfifo_Register_TO_Callback
                0x10079230       0x10 ../../../../../out/linkit7697_hdk/uart_loopback_data_dma/obj/driver/chip/mt7687/src/common/dma.o
                0x10079230                DMA_Vfifo_Register_TO_Callback
 .text.DMA_Clock_Enable
                0x10079240       0x14 ../../../../../out/linkit7697_hdk/uart_loopback_data_dma/obj/driver/chip/mt7687/src/common/dma.o
                0x10079240                DMA_Clock_Enable
 .text.DMA_Init
                0x10079254       0x54 ../../../../../out/linkit7697_hdk/uart_loopback_data_dma/obj/driver/chip/mt7687/src/common/dma.o
                0x10079254                DMA_Init
 .text.DMA_Clock_Disable
                0x100792a8       0x14 ../../../../../out/linkit7697_hdk/uart_loopback_data_dma/obj/driver/chip/mt7687/src/common/dma.o
                0x100792a8                DMA_Clock_Disable
 .text.DMA_LISR
                0x100792bc      0x188 ../../../../../out/linkit7697_hdk/uart_loopback_data_dma/obj/driver/chip/mt7687/src/common/dma.o
                0x100792bc                DMA_LISR
 .text.halGPIO_ConfDirection
                0x10079444      0x138 ../../../../../out/linkit7697_hdk/uart_loopback_data_dma/obj/driver/chip/mt7687/src/common/hal_gpio_7687.o
                0x10079444                halGPIO_ConfDirection
 .text.halPinmuxTopOnPadFunc
                0x1007957c      0x19c ../../../../../out/linkit7697_hdk/uart_loopback_data_dma/obj/driver/chip/mt7687/src/common/hal_pinmux.o
                0x1007957c                halPinmuxTopOnPadFunc
 .text.pinmux_config
                0x10079718       0xc6 ../../../../../out/linkit7697_hdk/uart_loopback_data_dma/obj/driver/chip/mt7687/src/common/pinmux.o
                0x10079718                pinmux_config
 *fill*         0x100797de        0x2 
 .text.top_xtal_init
                0x100797e0       0x98 ../../../../../out/linkit7697_hdk/uart_loopback_data_dma/obj/driver/chip/mt7687/src/common/top.o
                0x100797e0                top_xtal_init
 .text.top_xtal_freq_get
                0x10079878        0xc ../../../../../out/linkit7697_hdk/uart_loopback_data_dma/obj/driver/chip/mt7687/src/common/top.o
                0x10079878                top_xtal_freq_get
 .text.top_mcu_freq_get
                0x10079884        0xc ../../../../../out/linkit7697_hdk/uart_loopback_data_dma/obj/driver/chip/mt7687/src/common/top.o
                0x10079884                top_mcu_freq_get
 .text.halUART_SetFormat
                0x10079890      0x118 ../../../../../out/linkit7697_hdk/uart_loopback_data_dma/obj/driver/chip/mt7687/src/common/uart.o
                0x10079890                halUART_SetFormat
 .text.halUART_HWInit
                0x100799a8       0x34 ../../../../../out/linkit7697_hdk/uart_loopback_data_dma/obj/driver/chip/mt7687/src/common/uart.o
                0x100799a8                halUART_HWInit
 .text.halUART_Get_VFIFO_Length
                0x100799dc       0x4c ../../../../../out/linkit7697_hdk/uart_loopback_data_dma/obj/driver/chip/mt7687/src/common/uart.o
                0x100799dc                halUART_Get_VFIFO_Length
 .text.halUART_Read_VFIFO_Data
                0x10079a28       0x28 ../../../../../out/linkit7697_hdk/uart_loopback_data_dma/obj/driver/chip/mt7687/src/common/uart.o
                0x10079a28                halUART_Read_VFIFO_Data
 .text.halUART_Write_VFIFO_Data
                0x10079a50       0x28 ../../../../../out/linkit7697_hdk/uart_loopback_data_dma/obj/driver/chip/mt7687/src/common/uart.o
                0x10079a50                halUART_Write_VFIFO_Data
 .text.halUART_Tx_VFIFO_Initialize
                0x10079a78       0x3e ../../../../../out/linkit7697_hdk/uart_loopback_data_dma/obj/driver/chip/mt7687/src/common/uart.o
                0x10079a78                halUART_Tx_VFIFO_Initialize
 .text.halUART_Rx_VFIFO_Initialize
                0x10079ab6       0x3c ../../../../../out/linkit7697_hdk/uart_loopback_data_dma/obj/driver/chip/mt7687/src/common/uart.o
                0x10079ab6                halUART_Rx_VFIFO_Initialize
 .text.halUART_VDMA_Rx_Register_Callback
                0x10079af2       0x12 ../../../../../out/linkit7697_hdk/uart_loopback_data_dma/obj/driver/chip/mt7687/src/common/uart.o
                0x10079af2                halUART_VDMA_Rx_Register_Callback
 .text.halUART_VDMA_Rx_Register_TO_Callback
                0x10079b04       0x12 ../../../../../out/linkit7697_hdk/uart_loopback_data_dma/obj/driver/chip/mt7687/src/common/uart.o
                0x10079b04                halUART_VDMA_Rx_Register_TO_Callback
 *fill*         0x10079b16        0x2 
 .text.uart_reset_default_value
                0x10079b18       0x58 ../../../../../out/linkit7697_hdk/uart_loopback_data_dma/obj/driver/chip/mt7687/src/common/uart.o
                0x10079b18                uart_reset_default_value
 .text.log_hal_error_internal
                0x10079b70       0x2a ../../../../../out/linkit7697_hdk/uart_loopback_data_dma/obj/driver/chip/mt7687/src/hal_log.o
                0x10079b70                log_hal_error_internal
 *fill*         0x10079b9a        0x2 
 .text.hal_nvic_enable_irq
                0x10079b9c       0x28 ../../../../../out/linkit7697_hdk/uart_loopback_data_dma/obj/driver/chip/mt7687/src/hal_nvic.o
                0x10079b9c                hal_nvic_enable_irq
 .text.hal_nvic_disable_irq
                0x10079bc4       0x28 ../../../../../out/linkit7697_hdk/uart_loopback_data_dma/obj/driver/chip/mt7687/src/hal_nvic.o
                0x10079bc4                hal_nvic_disable_irq
 .text.hal_nvic_set_priority
                0x10079bec       0x20 ../../../../../out/linkit7697_hdk/uart_loopback_data_dma/obj/driver/chip/mt7687/src/hal_nvic.o
                0x10079bec                hal_nvic_set_priority
 .text.hal_nvic_register_isr_handler
                0x10079c0c       0x4c ../../../../../out/linkit7697_hdk/uart_loopback_data_dma/obj/driver/chip/mt7687/src/hal_nvic.o
                0x10079c0c                hal_nvic_register_isr_handler
 .text.hal_nvic_save_and_set_interrupt_mask
                0x10079c58        0xe ../../../../../out/linkit7697_hdk/uart_loopback_data_dma/obj/driver/chip/mt7687/src/hal_nvic.o
                0x10079c58                hal_nvic_save_and_set_interrupt_mask
 .text.hal_nvic_restore_interrupt_mask
                0x10079c66        0xa ../../../../../out/linkit7697_hdk/uart_loopback_data_dma/obj/driver/chip/mt7687/src/hal_nvic.o
                0x10079c66                hal_nvic_restore_interrupt_mask
 .text.hal_pinmux_set_function
                0x10079c70       0x22 ../../../../../out/linkit7697_hdk/uart_loopback_data_dma/obj/driver/chip/mt7687/src/hal_gpio.o
                0x10079c70                hal_pinmux_set_function
 .text.hal_gpio_init
                0x10079c92        0x4 ../../../../../out/linkit7697_hdk/uart_loopback_data_dma/obj/driver/chip/mt7687/src/hal_gpio.o
                0x10079c92                hal_gpio_init
 .text.hal_uart_is_config_valid
                0x10079c96       0x2c ../../../../../out/linkit7697_hdk/uart_loopback_data_dma/obj/driver/chip/mt7687/src/hal_uart.o
 *fill*         0x10079cc2        0x2 
 .text.hal_uart_check_irq_disable
                0x10079cc4       0x50 ../../../../../out/linkit7697_hdk/uart_loopback_data_dma/obj/driver/chip/mt7687/src/hal_uart.o
 .text.hal_uart_send_callback1
                0x10079d14       0x24 ../../../../../out/linkit7697_hdk/uart_loopback_data_dma/obj/driver/chip/mt7687/src/hal_uart.o
 .text.hal_uart_send_callback0
                0x10079d38       0x24 ../../../../../out/linkit7697_hdk/uart_loopback_data_dma/obj/driver/chip/mt7687/src/hal_uart.o
 .text.hal_uart_send_dma
                0x10079d5c       0x60 ../../../../../out/linkit7697_hdk/uart_loopback_data_dma/obj/driver/chip/mt7687/src/hal_uart.o
                0x10079d5c                hal_uart_send_dma
 .text.hal_uart_receive_dma
                0x10079dbc       0x4c ../../../../../out/linkit7697_hdk/uart_loopback_data_dma/obj/driver/chip/mt7687/src/hal_uart.o
                0x10079dbc                hal_uart_receive_dma
 .text.hal_uart_get_available_receive_bytes
                0x10079e08       0x1e ../../../../../out/linkit7697_hdk/uart_loopback_data_dma/obj/driver/chip/mt7687/src/hal_uart.o
                0x10079e08                hal_uart_get_available_receive_bytes
 *fill*         0x10079e26        0x2 
 .text.hal_uart_receive_callback1
                0x10079e28       0x2c ../../../../../out/linkit7697_hdk/uart_loopback_data_dma/obj/driver/chip/mt7687/src/hal_uart.o
 .text.hal_uart_receive_callback0
                0x10079e54       0x2c ../../../../../out/linkit7697_hdk/uart_loopback_data_dma/obj/driver/chip/mt7687/src/hal_uart.o
 .text.hal_uart_register_callback
                0x10079e80       0x64 ../../../../../out/linkit7697_hdk/uart_loopback_data_dma/obj/driver/chip/mt7687/src/hal_uart.o
                0x10079e80                hal_uart_register_callback
 .text.hal_uart_set_format
                0x10079ee4       0xb8 ../../../../../out/linkit7697_hdk/uart_loopback_data_dma/obj/driver/chip/mt7687/src/hal_uart.o
                0x10079ee4                hal_uart_set_format
 .text.hal_uart_init
                0x10079f9c       0x64 ../../../../../out/linkit7697_hdk/uart_loopback_data_dma/obj/driver/chip/mt7687/src/hal_uart.o
                0x10079f9c                hal_uart_init
 .text.hal_uart_set_dma
                0x1007a000       0x9c ../../../../../out/linkit7697_hdk/uart_loopback_data_dma/obj/driver/chip/mt7687/src/hal_uart.o
                0x1007a000                hal_uart_set_dma
 .text.uart_read_from_input
                0x1007a09c       0x10 ../../../../../out/linkit7697_hdk/uart_loopback_data_dma/obj/project/linkit7697_hdk/hal_examples/uart_loopback_data_dma/src/main.o
 .text.uart_loopback_data_dma_example
                0x1007a0ac       0xb4 ../../../../../out/linkit7697_hdk/uart_loopback_data_dma/obj/project/linkit7697_hdk/hal_examples/uart_loopback_data_dma/src/main.o
 .text.__io_putchar
                0x1007a160        0x2 ../../../../../out/linkit7697_hdk/uart_loopback_data_dma/obj/project/linkit7697_hdk/hal_examples/uart_loopback_data_dma/src/main.o
                0x1007a160                __io_putchar
 .text.startup.main
                0x1007a162        0xe ../../../../../out/linkit7697_hdk/uart_loopback_data_dma/obj/project/linkit7697_hdk/hal_examples/uart_loopback_data_dma/src/main.o
                0x1007a162                main
 .text.SysTick_Set
                0x1007a170       0x28 ../../../../../out/linkit7697_hdk/uart_loopback_data_dma/obj/project/linkit7697_hdk/hal_examples/uart_loopback_data_dma/src/system_mt7687.o
                0x1007a170                SysTick_Set
 .text.SystemCoreClockUpdate
                0x1007a198       0x10 ../../../../../out/linkit7697_hdk/uart_loopback_data_dma/obj/project/linkit7697_hdk/hal_examples/uart_loopback_data_dma/src/system_mt7687.o
                0x1007a198                SystemCoreClockUpdate
 .text.SystemInit
                0x1007a1a8       0x24 ../../../../../out/linkit7697_hdk/uart_loopback_data_dma/obj/project/linkit7697_hdk/hal_examples/uart_loopback_data_dma/src/system_mt7687.o
                0x1007a1a8                SystemInit
 .text.CachePreInit
                0x1007a1cc       0x34 ../../../../../out/linkit7697_hdk/uart_loopback_data_dma/obj/project/linkit7697_hdk/hal_examples/uart_loopback_data_dma/src/system_mt7687.o
                0x1007a1cc                CachePreInit
 .text._close   0x1007a200        0x4 ../../../../../out/linkit7697_hdk/uart_loopback_data_dma/obj/project/linkit7697_hdk/hal_examples/uart_loopback_data_dma/GCC/syscalls.o
                0x1007a200                _close
 .text._fstat   0x1007a204        0x4 ../../../../../out/linkit7697_hdk/uart_loopback_data_dma/obj/project/linkit7697_hdk/hal_examples/uart_loopback_data_dma/GCC/syscalls.o
                0x1007a204                _fstat
 .text._isatty  0x1007a208        0x4 ../../../../../out/linkit7697_hdk/uart_loopback_data_dma/obj/project/linkit7697_hdk/hal_examples/uart_loopback_data_dma/GCC/syscalls.o
                0x1007a208                _isatty
 .text._lseek   0x1007a20c        0x4 ../../../../../out/linkit7697_hdk/uart_loopback_data_dma/obj/project/linkit7697_hdk/hal_examples/uart_loopback_data_dma/GCC/syscalls.o
                0x1007a20c                _lseek
 .text._read    0x1007a210        0x4 ../../../../../out/linkit7697_hdk/uart_loopback_data_dma/obj/project/linkit7697_hdk/hal_examples/uart_loopback_data_dma/GCC/syscalls.o
                0x1007a210                _read
 .text._write   0x1007a214       0x1a ../../../../../out/linkit7697_hdk/uart_loopback_data_dma/obj/project/linkit7697_hdk/hal_examples/uart_loopback_data_dma/GCC/syscalls.o
                0x1007a214                _write
 *fill*         0x1007a22e        0x2 
 .text._sbrk_r  0x1007a230       0x28 ../../../../../out/linkit7697_hdk/uart_loopback_data_dma/obj/project/linkit7697_hdk/hal_examples/uart_loopback_data_dma/GCC/syscalls.o
                0x1007a230                _sbrk_r
 .text          0x1007a258       0x14 ../../../../../out/linkit7697_hdk/uart_loopback_data_dma/obj/project/linkit7697_hdk/hal_examples/uart_loopback_data_dma/GCC/startup_mt7687.o
                0x1007a258                NMI_Handler
                0x1007a25a                HardFault_Handler
                0x1007a25c                MemManage_Handler
                0x1007a25e                BusFault_Handler
                0x1007a260                UsageFault_Handler
                0x1007a262                SVC_Handler
                0x1007a264                DebugMon_Handler
                0x1007a266                PendSV_Handler
                0x1007a268                SysTick_Handler
                0x1007a26a                Default_Handler
 .text.memcpy   0x1007a26c       0x12 /opt/gcc-arm-none-eabi-4_8-2014-q3/bin/../lib/gcc/arm-none-eabi/4.8.4/../../../../arm-none-eabi/lib/armv7e-m/fpu/libc_s.a(lib_a-memcpy-stub.o)
                0x1007a26c                memcpy
 .text.memset   0x1007a27e       0x10 /opt/gcc-arm-none-eabi-4_8-2014-q3/bin/../lib/gcc/arm-none-eabi/4.8.4/../../../../arm-none-eabi/lib/armv7e-m/fpu/libc_s.a(lib_a-memset.o)
                0x1007a27e                memset
 .text.__sfputc_r
                0x1007a28e       0x2c /opt/gcc-arm-none-eabi-4_8-2014-q3/bin/../lib/gcc/arm-none-eabi/4.8.4/../../../../arm-none-eabi/lib/armv7e-m/fpu/libc_s.a(lib_a-vfprintf.o)
 .text.__sfputs_r
                0x1007a2ba       0x24 /opt/gcc-arm-none-eabi-4_8-2014-q3/bin/../lib/gcc/arm-none-eabi/4.8.4/../../../../arm-none-eabi/lib/armv7e-m/fpu/libc_s.a(lib_a-vfprintf.o)
                0x1007a2ba                __sfputs_r
 *fill*         0x1007a2de        0x2 
 .text._vfprintf_r
                0x1007a2e0      0x208 /opt/gcc-arm-none-eabi-4_8-2014-q3/bin/../lib/gcc/arm-none-eabi/4.8.4/../../../../arm-none-eabi/lib/armv7e-m/fpu/libc_s.a(lib_a-vfprintf.o)
                0x1007a2e0                _vfiprintf_r
                0x1007a2e0                _vfprintf_r
 .text._printf_common
                0x1007a4e8       0xe4 /opt/gcc-arm-none-eabi-4_8-2014-q3/bin/../lib/gcc/arm-none-eabi/4.8.4/../../../../arm-none-eabi/lib/armv7e-m/fpu/libc_s.a(lib_a-vfprintf_i.o)
                0x1007a4e8                _printf_common
 .text._printf_i
                0x1007a5cc      0x228 /opt/gcc-arm-none-eabi-4_8-2014-q3/bin/../lib/gcc/arm-none-eabi/4.8.4/../../../../arm-none-eabi/lib/armv7e-m/fpu/libc_s.a(lib_a-vfprintf_i.o)
                0x1007a5cc                _printf_i
 .text.vprintf  0x1007a7f4       0x2c /opt/gcc-arm-none-eabi-4_8-2014-q3/bin/../lib/gcc/arm-none-eabi/4.8.4/../../../../arm-none-eabi/lib/armv7e-m/fpu/libc_s.a(lib_a-vprintf.o)
                0x1007a7f4                vprintf
                0x1007a7f4                viprintf
 .text.__swbuf_r
                0x1007a820       0xa8 /opt/gcc-arm-none-eabi-4_8-2014-q3/bin/../lib/gcc/arm-none-eabi/4.8.4/../../../../arm-none-eabi/lib/armv7e-m/fpu/libc_s.a(lib_a-wbuf.o)
                0x1007a820                __swbuf_r
 .text.__swsetup_r
                0x1007a8c8       0xdc /opt/gcc-arm-none-eabi-4_8-2014-q3/bin/../lib/gcc/arm-none-eabi/4.8.4/../../../../arm-none-eabi/lib/armv7e-m/fpu/libc_s.a(lib_a-wsetup.o)
                0x1007a8c8                __swsetup_r
 .text.__sflush_r
                0x1007a9a4      0x106 /opt/gcc-arm-none-eabi-4_8-2014-q3/bin/../lib/gcc/arm-none-eabi/4.8.4/../../../../arm-none-eabi/lib/armv7e-m/fpu/libc_s.a(lib_a-fflush.o)
                0x1007a9a4                __sflush_r
 *fill*         0x1007aaaa        0x2 
 .text._fflush_r
                0x1007aaac       0x54 /opt/gcc-arm-none-eabi-4_8-2014-q3/bin/../lib/gcc/arm-none-eabi/4.8.4/../../../../arm-none-eabi/lib/armv7e-m/fpu/libc_s.a(lib_a-fflush.o)
                0x1007aaac                _fflush_r
 .text._cleanup_r
                0x1007ab00       0x32 /opt/gcc-arm-none-eabi-4_8-2014-q3/bin/../lib/gcc/arm-none-eabi/4.8.4/../../../../arm-none-eabi/lib/armv7e-m/fpu/libc_s.a(lib_a-findfp.o)
                0x1007ab00                _cleanup_r
 *fill*         0x1007ab32        0x2 
 .text.std.isra.0
                0x1007ab34       0x48 /opt/gcc-arm-none-eabi-4_8-2014-q3/bin/../lib/gcc/arm-none-eabi/4.8.4/../../../../arm-none-eabi/lib/armv7e-m/fpu/libc_s.a(lib_a-findfp.o)
 .text.__sfmoreglue
                0x1007ab7c       0x2c /opt/gcc-arm-none-eabi-4_8-2014-q3/bin/../lib/gcc/arm-none-eabi/4.8.4/../../../../arm-none-eabi/lib/armv7e-m/fpu/libc_s.a(lib_a-findfp.o)
                0x1007ab7c                __sfmoreglue
 .text.__sinit  0x1007aba8       0x60 /opt/gcc-arm-none-eabi-4_8-2014-q3/bin/../lib/gcc/arm-none-eabi/4.8.4/../../../../arm-none-eabi/lib/armv7e-m/fpu/libc_s.a(lib_a-findfp.o)
                0x1007aba8                __sinit
 .text.__sfp    0x1007ac08       0x74 /opt/gcc-arm-none-eabi-4_8-2014-q3/bin/../lib/gcc/arm-none-eabi/4.8.4/../../../../arm-none-eabi/lib/armv7e-m/fpu/libc_s.a(lib_a-findfp.o)
                0x1007ac08                __sfp
 .text.__smakebuf_r
                0x1007ac7c       0x9c /opt/gcc-arm-none-eabi-4_8-2014-q3/bin/../lib/gcc/arm-none-eabi/4.8.4/../../../../arm-none-eabi/lib/armv7e-m/fpu/libc_s.a(lib_a-makebuf.o)
                0x1007ac7c                __smakebuf_r
 .text.memchr   0x1007ad18       0x1e /opt/gcc-arm-none-eabi-4_8-2014-q3/bin/../lib/gcc/arm-none-eabi/4.8.4/../../../../arm-none-eabi/lib/armv7e-m/fpu/libc_s.a(lib_a-memchr-stub.o)
                0x1007ad18                memchr
 *fill*         0x1007ad36        0x2 
 .text._free_r  0x1007ad38       0x88 /opt/gcc-arm-none-eabi-4_8-2014-q3/bin/../lib/gcc/arm-none-eabi/4.8.4/../../../../arm-none-eabi/lib/armv7e-m/fpu/libc_s.a(lib_a-nano-freer.o)
                0x1007ad38                _free_r
 .text._malloc_r
                0x1007adc0       0xa8 /opt/gcc-arm-none-eabi-4_8-2014-q3/bin/../lib/gcc/arm-none-eabi/4.8.4/../../../../arm-none-eabi/lib/armv7e-m/fpu/libc_s.a(lib_a-nano-mallocr.o)
                0x1007adc0                _malloc_r
 .text.__sread  0x1007ae68       0x22 /opt/gcc-arm-none-eabi-4_8-2014-q3/bin/../lib/gcc/arm-none-eabi/4.8.4/../../../../arm-none-eabi/lib/armv7e-m/fpu/libc_s.a(lib_a-stdio.o)
                0x1007ae68                __sread
 .text.__swrite
                0x1007ae8a       0x38 /opt/gcc-arm-none-eabi-4_8-2014-q3/bin/../lib/gcc/arm-none-eabi/4.8.4/../../../../arm-none-eabi/lib/armv7e-m/fpu/libc_s.a(lib_a-stdio.o)
                0x1007ae8a                __swrite
 .text.__sseek  0x1007aec2       0x24 /opt/gcc-arm-none-eabi-4_8-2014-q3/bin/../lib/gcc/arm-none-eabi/4.8.4/../../../../arm-none-eabi/lib/armv7e-m/fpu/libc_s.a(lib_a-stdio.o)
                0x1007aec2                __sseek
 .text.__sclose
                0x1007aee6        0x8 /opt/gcc-arm-none-eabi-4_8-2014-q3/bin/../lib/gcc/arm-none-eabi/4.8.4/../../../../arm-none-eabi/lib/armv7e-m/fpu/libc_s.a(lib_a-stdio.o)
                0x1007aee6                __sclose
 .text.strlen   0x1007aeee       0x10 /opt/gcc-arm-none-eabi-4_8-2014-q3/bin/../lib/gcc/arm-none-eabi/4.8.4/../../../../arm-none-eabi/lib/armv7e-m/fpu/libc_s.a(lib_a-strlen.o)
                0x1007aeee                strlen
 *fill*         0x1007aefe        0x2 
 .text._write_r
                0x1007af00       0x24 /opt/gcc-arm-none-eabi-4_8-2014-q3/bin/../lib/gcc/arm-none-eabi/4.8.4/../../../../arm-none-eabi/lib/armv7e-m/fpu/libc_s.a(lib_a-writer.o)
                0x1007af00                _write_r
 .text._close_r
                0x1007af24       0x20 /opt/gcc-arm-none-eabi-4_8-2014-q3/bin/../lib/gcc/arm-none-eabi/4.8.4/../../../../arm-none-eabi/lib/armv7e-m/fpu/libc_s.a(lib_a-closer.o)
                0x1007af24                _close_r
 .text._fstat_r
                0x1007af44       0x24 /opt/gcc-arm-none-eabi-4_8-2014-q3/bin/../lib/gcc/arm-none-eabi/4.8.4/../../../../arm-none-eabi/lib/armv7e-m/fpu/libc_s.a(lib_a-fstatr.o)
                0x1007af44                _fstat_r
 .text._isatty_r
                0x1007af68       0x20 /opt/gcc-arm-none-eabi-4_8-2014-q3/bin/../lib/gcc/arm-none-eabi/4.8.4/../../../../arm-none-eabi/lib/armv7e-m/fpu/libc_s.a(lib_a-isattyr.o)
                0x1007af68                _isatty_r
 .text._lseek_r
                0x1007af88       0x24 /opt/gcc-arm-none-eabi-4_8-2014-q3/bin/../lib/gcc/arm-none-eabi/4.8.4/../../../../arm-none-eabi/lib/armv7e-m/fpu/libc_s.a(lib_a-lseekr.o)
                0x1007af88                _lseek_r
 .text._read_r  0x1007afac       0x24 /opt/gcc-arm-none-eabi-4_8-2014-q3/bin/../lib/gcc/arm-none-eabi/4.8.4/../../../../arm-none-eabi/lib/armv7e-m/fpu/libc_s.a(lib_a-readr.o)
                0x1007afac                _read_r
 .text._read_r.__stub
                0x1007afd0       0x20 linker stubs
 *(.text)
 *(.rodata*)
 .rodata        0x1007aff0       0x2c ../../../../../out/linkit7697_hdk/uart_loopback_data_dma/obj/driver/chip/mt7687/src/common/uart.o
 .rodata.__FUNCTION__.5568
                0x1007b01c        0xa ../../../../../out/linkit7697_hdk/uart_loopback_data_dma/obj/driver/chip/mt7687/src/hal_nvic.o
 .rodata.str1.1
                0x1007b026       0x19 ../../../../../out/linkit7697_hdk/uart_loopback_data_dma/obj/driver/chip/mt7687/src/hal_nvic.o
 *fill*         0x1007b03f        0x1 
 .rodata        0x1007b040       0x4c ../../../../../out/linkit7697_hdk/uart_loopback_data_dma/obj/driver/chip/mt7687/src/hal_uart.o
 .rodata.func_tbl.6183
                0x1007b08c        0x8 ../../../../../out/linkit7697_hdk/uart_loopback_data_dma/obj/driver/chip/mt7687/src/hal_uart.o
 .rodata.str1.1
                0x1007b094       0x41 ../../../../../out/linkit7697_hdk/uart_loopback_data_dma/obj/project/linkit7697_hdk/hal_examples/uart_loopback_data_dma/src/main.o
 .rodata.str1.1
                0x1007b0d5        0x2 /opt/gcc-arm-none-eabi-4_8-2014-q3/bin/../lib/gcc/arm-none-eabi/4.8.4/../../../../arm-none-eabi/lib/armv7e-m/fpu/libc_s.a(lib_a-impure.o)
 *fill*         0x1007b0d7        0x1 
 .rodata._global_impure_ptr
                0x1007b0d8        0x4 /opt/gcc-arm-none-eabi-4_8-2014-q3/bin/../lib/gcc/arm-none-eabi/4.8.4/../../../../arm-none-eabi/lib/armv7e-m/fpu/libc_s.a(lib_a-impure.o)
                0x1007b0d8                _global_impure_ptr
 .rodata.str1.1
                0x1007b0dc       0x11 /opt/gcc-arm-none-eabi-4_8-2014-q3/bin/../lib/gcc/arm-none-eabi/4.8.4/../../../../arm-none-eabi/lib/armv7e-m/fpu/libc_s.a(lib_a-vfprintf.o)
 .rodata.str1.1
                0x1007b0ed       0x22 /opt/gcc-arm-none-eabi-4_8-2014-q3/bin/../lib/gcc/arm-none-eabi/4.8.4/../../../../arm-none-eabi/lib/armv7e-m/fpu/libc_s.a(lib_a-vfprintf_i.o)
 *fill*         0x1007b10f        0x1 
 .rodata.__sf_fake_stdin
                0x1007b110       0x20 /opt/gcc-arm-none-eabi-4_8-2014-q3/bin/../lib/gcc/arm-none-eabi/4.8.4/../../../../arm-none-eabi/lib/armv7e-m/fpu/libc_s.a(lib_a-findfp.o)
                0x1007b110                __sf_fake_stdin
 .rodata.__sf_fake_stdout
                0x1007b130       0x20 /opt/gcc-arm-none-eabi-4_8-2014-q3/bin/../lib/gcc/arm-none-eabi/4.8.4/../../../../arm-none-eabi/lib/armv7e-m/fpu/libc_s.a(lib_a-findfp.o)
                0x1007b130                __sf_fake_stdout
 .rodata.__sf_fake_stderr
                0x1007b150       0x20 /opt/gcc-arm-none-eabi-4_8-2014-q3/bin/../lib/gcc/arm-none-eabi/4.8.4/../../../../arm-none-eabi/lib/armv7e-m/fpu/libc_s.a(lib_a-findfp.o)
                0x1007b150                __sf_fake_stderr
                0x1007b170                _text_end = .
                0x1007b170                . = ALIGN (0x4)

.glue_7         0x1007b170        0x0
 .glue_7        0x00000000        0x0 linker stubs

.glue_7t        0x1007b170        0x0
 .glue_7t       0x00000000        0x0 linker stubs

.vfp11_veneer   0x1007b170        0x0
 .vfp11_veneer  0x00000000        0x0 linker stubs

.v4_bx          0x1007b170        0x0
 .v4_bx         0x00000000        0x0 linker stubs

.iplt           0x1007b170        0x0
 .iplt          0x00000000        0x0 ../../../../../out/linkit7697_hdk/uart_loopback_data_dma/obj/driver/chip/mt7687/src/common/cos_api.o
                0x1007b170                . = ALIGN (0x4)
                0x1007b170                __etext = .
                0x1007b170                . = ALIGN (0x4)
                0x1007b170                . = ALIGN (0x4)

.data           0x20000000      0x304 load address 0x1007b170
                0x20000000                __data_start__ = .
                0x20000000                _data_start = .
 *(.isr_vector)
 .isr_vector    0x20000000      0x1c0 ../../../../../out/linkit7697_hdk/uart_loopback_data_dma/obj/project/linkit7697_hdk/hal_examples/uart_loopback_data_dma/GCC/startup_mt7687.o
                0x20000000                __isr_vector
                0x200001c0                . = ALIGN (0x4)
 *(.data)
 *(.data*)
 .data.DMA_VFIFO_TO_LISR_FUNC
                0x200001c0       0x38 ../../../../../out/linkit7697_hdk/uart_loopback_data_dma/obj/driver/chip/mt7687/src/common/dma.o
                0x200001c0                DMA_VFIFO_TO_LISR_FUNC
 .data.DMA_LISR_FUNC
                0x200001f8       0x2c ../../../../../out/linkit7697_hdk/uart_loopback_data_dma/obj/driver/chip/mt7687/src/common/dma.o
                0x200001f8                DMA_LISR_FUNC
 .data.DMA_VFIFO_LISR_FUNC
                0x20000224       0x38 ../../../../../out/linkit7697_hdk/uart_loopback_data_dma/obj/driver/chip/mt7687/src/common/dma.o
                0x20000224                DMA_VFIFO_LISR_FUNC
 .data.DMA_Channel_Status
                0x2000025c        0x4 ../../../../../out/linkit7697_hdk/uart_loopback_data_dma/obj/driver/chip/mt7687/src/common/dma.o
 .data.SystemCoreClock
                0x20000260        0x4 ../../../../../out/linkit7697_hdk/uart_loopback_data_dma/obj/project/linkit7697_hdk/hal_examples/uart_loopback_data_dma/src/system_mt7687.o
                0x20000260                SystemCoreClock
 .data.build_date_time_str
                0x20000264       0x1f ../../../../../out/linkit7697_hdk/uart_loopback_data_dma/obj/middleware/MTK/verno/verno.o
                0x20000264                build_date_time_str
 .data.hw_verno_str
                0x20000283        0xf ../../../../../out/linkit7697_hdk/uart_loopback_data_dma/obj/middleware/MTK/verno/verno.o
                0x20000283                hw_verno_str
 .data.sw_verno_str
                0x20000292        0xb ../../../../../out/linkit7697_hdk/uart_loopback_data_dma/obj/middleware/MTK/verno/verno.o
                0x20000292                sw_verno_str
 *fill*         0x2000029d        0x3 
 .data.impure_data
                0x200002a0       0x60 /opt/gcc-arm-none-eabi-4_8-2014-q3/bin/../lib/gcc/arm-none-eabi/4.8.4/../../../../arm-none-eabi/lib/armv7e-m/fpu/libc_s.a(lib_a-impure.o)
 .data._impure_ptr
                0x20000300        0x4 /opt/gcc-arm-none-eabi-4_8-2014-q3/bin/../lib/gcc/arm-none-eabi/4.8.4/../../../../arm-none-eabi/lib/armv7e-m/fpu/libc_s.a(lib_a-impure.o)
                0x20000300                _impure_ptr
                0x20000304                . = ALIGN (0x4)
                0x20000304                PROVIDE (__preinit_array_start, .)
 *(.preinit_array)
                0x20000304                PROVIDE (__preinit_array_end, .)
                0x20000304                . = ALIGN (0x4)
                0x20000304                PROVIDE (__init_array_start, .)
 *(SORT(.init_array.*))
 *(.init_array)
                0x20000304                PROVIDE (__init_array_end, .)
                0x20000304                . = ALIGN (0x4)
                0x20000304                PROVIDE (__fini_array_start, .)
 *(SORT(.fini_array.*))
 *(.fini_array)
                0x20000304                PROVIDE (__fini_array_end, .)
                0x20000304                _data_end = .
                0x20000304                __data_end__ = .

.igot.plt       0x20000304        0x0 load address 0x1007b474
 .igot.plt      0x00000000        0x0 ../../../../../out/linkit7697_hdk/uart_loopback_data_dma/obj/driver/chip/mt7687/src/common/cos_api.o
                0x20000304                . = ALIGN (0x4)

.bssRandom      0x00100000        0x0
                0x00100000                __bssrandom_start__ = .
 *(.bssRandom)
                0x00100000                __bssrandom_end__ = .
                0x00100000                . = ALIGN (0x4)
                0x1007b474                __ramtext_load__ = LOADADDR (.ramTEXT)
                0x00100000                . = ALIGN (0x4)

.ramTEXT        0x00100000      0x1c8 load address 0x1007b474
                0x00100000                __ramtext_start__ = .
 *(.ramTEXT)
 .ramTEXT       0x00100000        0xe ../../../../../out/linkit7697_hdk/uart_loopback_data_dma/obj/driver/chip/mt7687/src/common/nvic.o
                0x00100000                save_and_set_interrupt_mask
                0x00100008                restore_interrupt_mask
 *fill*         0x0010000e        0x2 
 .ramTEXT       0x00100010       0x20 ../../../../../out/linkit7697_hdk/uart_loopback_data_dma/obj/driver/chip/mt7687/src/common/top.o
                0x00100010                cmnSerialFlashClkConfToXtal
 .ramTEXT       0x00100030      0x130 ../../../../../out/linkit7697_hdk/uart_loopback_data_dma/obj/driver/chip/mt7687/src/hal_cache.o
                0x00100030                hal_cache_invalidate_one_cache_line
                0x00100064                hal_cache_invalidate_multiple_cache_lines
                0x00100098                hal_cache_invalidate_all_cache_lines
                0x001000d0                hal_cache_flush_one_cache_line
                0x00100104                hal_cache_flush_multiple_cache_lines
                0x00100138                hal_cache_flush_all_cache_lines
 .ramTEXT       0x00100160       0x54 ../../../../../out/linkit7697_hdk/uart_loopback_data_dma/obj/driver/chip/mt7687/src/hal_nvic.o
                0x00100160                isrC_main
 *fill*         0x001001b4        0x4 
 .ramTEXT.__stub
                0x001001b8       0x10 linker stubs
                0x001001c8                __ramtext_end__ = .

.rel.dyn        0x001001c8        0x0 load address 0x1007b63c
 .rel.iplt      0x00000000        0x0 ../../../../../out/linkit7697_hdk/uart_loopback_data_dma/obj/driver/chip/mt7687/src/common/cos_api.o
                0x001001c8                . = ALIGN (0x4)

.tcmBSS         0x001001c8        0x0 load address 0x1007b63c
                0x001001c8                __tcmbss_start__ = .
 *(.tcmBSS)
                0x001001c8                __tcmbss_end__ = .
                0x001001c8                . = ALIGN (0x4)

.bss            0x20000304      0x58c
                0x20000304                __bss_start__ = .
 *(.bss)
 *(COMMON)
 COMMON         0x20000304        0x4 /opt/gcc-arm-none-eabi-4_8-2014-q3/bin/../lib/gcc/arm-none-eabi/4.8.4/../../../../arm-none-eabi/lib/armv7e-m/fpu/libc_s.a(lib_a-reent.o)
                0x20000304                errno
 *(.bss*)
 .bss.DMA_Owner
                0x20000308        0xb ../../../../../out/linkit7697_hdk/uart_loopback_data_dma/obj/driver/chip/mt7687/src/common/dma.o
                0x20000308                DMA_Owner
 *fill*         0x20000313        0x1 
 .bss.gCpuFrequency
                0x20000314        0x4 ../../../../../out/linkit7697_hdk/uart_loopback_data_dma/obj/driver/chip/mt7687/src/common/top.o
 .bss.gXtalFreq
                0x20000318        0x4 ../../../../../out/linkit7697_hdk/uart_loopback_data_dma/obj/driver/chip/mt7687/src/common/top.o
 .bss.gUartClkFreq
                0x2000031c        0x4 ../../../../../out/linkit7697_hdk/uart_loopback_data_dma/obj/driver/chip/mt7687/src/common/uart.o
                0x2000031c                gUartClkFreq
 .bss.nvic_function_table
                0x20000320      0x300 ../../../../../out/linkit7697_hdk/uart_loopback_data_dma/obj/driver/chip/mt7687/src/hal_nvic.o
                0x20000320                nvic_function_table
 .bss.g_uart_context_table
                0x20000620       0x60 ../../../../../out/linkit7697_hdk/uart_loopback_data_dma/obj/driver/chip/mt7687/src/hal_uart.o
 .bss.g_uart_receive_buffer
                0x20000680      0x100 ../../../../../out/linkit7697_hdk/uart_loopback_data_dma/obj/project/linkit7697_hdk/hal_examples/uart_loopback_data_dma/src/main.o
 .bss.g_uart_receive_event
                0x20000780        0x1 ../../../../../out/linkit7697_hdk/uart_loopback_data_dma/obj/project/linkit7697_hdk/hal_examples/uart_loopback_data_dma/src/main.o
 .bss.g_uart_send_buffer
                0x20000781      0x100 ../../../../../out/linkit7697_hdk/uart_loopback_data_dma/obj/project/linkit7697_hdk/hal_examples/uart_loopback_data_dma/src/main.o
 *fill*         0x20000881        0x3 
 .bss.heap_end.4896
                0x20000884        0x4 ../../../../../out/linkit7697_hdk/uart_loopback_data_dma/obj/project/linkit7697_hdk/hal_examples/uart_loopback_data_dma/GCC/syscalls.o
 .bss.__malloc_sbrk_start
                0x20000888        0x4 /opt/gcc-arm-none-eabi-4_8-2014-q3/bin/../lib/gcc/arm-none-eabi/4.8.4/../../../../arm-none-eabi/lib/armv7e-m/fpu/libc_s.a(lib_a-nano-mallocr.o)
                0x20000888                __malloc_sbrk_start
 .bss.__malloc_free_list
                0x2000088c        0x4 /opt/gcc-arm-none-eabi-4_8-2014-q3/bin/../lib/gcc/arm-none-eabi/4.8.4/../../../../arm-none-eabi/lib/armv7e-m/fpu/libc_s.a(lib_a-nano-mallocr.o)
                0x2000088c                __malloc_free_list
                0x20000890                . = ALIGN (0x4)
                0x20000890                __bss_end__ = .
                0x20000890                . = ALIGN (0x4)

.heap           0x20000890      0x800
                0x20000890                __end__ = .
                0x20000890                end = __end__
 *(.heap*)
 .heap          0x20000890      0x800 ../../../../../out/linkit7697_hdk/uart_loopback_data_dma/obj/project/linkit7697_hdk/hal_examples/uart_loopback_data_dma/GCC/startup_mt7687.o
                0x20000890                __HeapBase
                0x20001090                __HeapLimit = .

.stack_dummy    0x20000890      0xc00
 *(.stack)
 .stack         0x20000890      0xc00 ../../../../../out/linkit7697_hdk/uart_loopback_data_dma/obj/project/linkit7697_hdk/hal_examples/uart_loopback_data_dma/GCC/startup_mt7687.o
                0x2003fc00                __StackTop = (ORIGIN (SYSRAM) + 0x3fc00)
                0x2003f000                __StackLimit = (__StackTop - SIZEOF (.stack_dummy))
                0x2003fc00                PROVIDE (__stack, __StackTop)
                0x00000001                ASSERT ((__StackLimit >= __HeapLimit), region RAM overflowed with stack)
START GROUP
LOAD ../../../../../out/linkit7697_hdk/uart_loopback_data_dma/obj/driver/chip/mt7687/src/common/cos_api.o
LOAD ../../../../../out/linkit7697_hdk/uart_loopback_data_dma/obj/driver/chip/mt7687/src/common/dma.o
LOAD ../../../../../out/linkit7697_hdk/uart_loopback_data_dma/obj/driver/chip/mt7687/src/common/flash_sfc.o
LOAD ../../../../../out/linkit7697_hdk/uart_loopback_data_dma/obj/driver/chip/mt7687/src/common/gpt.o
LOAD ../../../../../out/linkit7697_hdk/uart_loopback_data_dma/obj/driver/chip/mt7687/src/common/hal_I2C.o
LOAD ../../../../../out/linkit7697_hdk/uart_loopback_data_dma/obj/driver/chip/mt7687/src/common/hal_i2s_internal.o
LOAD ../../../../../out/linkit7697_hdk/uart_loopback_data_dma/obj/driver/chip/mt7687/src/common/low_hal_irtx.o
LOAD ../../../../../out/linkit7697_hdk/uart_loopback_data_dma/obj/driver/chip/mt7687/src/common/low_hal_pwm.o
LOAD ../../../../../out/linkit7697_hdk/uart_loopback_data_dma/obj/driver/chip/mt7687/src/common/hal_gpc.o
LOAD ../../../../../out/linkit7697_hdk/uart_loopback_data_dma/obj/driver/chip/mt7687/src/common/hal_gpio_7687.o
LOAD ../../../../../out/linkit7697_hdk/uart_loopback_data_dma/obj/driver/chip/mt7687/src/common/hal_irrx.o
LOAD ../../../../../out/linkit7697_hdk/uart_loopback_data_dma/obj/driver/chip/mt7687/src/common/hal_lp.o
LOAD ../../../../../out/linkit7697_hdk/uart_loopback_data_dma/obj/driver/chip/mt7687/src/common/hal_pcnt.o
LOAD ../../../../../out/linkit7697_hdk/uart_loopback_data_dma/obj/driver/chip/mt7687/src/common/hal_pinmux.o
LOAD ../../../../../out/linkit7697_hdk/uart_loopback_data_dma/obj/driver/chip/mt7687/src/common/hal_spim.o
LOAD ../../../../../out/linkit7697_hdk/uart_loopback_data_dma/obj/driver/chip/mt7687/src/common/hal_sys.o
LOAD ../../../../../out/linkit7697_hdk/uart_loopback_data_dma/obj/driver/chip/mt7687/src/common/hal_trng.o
LOAD ../../../../../out/linkit7697_hdk/uart_loopback_data_dma/obj/driver/chip/mt7687/src/common/hal_uid.o
LOAD ../../../../../out/linkit7697_hdk/uart_loopback_data_dma/obj/driver/chip/mt7687/src/common/i2c.o
LOAD ../../../../../out/linkit7697_hdk/uart_loopback_data_dma/obj/driver/chip/mt7687/src/common/ir_tx.o
LOAD ../../../../../out/linkit7697_hdk/uart_loopback_data_dma/obj/driver/chip/mt7687/src/common/low_hal_gpio.o
LOAD ../../../../../out/linkit7697_hdk/uart_loopback_data_dma/obj/driver/chip/mt7687/src/common/low_hal_irrx.o
LOAD ../../../../../out/linkit7697_hdk/uart_loopback_data_dma/obj/driver/chip/mt7687/src/common/low_hal_rtc.o
LOAD ../../../../../out/linkit7697_hdk/uart_loopback_data_dma/obj/driver/chip/mt7687/src/common/low_hal_wdt.o
LOAD ../../../../../out/linkit7697_hdk/uart_loopback_data_dma/obj/driver/chip/mt7687/src/common/nvic.o
LOAD ../../../../../out/linkit7697_hdk/uart_loopback_data_dma/obj/driver/chip/mt7687/src/common/pinmux.o
LOAD ../../../../../out/linkit7697_hdk/uart_loopback_data_dma/obj/driver/chip/mt7687/src/common/pwm.o
LOAD ../../../../../out/linkit7697_hdk/uart_loopback_data_dma/obj/driver/chip/mt7687/src/common/sfc.o
LOAD ../../../../../out/linkit7697_hdk/uart_loopback_data_dma/obj/driver/chip/mt7687/src/common/spi_flash.o
LOAD ../../../../../out/linkit7697_hdk/uart_loopback_data_dma/obj/driver/chip/mt7687/src/common/spim.o
LOAD ../../../../../out/linkit7697_hdk/uart_loopback_data_dma/obj/driver/chip/mt7687/src/common/timer.o
LOAD ../../../../../out/linkit7697_hdk/uart_loopback_data_dma/obj/driver/chip/mt7687/src/common/top.o
LOAD ../../../../../out/linkit7697_hdk/uart_loopback_data_dma/obj/driver/chip/mt7687/src/common/uart.o
LOAD ../../../../../out/linkit7697_hdk/uart_loopback_data_dma/obj/driver/chip/mt7687/src/hal_log.o
LOAD ../../../../../out/linkit7697_hdk/uart_loopback_data_dma/obj/driver/chip/mt7687/src/hal_adc.o
LOAD ../../../../../out/linkit7697_hdk/uart_loopback_data_dma/obj/driver/chip/mt7687/src/hal_aes.o
LOAD ../../../../../out/linkit7697_hdk/uart_loopback_data_dma/obj/driver/chip/mt7687/src/hal_cache.o
LOAD ../../../../../out/linkit7697_hdk/uart_loopback_data_dma/obj/driver/chip/mt7687/src/hal_cache_internal.o
LOAD ../../../../../out/linkit7697_hdk/uart_loopback_data_dma/obj/driver/chip/mt7687/src/hal_des.o
LOAD ../../../../../out/linkit7697_hdk/uart_loopback_data_dma/obj/driver/chip/mt7687/src/hal_eint.o
LOAD ../../../../../out/linkit7697_hdk/uart_loopback_data_dma/obj/driver/chip/mt7687/src/hal_nvic.o
LOAD ../../../../../out/linkit7697_hdk/uart_loopback_data_dma/obj/driver/chip/mt7687/src/hal_nvic_internal.o
LOAD ../../../../../out/linkit7697_hdk/uart_loopback_data_dma/obj/driver/chip/mt7687/src/hal_flash.o
LOAD ../../../../../out/linkit7697_hdk/uart_loopback_data_dma/obj/driver/chip/mt7687/src/hal_gpio.o
LOAD ../../../../../out/linkit7697_hdk/uart_loopback_data_dma/obj/driver/chip/mt7687/src/hal_i2c_master.o
LOAD ../../../../../out/linkit7697_hdk/uart_loopback_data_dma/obj/driver/chip/mt7687/src/hal_i2s.o
LOAD ../../../../../out/linkit7697_hdk/uart_loopback_data_dma/obj/driver/chip/mt7687/src/hal_irtx.o
LOAD ../../../../../out/linkit7697_hdk/uart_loopback_data_dma/obj/driver/chip/mt7687/src/hal_gdma.o
LOAD ../../../../../out/linkit7697_hdk/uart_loopback_data_dma/obj/driver/chip/mt7687/src/hal_gpt.o
LOAD ../../../../../out/linkit7697_hdk/uart_loopback_data_dma/obj/driver/chip/mt7687/src/hal_md5.o
LOAD ../../../../../out/linkit7697_hdk/uart_loopback_data_dma/obj/driver/chip/mt7687/src/hal_pwm.o
LOAD ../../../../../out/linkit7697_hdk/uart_loopback_data_dma/obj/driver/chip/mt7687/src/hal_rtc.o
LOAD ../../../../../out/linkit7697_hdk/uart_loopback_data_dma/obj/driver/chip/mt7687/src/hal_sha.o
LOAD ../../../../../out/linkit7697_hdk/uart_loopback_data_dma/obj/driver/chip/mt7687/src/hal_spi_master.o
LOAD ../../../../../out/linkit7697_hdk/uart_loopback_data_dma/obj/driver/chip/mt7687/src/hal_spi_slave.o
LOAD ../../../../../out/linkit7697_hdk/uart_loopback_data_dma/obj/driver/chip/mt7687/src/hal_uart.o
LOAD ../../../../../out/linkit7697_hdk/uart_loopback_data_dma/obj/driver/chip/mt7687/src/hal_audio_internal_service.o
LOAD ../../../../../out/linkit7697_hdk/uart_loopback_data_dma/obj/driver/chip/mt7687/src/hal_wdt.o
LOAD ../../../../../out/linkit7697_hdk/uart_loopback_data_dma/obj/driver/chip/mt7687/src/hal_misc.o
LOAD ../../../../../out/linkit7697_hdk/uart_loopback_data_dma/obj/driver/chip/mt7687/src/hal_dwt.o
LOAD ../../../../../out/linkit7697_hdk/uart_loopback_data_dma/obj/driver/board/linkit7697_hdk/external_flash/src/bsp_flash_config.o
LOAD ../../../../../out/linkit7697_hdk/uart_loopback_data_dma/obj/project/linkit7697_hdk/hal_examples/uart_loopback_data_dma/src/main.o
LOAD ../../../../../out/linkit7697_hdk/uart_loopback_data_dma/obj/project/linkit7697_hdk/hal_examples/uart_loopback_data_dma/src/system_mt7687.o
LOAD ../../../../../out/linkit7697_hdk/uart_loopback_data_dma/obj/project/linkit7697_hdk/hal_examples/uart_loopback_data_dma/GCC/syscalls.o
LOAD ../../../../../out/linkit7697_hdk/uart_loopback_data_dma/obj/project/linkit7697_hdk/hal_examples/uart_loopback_data_dma/GCC/startup_mt7687.o
LOAD ../../../../../prebuilt/driver/chip/mt7687/lib/libhal_core_CM4_GCC.a
LOAD ../../../../../prebuilt/driver/chip/mt7687/lib/libhal_protected_CM4_GCC.a
LOAD ../../../../../out/linkit7697_hdk/uart_loopback_data_dma/obj/middleware/MTK/verno/verno.o
END GROUP
LOAD /opt/gcc-arm-none-eabi-4_8-2014-q3/bin/../lib/gcc/arm-none-eabi/4.8.4/../../../../arm-none-eabi/lib/armv7e-m/fpu/libm.a
START GROUP
LOAD /opt/gcc-arm-none-eabi-4_8-2014-q3/bin/../lib/gcc/arm-none-eabi/4.8.4/armv7e-m/fpu/libgcc.a
LOAD /opt/gcc-arm-none-eabi-4_8-2014-q3/bin/../lib/gcc/arm-none-eabi/4.8.4/../../../../arm-none-eabi/lib/armv7e-m/fpu/libc_s.a
END GROUP
START GROUP
LOAD /opt/gcc-arm-none-eabi-4_8-2014-q3/bin/../lib/gcc/arm-none-eabi/4.8.4/armv7e-m/fpu/libgcc.a
LOAD /opt/gcc-arm-none-eabi-4_8-2014-q3/bin/../lib/gcc/arm-none-eabi/4.8.4/../../../../arm-none-eabi/lib/armv7e-m/fpu/libc_s.a
END GROUP
OUTPUT(../../../../../out/linkit7697_hdk/uart_loopback_data_dma/uart_loopback_data_dma.elf elf32-littlearm)

.debug_info     0x00000000     0x904d
 .debug_info    0x00000000     0x1399 ../../../../../out/linkit7697_hdk/uart_loopback_data_dma/obj/driver/chip/mt7687/src/common/dma.o
 .debug_info    0x00001399      0x536 ../../../../../out/linkit7697_hdk/uart_loopback_data_dma/obj/driver/chip/mt7687/src/common/hal_gpio_7687.o
 .debug_info    0x000018cf      0x334 ../../../../../out/linkit7697_hdk/uart_loopback_data_dma/obj/driver/chip/mt7687/src/common/hal_pinmux.o
 .debug_info    0x00001c03      0x510 ../../../../../out/linkit7697_hdk/uart_loopback_data_dma/obj/driver/chip/mt7687/src/common/nvic.o
 .debug_info    0x00002113      0x3c8 ../../../../../out/linkit7697_hdk/uart_loopback_data_dma/obj/driver/chip/mt7687/src/common/pinmux.o
 .debug_info    0x000024db      0xa02 ../../../../../out/linkit7697_hdk/uart_loopback_data_dma/obj/driver/chip/mt7687/src/common/top.o
 .debug_info    0x00002edd      0x996 ../../../../../out/linkit7697_hdk/uart_loopback_data_dma/obj/driver/chip/mt7687/src/common/uart.o
 .debug_info    0x00003873      0x447 ../../../../../out/linkit7697_hdk/uart_loopback_data_dma/obj/driver/chip/mt7687/src/hal_log.o
 .debug_info    0x00003cba      0xaa4 ../../../../../out/linkit7697_hdk/uart_loopback_data_dma/obj/driver/chip/mt7687/src/hal_cache.o
 .debug_info    0x0000475e      0xb22 ../../../../../out/linkit7697_hdk/uart_loopback_data_dma/obj/driver/chip/mt7687/src/hal_nvic.o
 .debug_info    0x00005280      0x946 ../../../../../out/linkit7697_hdk/uart_loopback_data_dma/obj/driver/chip/mt7687/src/hal_gpio.o
 .debug_info    0x00005bc6     0x1872 ../../../../../out/linkit7697_hdk/uart_loopback_data_dma/obj/driver/chip/mt7687/src/hal_uart.o
 .debug_info    0x00007438      0x812 ../../../../../out/linkit7697_hdk/uart_loopback_data_dma/obj/project/linkit7697_hdk/hal_examples/uart_loopback_data_dma/src/main.o
 .debug_info    0x00007c4a      0x4f5 ../../../../../out/linkit7697_hdk/uart_loopback_data_dma/obj/project/linkit7697_hdk/hal_examples/uart_loopback_data_dma/src/system_mt7687.o
 .debug_info    0x0000813f      0xd9f ../../../../../out/linkit7697_hdk/uart_loopback_data_dma/obj/project/linkit7697_hdk/hal_examples/uart_loopback_data_dma/GCC/syscalls.o
 .debug_info    0x00008ede       0xe1 ../../../../../out/linkit7697_hdk/uart_loopback_data_dma/obj/project/linkit7697_hdk/hal_examples/uart_loopback_data_dma/GCC/startup_mt7687.o
 .debug_info    0x00008fbf       0x8e ../../../../../out/linkit7697_hdk/uart_loopback_data_dma/obj/middleware/MTK/verno/verno.o

.debug_abbrev   0x00000000     0x1fee
 .debug_abbrev  0x00000000      0x3e2 ../../../../../out/linkit7697_hdk/uart_loopback_data_dma/obj/driver/chip/mt7687/src/common/dma.o
 .debug_abbrev  0x000003e2      0x196 ../../../../../out/linkit7697_hdk/uart_loopback_data_dma/obj/driver/chip/mt7687/src/common/hal_gpio_7687.o
 .debug_abbrev  0x00000578       0xd3 ../../../../../out/linkit7697_hdk/uart_loopback_data_dma/obj/driver/chip/mt7687/src/common/hal_pinmux.o
 .debug_abbrev  0x0000064b      0x19f ../../../../../out/linkit7697_hdk/uart_loopback_data_dma/obj/driver/chip/mt7687/src/common/nvic.o
 .debug_abbrev  0x000007ea       0xc4 ../../../../../out/linkit7697_hdk/uart_loopback_data_dma/obj/driver/chip/mt7687/src/common/pinmux.o
 .debug_abbrev  0x000008ae      0x273 ../../../../../out/linkit7697_hdk/uart_loopback_data_dma/obj/driver/chip/mt7687/src/common/top.o
 .debug_abbrev  0x00000b21      0x252 ../../../../../out/linkit7697_hdk/uart_loopback_data_dma/obj/driver/chip/mt7687/src/common/uart.o
 .debug_abbrev  0x00000d73      0x167 ../../../../../out/linkit7697_hdk/uart_loopback_data_dma/obj/driver/chip/mt7687/src/hal_log.o
 .debug_abbrev  0x00000eda      0x272 ../../../../../out/linkit7697_hdk/uart_loopback_data_dma/obj/driver/chip/mt7687/src/hal_cache.o
 .debug_abbrev  0x0000114c      0x2f8 ../../../../../out/linkit7697_hdk/uart_loopback_data_dma/obj/driver/chip/mt7687/src/hal_nvic.o
 .debug_abbrev  0x00001444      0x16a ../../../../../out/linkit7697_hdk/uart_loopback_data_dma/obj/driver/chip/mt7687/src/hal_gpio.o
 .debug_abbrev  0x000015ae      0x3fc ../../../../../out/linkit7697_hdk/uart_loopback_data_dma/obj/driver/chip/mt7687/src/hal_uart.o
 .debug_abbrev  0x000019aa      0x222 ../../../../../out/linkit7697_hdk/uart_loopback_data_dma/obj/project/linkit7697_hdk/hal_examples/uart_loopback_data_dma/src/main.o
 .debug_abbrev  0x00001bcc      0x18b ../../../../../out/linkit7697_hdk/uart_loopback_data_dma/obj/project/linkit7697_hdk/hal_examples/uart_loopback_data_dma/src/system_mt7687.o
 .debug_abbrev  0x00001d57      0x249 ../../../../../out/linkit7697_hdk/uart_loopback_data_dma/obj/project/linkit7697_hdk/hal_examples/uart_loopback_data_dma/GCC/syscalls.o
 .debug_abbrev  0x00001fa0       0x12 ../../../../../out/linkit7697_hdk/uart_loopback_data_dma/obj/project/linkit7697_hdk/hal_examples/uart_loopback_data_dma/GCC/startup_mt7687.o
 .debug_abbrev  0x00001fb2       0x3c ../../../../../out/linkit7697_hdk/uart_loopback_data_dma/obj/middleware/MTK/verno/verno.o

.debug_loc      0x00000000     0x5335
 .debug_loc     0x00000000      0xae5 ../../../../../out/linkit7697_hdk/uart_loopback_data_dma/obj/driver/chip/mt7687/src/common/dma.o
 .debug_loc     0x00000ae5      0xbfb ../../../../../out/linkit7697_hdk/uart_loopback_data_dma/obj/driver/chip/mt7687/src/common/hal_gpio_7687.o
 .debug_loc     0x000016e0      0x38b ../../../../../out/linkit7697_hdk/uart_loopback_data_dma/obj/driver/chip/mt7687/src/common/hal_pinmux.o
 .debug_loc     0x00001a6b      0x480 ../../../../../out/linkit7697_hdk/uart_loopback_data_dma/obj/driver/chip/mt7687/src/common/pinmux.o
 .debug_loc     0x00001eeb      0x40d ../../../../../out/linkit7697_hdk/uart_loopback_data_dma/obj/driver/chip/mt7687/src/common/top.o
 .debug_loc     0x000022f8      0x8aa ../../../../../out/linkit7697_hdk/uart_loopback_data_dma/obj/driver/chip/mt7687/src/common/uart.o
 .debug_loc     0x00002ba2      0x1b8 ../../../../../out/linkit7697_hdk/uart_loopback_data_dma/obj/driver/chip/mt7687/src/hal_log.o
 .debug_loc     0x00002d5a      0x5b8 ../../../../../out/linkit7697_hdk/uart_loopback_data_dma/obj/driver/chip/mt7687/src/hal_cache.o
 .debug_loc     0x00003312      0x526 ../../../../../out/linkit7697_hdk/uart_loopback_data_dma/obj/driver/chip/mt7687/src/hal_nvic.o
 .debug_loc     0x00003838      0x75a ../../../../../out/linkit7697_hdk/uart_loopback_data_dma/obj/driver/chip/mt7687/src/hal_gpio.o
 .debug_loc     0x00003f92     0x101c ../../../../../out/linkit7697_hdk/uart_loopback_data_dma/obj/driver/chip/mt7687/src/hal_uart.o
 .debug_loc     0x00004fae       0x76 ../../../../../out/linkit7697_hdk/uart_loopback_data_dma/obj/project/linkit7697_hdk/hal_examples/uart_loopback_data_dma/src/main.o
 .debug_loc     0x00005024       0x71 ../../../../../out/linkit7697_hdk/uart_loopback_data_dma/obj/project/linkit7697_hdk/hal_examples/uart_loopback_data_dma/src/system_mt7687.o
 .debug_loc     0x00005095      0x2a0 ../../../../../out/linkit7697_hdk/uart_loopback_data_dma/obj/project/linkit7697_hdk/hal_examples/uart_loopback_data_dma/GCC/syscalls.o

.debug_aranges  0x00000000      0x6d0
 .debug_aranges
                0x00000000       0xd8 ../../../../../out/linkit7697_hdk/uart_loopback_data_dma/obj/driver/chip/mt7687/src/common/dma.o
 .debug_aranges
                0x000000d8       0x78 ../../../../../out/linkit7697_hdk/uart_loopback_data_dma/obj/driver/chip/mt7687/src/common/hal_gpio_7687.o
 .debug_aranges
                0x00000150       0x20 ../../../../../out/linkit7697_hdk/uart_loopback_data_dma/obj/driver/chip/mt7687/src/common/hal_pinmux.o
 .debug_aranges
                0x00000170       0x38 ../../../../../out/linkit7697_hdk/uart_loopback_data_dma/obj/driver/chip/mt7687/src/common/nvic.o
 .debug_aranges
                0x000001a8       0x20 ../../../../../out/linkit7697_hdk/uart_loopback_data_dma/obj/driver/chip/mt7687/src/common/pinmux.o
 .debug_aranges
                0x000001c8       0x70 ../../../../../out/linkit7697_hdk/uart_loopback_data_dma/obj/driver/chip/mt7687/src/common/top.o
 .debug_aranges
                0x00000238       0xb0 ../../../../../out/linkit7697_hdk/uart_loopback_data_dma/obj/driver/chip/mt7687/src/common/uart.o
 .debug_aranges
                0x000002e8       0x40 ../../../../../out/linkit7697_hdk/uart_loopback_data_dma/obj/driver/chip/mt7687/src/hal_log.o
 .debug_aranges
                0x00000328       0x90 ../../../../../out/linkit7697_hdk/uart_loopback_data_dma/obj/driver/chip/mt7687/src/hal_cache.o
 .debug_aranges
                0x000003b8       0x80 ../../../../../out/linkit7697_hdk/uart_loopback_data_dma/obj/driver/chip/mt7687/src/hal_nvic.o
 .debug_aranges
                0x00000438       0x88 ../../../../../out/linkit7697_hdk/uart_loopback_data_dma/obj/driver/chip/mt7687/src/hal_gpio.o
 .debug_aranges
                0x000004c0       0xe0 ../../../../../out/linkit7697_hdk/uart_loopback_data_dma/obj/driver/chip/mt7687/src/hal_uart.o
 .debug_aranges
                0x000005a0       0x38 ../../../../../out/linkit7697_hdk/uart_loopback_data_dma/obj/project/linkit7697_hdk/hal_examples/uart_loopback_data_dma/src/main.o
 .debug_aranges
                0x000005d8       0x48 ../../../../../out/linkit7697_hdk/uart_loopback_data_dma/obj/project/linkit7697_hdk/hal_examples/uart_loopback_data_dma/src/system_mt7687.o
 .debug_aranges
                0x00000620       0x70 ../../../../../out/linkit7697_hdk/uart_loopback_data_dma/obj/project/linkit7697_hdk/hal_examples/uart_loopback_data_dma/GCC/syscalls.o
 .debug_aranges
                0x00000690       0x28 ../../../../../out/linkit7697_hdk/uart_loopback_data_dma/obj/project/linkit7697_hdk/hal_examples/uart_loopback_data_dma/GCC/startup_mt7687.o
 .debug_aranges
                0x000006b8       0x18 ../../../../../out/linkit7697_hdk/uart_loopback_data_dma/obj/middleware/MTK/verno/verno.o

.debug_ranges   0x00000000      0x730
 .debug_ranges  0x00000000       0xe0 ../../../../../out/linkit7697_hdk/uart_loopback_data_dma/obj/driver/chip/mt7687/src/common/dma.o
 .debug_ranges  0x000000e0       0x68 ../../../../../out/linkit7697_hdk/uart_loopback_data_dma/obj/driver/chip/mt7687/src/common/hal_gpio_7687.o
 .debug_ranges  0x00000148       0x10 ../../../../../out/linkit7697_hdk/uart_loopback_data_dma/obj/driver/chip/mt7687/src/common/hal_pinmux.o
 .debug_ranges  0x00000158       0x28 ../../../../../out/linkit7697_hdk/uart_loopback_data_dma/obj/driver/chip/mt7687/src/common/nvic.o
 .debug_ranges  0x00000180       0x10 ../../../../../out/linkit7697_hdk/uart_loopback_data_dma/obj/driver/chip/mt7687/src/common/pinmux.o
 .debug_ranges  0x00000190       0xc0 ../../../../../out/linkit7697_hdk/uart_loopback_data_dma/obj/driver/chip/mt7687/src/common/top.o
 .debug_ranges  0x00000250       0xa0 ../../../../../out/linkit7697_hdk/uart_loopback_data_dma/obj/driver/chip/mt7687/src/common/uart.o
 .debug_ranges  0x000002f0       0x30 ../../../../../out/linkit7697_hdk/uart_loopback_data_dma/obj/driver/chip/mt7687/src/hal_log.o
 .debug_ranges  0x00000320       0x80 ../../../../../out/linkit7697_hdk/uart_loopback_data_dma/obj/driver/chip/mt7687/src/hal_cache.o
 .debug_ranges  0x000003a0       0x88 ../../../../../out/linkit7697_hdk/uart_loopback_data_dma/obj/driver/chip/mt7687/src/hal_nvic.o
 .debug_ranges  0x00000428       0x78 ../../../../../out/linkit7697_hdk/uart_loopback_data_dma/obj/driver/chip/mt7687/src/hal_gpio.o
 .debug_ranges  0x000004a0      0x1b0 ../../../../../out/linkit7697_hdk/uart_loopback_data_dma/obj/driver/chip/mt7687/src/hal_uart.o
 .debug_ranges  0x00000650       0x28 ../../../../../out/linkit7697_hdk/uart_loopback_data_dma/obj/project/linkit7697_hdk/hal_examples/uart_loopback_data_dma/src/main.o
 .debug_ranges  0x00000678       0x38 ../../../../../out/linkit7697_hdk/uart_loopback_data_dma/obj/project/linkit7697_hdk/hal_examples/uart_loopback_data_dma/src/system_mt7687.o
 .debug_ranges  0x000006b0       0x60 ../../../../../out/linkit7697_hdk/uart_loopback_data_dma/obj/project/linkit7697_hdk/hal_examples/uart_loopback_data_dma/GCC/syscalls.o
 .debug_ranges  0x00000710       0x20 ../../../../../out/linkit7697_hdk/uart_loopback_data_dma/obj/project/linkit7697_hdk/hal_examples/uart_loopback_data_dma/GCC/startup_mt7687.o

.debug_line     0x00000000     0x320b
 .debug_line    0x00000000      0x5f3 ../../../../../out/linkit7697_hdk/uart_loopback_data_dma/obj/driver/chip/mt7687/src/common/dma.o
 .debug_line    0x000005f3      0x374 ../../../../../out/linkit7697_hdk/uart_loopback_data_dma/obj/driver/chip/mt7687/src/common/hal_gpio_7687.o
 .debug_line    0x00000967      0x222 ../../../../../out/linkit7697_hdk/uart_loopback_data_dma/obj/driver/chip/mt7687/src/common/hal_pinmux.o
 .debug_line    0x00000b89      0x179 ../../../../../out/linkit7697_hdk/uart_loopback_data_dma/obj/driver/chip/mt7687/src/common/nvic.o
 .debug_line    0x00000d02      0x1fb ../../../../../out/linkit7697_hdk/uart_loopback_data_dma/obj/driver/chip/mt7687/src/common/pinmux.o
 .debug_line    0x00000efd      0x4cd ../../../../../out/linkit7697_hdk/uart_loopback_data_dma/obj/driver/chip/mt7687/src/common/top.o
 .debug_line    0x000013ca      0x3dd ../../../../../out/linkit7697_hdk/uart_loopback_data_dma/obj/driver/chip/mt7687/src/common/uart.o
 .debug_line    0x000017a7      0x227 ../../../../../out/linkit7697_hdk/uart_loopback_data_dma/obj/driver/chip/mt7687/src/hal_log.o
 .debug_line    0x000019ce      0x3bf ../../../../../out/linkit7697_hdk/uart_loopback_data_dma/obj/driver/chip/mt7687/src/hal_cache.o
 .debug_line    0x00001d8d      0x360 ../../../../../out/linkit7697_hdk/uart_loopback_data_dma/obj/driver/chip/mt7687/src/hal_nvic.o
 .debug_line    0x000020ed      0x32c ../../../../../out/linkit7697_hdk/uart_loopback_data_dma/obj/driver/chip/mt7687/src/hal_gpio.o
 .debug_line    0x00002419      0x5d2 ../../../../../out/linkit7697_hdk/uart_loopback_data_dma/obj/driver/chip/mt7687/src/hal_uart.o
 .debug_line    0x000029eb      0x247 ../../../../../out/linkit7697_hdk/uart_loopback_data_dma/obj/project/linkit7697_hdk/hal_examples/uart_loopback_data_dma/src/main.o
 .debug_line    0x00002c32      0x20b ../../../../../out/linkit7697_hdk/uart_loopback_data_dma/obj/project/linkit7697_hdk/hal_examples/uart_loopback_data_dma/src/system_mt7687.o
 .debug_line    0x00002e3d      0x261 ../../../../../out/linkit7697_hdk/uart_loopback_data_dma/obj/project/linkit7697_hdk/hal_examples/uart_loopback_data_dma/GCC/syscalls.o
 .debug_line    0x0000309e       0xe3 ../../../../../out/linkit7697_hdk/uart_loopback_data_dma/obj/project/linkit7697_hdk/hal_examples/uart_loopback_data_dma/GCC/startup_mt7687.o
 .debug_line    0x00003181       0x8a ../../../../../out/linkit7697_hdk/uart_loopback_data_dma/obj/middleware/MTK/verno/verno.o

.debug_str      0x00000000     0x3bc7
 .debug_str     0x00000000      0xc46 ../../../../../out/linkit7697_hdk/uart_loopback_data_dma/obj/driver/chip/mt7687/src/common/dma.o
                                0xcf1 (size before relaxing)
 .debug_str     0x00000c46      0x1b5 ../../../../../out/linkit7697_hdk/uart_loopback_data_dma/obj/driver/chip/mt7687/src/common/hal_gpio_7687.o
                                0x401 (size before relaxing)
 .debug_str     0x00000dfb      0x480 ../../../../../out/linkit7697_hdk/uart_loopback_data_dma/obj/driver/chip/mt7687/src/common/hal_pinmux.o
                                0x6fe (size before relaxing)
 .debug_str     0x0000127b      0x10c ../../../../../out/linkit7697_hdk/uart_loopback_data_dma/obj/driver/chip/mt7687/src/common/nvic.o
                                0x3e0 (size before relaxing)
 .debug_str     0x00001387      0x238 ../../../../../out/linkit7697_hdk/uart_loopback_data_dma/obj/driver/chip/mt7687/src/common/pinmux.o
                                0x8cb (size before relaxing)
 .debug_str     0x000015bf      0x1bb ../../../../../out/linkit7697_hdk/uart_loopback_data_dma/obj/driver/chip/mt7687/src/common/top.o
                                0x428 (size before relaxing)
 .debug_str     0x0000177a      0x2b6 ../../../../../out/linkit7697_hdk/uart_loopback_data_dma/obj/driver/chip/mt7687/src/common/uart.o
                                0x735 (size before relaxing)
 .debug_str     0x00001a30      0x116 ../../../../../out/linkit7697_hdk/uart_loopback_data_dma/obj/driver/chip/mt7687/src/hal_log.o
                                0x419 (size before relaxing)
 .debug_str     0x00001b46      0x7a8 ../../../../../out/linkit7697_hdk/uart_loopback_data_dma/obj/driver/chip/mt7687/src/hal_cache.o
                                0xa4d (size before relaxing)
 .debug_str     0x000022ee      0x190 ../../../../../out/linkit7697_hdk/uart_loopback_data_dma/obj/driver/chip/mt7687/src/hal_nvic.o
                                0x908 (size before relaxing)
 .debug_str     0x0000247e      0x5d9 ../../../../../out/linkit7697_hdk/uart_loopback_data_dma/obj/driver/chip/mt7687/src/hal_gpio.o
                                0xa46 (size before relaxing)
 .debug_str     0x00002a57      0x9d4 ../../../../../out/linkit7697_hdk/uart_loopback_data_dma/obj/driver/chip/mt7687/src/hal_uart.o
                               0x1035 (size before relaxing)
 .debug_str     0x0000342b      0x118 ../../../../../out/linkit7697_hdk/uart_loopback_data_dma/obj/project/linkit7697_hdk/hal_examples/uart_loopback_data_dma/src/main.o
                                0xb6f (size before relaxing)
 .debug_str     0x00003543       0xd6 ../../../../../out/linkit7697_hdk/uart_loopback_data_dma/obj/project/linkit7697_hdk/hal_examples/uart_loopback_data_dma/src/system_mt7687.o
                                0x494 (size before relaxing)
 .debug_str     0x00003619      0x516 ../../../../../out/linkit7697_hdk/uart_loopback_data_dma/obj/project/linkit7697_hdk/hal_examples/uart_loopback_data_dma/GCC/syscalls.o
                                0x7aa (size before relaxing)
 .debug_str     0x00003b2f       0x98 ../../../../../out/linkit7697_hdk/uart_loopback_data_dma/obj/middleware/MTK/verno/verno.o
                                0x1c8 (size before relaxing)

.comment        0x00000000       0x70
 .comment       0x00000000       0x70 ../../../../../out/linkit7697_hdk/uart_loopback_data_dma/obj/driver/chip/mt7687/src/common/dma.o
                                 0x71 (size before relaxing)
 .comment       0x00000000       0x71 ../../../../../out/linkit7697_hdk/uart_loopback_data_dma/obj/driver/chip/mt7687/src/common/hal_gpio_7687.o
 .comment       0x00000000       0x71 ../../../../../out/linkit7697_hdk/uart_loopback_data_dma/obj/driver/chip/mt7687/src/common/hal_pinmux.o
 .comment       0x00000000       0x71 ../../../../../out/linkit7697_hdk/uart_loopback_data_dma/obj/driver/chip/mt7687/src/common/nvic.o
 .comment       0x00000000       0x71 ../../../../../out/linkit7697_hdk/uart_loopback_data_dma/obj/driver/chip/mt7687/src/common/pinmux.o
 .comment       0x00000000       0x71 ../../../../../out/linkit7697_hdk/uart_loopback_data_dma/obj/driver/chip/mt7687/src/common/top.o
 .comment       0x00000000       0x71 ../../../../../out/linkit7697_hdk/uart_loopback_data_dma/obj/driver/chip/mt7687/src/common/uart.o
 .comment       0x00000000       0x71 ../../../../../out/linkit7697_hdk/uart_loopback_data_dma/obj/driver/chip/mt7687/src/hal_log.o
 .comment       0x00000000       0x71 ../../../../../out/linkit7697_hdk/uart_loopback_data_dma/obj/driver/chip/mt7687/src/hal_cache.o
 .comment       0x00000000       0x71 ../../../../../out/linkit7697_hdk/uart_loopback_data_dma/obj/driver/chip/mt7687/src/hal_nvic.o
 .comment       0x00000000       0x71 ../../../../../out/linkit7697_hdk/uart_loopback_data_dma/obj/driver/chip/mt7687/src/hal_gpio.o
 .comment       0x00000000       0x71 ../../../../../out/linkit7697_hdk/uart_loopback_data_dma/obj/driver/chip/mt7687/src/hal_uart.o
 .comment       0x00000000       0x71 ../../../../../out/linkit7697_hdk/uart_loopback_data_dma/obj/project/linkit7697_hdk/hal_examples/uart_loopback_data_dma/src/main.o
 .comment       0x00000000       0x71 ../../../../../out/linkit7697_hdk/uart_loopback_data_dma/obj/project/linkit7697_hdk/hal_examples/uart_loopback_data_dma/src/system_mt7687.o
 .comment       0x00000000       0x71 ../../../../../out/linkit7697_hdk/uart_loopback_data_dma/obj/project/linkit7697_hdk/hal_examples/uart_loopback_data_dma/GCC/syscalls.o
 .comment       0x00000000       0x71 ../../../../../out/linkit7697_hdk/uart_loopback_data_dma/obj/middleware/MTK/verno/verno.o

.ARM.attributes
                0x00000000       0x37
 .ARM.attributes
                0x00000000       0x39 ../../../../../out/linkit7697_hdk/uart_loopback_data_dma/obj/driver/chip/mt7687/src/common/dma.o
 .ARM.attributes
                0x00000039       0x39 ../../../../../out/linkit7697_hdk/uart_loopback_data_dma/obj/driver/chip/mt7687/src/common/hal_gpio_7687.o
 .ARM.attributes
                0x00000072       0x39 ../../../../../out/linkit7697_hdk/uart_loopback_data_dma/obj/driver/chip/mt7687/src/common/hal_pinmux.o
 .ARM.attributes
                0x000000ab       0x39 ../../../../../out/linkit7697_hdk/uart_loopback_data_dma/obj/driver/chip/mt7687/src/common/nvic.o
 .ARM.attributes
                0x000000e4       0x39 ../../../../../out/linkit7697_hdk/uart_loopback_data_dma/obj/driver/chip/mt7687/src/common/pinmux.o
 .ARM.attributes
                0x0000011d       0x39 ../../../../../out/linkit7697_hdk/uart_loopback_data_dma/obj/driver/chip/mt7687/src/common/top.o
 .ARM.attributes
                0x00000156       0x39 ../../../../../out/linkit7697_hdk/uart_loopback_data_dma/obj/driver/chip/mt7687/src/common/uart.o
 .ARM.attributes
                0x0000018f       0x39 ../../../../../out/linkit7697_hdk/uart_loopback_data_dma/obj/driver/chip/mt7687/src/hal_log.o
 .ARM.attributes
                0x000001c8       0x39 ../../../../../out/linkit7697_hdk/uart_loopback_data_dma/obj/driver/chip/mt7687/src/hal_cache.o
 .ARM.attributes
                0x00000201       0x39 ../../../../../out/linkit7697_hdk/uart_loopback_data_dma/obj/driver/chip/mt7687/src/hal_nvic.o
 .ARM.attributes
                0x0000023a       0x39 ../../../../../out/linkit7697_hdk/uart_loopback_data_dma/obj/driver/chip/mt7687/src/hal_gpio.o
 .ARM.attributes
                0x00000273       0x39 ../../../../../out/linkit7697_hdk/uart_loopback_data_dma/obj/driver/chip/mt7687/src/hal_uart.o
 .ARM.attributes
                0x000002ac       0x39 ../../../../../out/linkit7697_hdk/uart_loopback_data_dma/obj/project/linkit7697_hdk/hal_examples/uart_loopback_data_dma/src/main.o
 .ARM.attributes
                0x000002e5       0x39 ../../../../../out/linkit7697_hdk/uart_loopback_data_dma/obj/project/linkit7697_hdk/hal_examples/uart_loopback_data_dma/src/system_mt7687.o
 .ARM.attributes
                0x0000031e       0x39 ../../../../../out/linkit7697_hdk/uart_loopback_data_dma/obj/project/linkit7697_hdk/hal_examples/uart_loopback_data_dma/GCC/syscalls.o
 .ARM.attributes
                0x00000357       0x1f ../../../../../out/linkit7697_hdk/uart_loopback_data_dma/obj/project/linkit7697_hdk/hal_examples/uart_loopback_data_dma/GCC/startup_mt7687.o
 .ARM.attributes
                0x00000376       0x39 ../../../../../out/linkit7697_hdk/uart_loopback_data_dma/obj/middleware/MTK/verno/verno.o
 .ARM.attributes
                0x000003af       0x34 /opt/gcc-arm-none-eabi-4_8-2014-q3/bin/../lib/gcc/arm-none-eabi/4.8.4/../../../../arm-none-eabi/lib/armv7e-m/fpu/libc_s.a(lib_a-impure.o)
 .ARM.attributes
                0x000003e3       0x34 /opt/gcc-arm-none-eabi-4_8-2014-q3/bin/../lib/gcc/arm-none-eabi/4.8.4/../../../../arm-none-eabi/lib/armv7e-m/fpu/libc_s.a(lib_a-memcpy-stub.o)
 .ARM.attributes
                0x00000417       0x34 /opt/gcc-arm-none-eabi-4_8-2014-q3/bin/../lib/gcc/arm-none-eabi/4.8.4/../../../../arm-none-eabi/lib/armv7e-m/fpu/libc_s.a(lib_a-memset.o)
 .ARM.attributes
                0x0000044b       0x34 /opt/gcc-arm-none-eabi-4_8-2014-q3/bin/../lib/gcc/arm-none-eabi/4.8.4/../../../../arm-none-eabi/lib/armv7e-m/fpu/libc_s.a(lib_a-vfprintf.o)
 .ARM.attributes
                0x0000047f       0x34 /opt/gcc-arm-none-eabi-4_8-2014-q3/bin/../lib/gcc/arm-none-eabi/4.8.4/../../../../arm-none-eabi/lib/armv7e-m/fpu/libc_s.a(lib_a-vfprintf_i.o)
 .ARM.attributes
                0x000004b3       0x34 /opt/gcc-arm-none-eabi-4_8-2014-q3/bin/../lib/gcc/arm-none-eabi/4.8.4/../../../../arm-none-eabi/lib/armv7e-m/fpu/libc_s.a(lib_a-vprintf.o)
 .ARM.attributes
                0x000004e7       0x34 /opt/gcc-arm-none-eabi-4_8-2014-q3/bin/../lib/gcc/arm-none-eabi/4.8.4/../../../../arm-none-eabi/lib/armv7e-m/fpu/libc_s.a(lib_a-wbuf.o)
 .ARM.attributes
                0x0000051b       0x34 /opt/gcc-arm-none-eabi-4_8-2014-q3/bin/../lib/gcc/arm-none-eabi/4.8.4/../../../../arm-none-eabi/lib/armv7e-m/fpu/libc_s.a(lib_a-wsetup.o)
 .ARM.attributes
                0x0000054f       0x34 /opt/gcc-arm-none-eabi-4_8-2014-q3/bin/../lib/gcc/arm-none-eabi/4.8.4/../../../../arm-none-eabi/lib/armv7e-m/fpu/libc_s.a(lib_a-fflush.o)
 .ARM.attributes
                0x00000583       0x34 /opt/gcc-arm-none-eabi-4_8-2014-q3/bin/../lib/gcc/arm-none-eabi/4.8.4/../../../../arm-none-eabi/lib/armv7e-m/fpu/libc_s.a(lib_a-findfp.o)
 .ARM.attributes
                0x000005b7       0x34 /opt/gcc-arm-none-eabi-4_8-2014-q3/bin/../lib/gcc/arm-none-eabi/4.8.4/../../../../arm-none-eabi/lib/armv7e-m/fpu/libc_s.a(lib_a-makebuf.o)
 .ARM.attributes
                0x000005eb       0x34 /opt/gcc-arm-none-eabi-4_8-2014-q3/bin/../lib/gcc/arm-none-eabi/4.8.4/../../../../arm-none-eabi/lib/armv7e-m/fpu/libc_s.a(lib_a-memchr-stub.o)
 .ARM.attributes
                0x0000061f       0x34 /opt/gcc-arm-none-eabi-4_8-2014-q3/bin/../lib/gcc/arm-none-eabi/4.8.4/../../../../arm-none-eabi/lib/armv7e-m/fpu/libc_s.a(lib_a-nano-freer.o)
 .ARM.attributes
                0x00000653       0x34 /opt/gcc-arm-none-eabi-4_8-2014-q3/bin/../lib/gcc/arm-none-eabi/4.8.4/../../../../arm-none-eabi/lib/armv7e-m/fpu/libc_s.a(lib_a-nano-mallocr.o)
 .ARM.attributes
                0x00000687       0x34 /opt/gcc-arm-none-eabi-4_8-2014-q3/bin/../lib/gcc/arm-none-eabi/4.8.4/../../../../arm-none-eabi/lib/armv7e-m/fpu/libc_s.a(lib_a-stdio.o)
 .ARM.attributes
                0x000006bb       0x34 /opt/gcc-arm-none-eabi-4_8-2014-q3/bin/../lib/gcc/arm-none-eabi/4.8.4/../../../../arm-none-eabi/lib/armv7e-m/fpu/libc_s.a(lib_a-strlen.o)
 .ARM.attributes
                0x000006ef       0x34 /opt/gcc-arm-none-eabi-4_8-2014-q3/bin/../lib/gcc/arm-none-eabi/4.8.4/../../../../arm-none-eabi/lib/armv7e-m/fpu/libc_s.a(lib_a-writer.o)
 .ARM.attributes
                0x00000723       0x34 /opt/gcc-arm-none-eabi-4_8-2014-q3/bin/../lib/gcc/arm-none-eabi/4.8.4/../../../../arm-none-eabi/lib/armv7e-m/fpu/libc_s.a(lib_a-closer.o)
 .ARM.attributes
                0x00000757       0x34 /opt/gcc-arm-none-eabi-4_8-2014-q3/bin/../lib/gcc/arm-none-eabi/4.8.4/../../../../arm-none-eabi/lib/armv7e-m/fpu/libc_s.a(lib_a-fstatr.o)
 .ARM.attributes
                0x0000078b       0x34 /opt/gcc-arm-none-eabi-4_8-2014-q3/bin/../lib/gcc/arm-none-eabi/4.8.4/../../../../arm-none-eabi/lib/armv7e-m/fpu/libc_s.a(lib_a-isattyr.o)
 .ARM.attributes
                0x000007bf       0x34 /opt/gcc-arm-none-eabi-4_8-2014-q3/bin/../lib/gcc/arm-none-eabi/4.8.4/../../../../arm-none-eabi/lib/armv7e-m/fpu/libc_s.a(lib_a-lseekr.o)
 .ARM.attributes
                0x000007f3       0x34 /opt/gcc-arm-none-eabi-4_8-2014-q3/bin/../lib/gcc/arm-none-eabi/4.8.4/../../../../arm-none-eabi/lib/armv7e-m/fpu/libc_s.a(lib_a-readr.o)
 .ARM.attributes
                0x00000827       0x34 /opt/gcc-arm-none-eabi-4_8-2014-q3/bin/../lib/gcc/arm-none-eabi/4.8.4/../../../../arm-none-eabi/lib/armv7e-m/fpu/libc_s.a(lib_a-reent.o)

.debug_frame    0x00000000     0x159c
 .debug_frame   0x00000000      0x22c ../../../../../out/linkit7697_hdk/uart_loopback_data_dma/obj/driver/chip/mt7687/src/common/dma.o
 .debug_frame   0x0000022c      0x104 ../../../../../out/linkit7697_hdk/uart_loopback_data_dma/obj/driver/chip/mt7687/src/common/hal_gpio_7687.o
 .debug_frame   0x00000330       0x20 ../../../../../out/linkit7697_hdk/uart_loopback_data_dma/obj/driver/chip/mt7687/src/common/hal_pinmux.o
 .debug_frame   0x00000350       0x50 ../../../../../out/linkit7697_hdk/uart_loopback_data_dma/obj/driver/chip/mt7687/src/common/nvic.o
 .debug_frame   0x000003a0       0x28 ../../../../../out/linkit7697_hdk/uart_loopback_data_dma/obj/driver/chip/mt7687/src/common/pinmux.o
 .debug_frame   0x000003c8      0x108 ../../../../../out/linkit7697_hdk/uart_loopback_data_dma/obj/driver/chip/mt7687/src/common/top.o
 .debug_frame   0x000004d0      0x1a0 ../../../../../out/linkit7697_hdk/uart_loopback_data_dma/obj/driver/chip/mt7687/src/common/uart.o
 .debug_frame   0x00000670       0xc0 ../../../../../out/linkit7697_hdk/uart_loopback_data_dma/obj/driver/chip/mt7687/src/hal_log.o
 .debug_frame   0x00000730      0x16c ../../../../../out/linkit7697_hdk/uart_loopback_data_dma/obj/driver/chip/mt7687/src/hal_cache.o
 .debug_frame   0x0000089c      0x104 ../../../../../out/linkit7697_hdk/uart_loopback_data_dma/obj/driver/chip/mt7687/src/hal_nvic.o
 .debug_frame   0x000009a0      0x164 ../../../../../out/linkit7697_hdk/uart_loopback_data_dma/obj/driver/chip/mt7687/src/hal_gpio.o
 .debug_frame   0x00000b04      0x2a4 ../../../../../out/linkit7697_hdk/uart_loopback_data_dma/obj/driver/chip/mt7687/src/hal_uart.o
 .debug_frame   0x00000da8       0x68 ../../../../../out/linkit7697_hdk/uart_loopback_data_dma/obj/project/linkit7697_hdk/hal_examples/uart_loopback_data_dma/src/main.o
 .debug_frame   0x00000e10       0x78 ../../../../../out/linkit7697_hdk/uart_loopback_data_dma/obj/project/linkit7697_hdk/hal_examples/uart_loopback_data_dma/src/system_mt7687.o
 .debug_frame   0x00000e88       0xe4 ../../../../../out/linkit7697_hdk/uart_loopback_data_dma/obj/project/linkit7697_hdk/hal_examples/uart_loopback_data_dma/GCC/syscalls.o
 .debug_frame   0x00000f6c       0x28 /opt/gcc-arm-none-eabi-4_8-2014-q3/bin/../lib/gcc/arm-none-eabi/4.8.4/../../../../arm-none-eabi/lib/armv7e-m/fpu/libc_s.a(lib_a-memcpy-stub.o)
 .debug_frame   0x00000f94       0x20 /opt/gcc-arm-none-eabi-4_8-2014-q3/bin/../lib/gcc/arm-none-eabi/4.8.4/../../../../arm-none-eabi/lib/armv7e-m/fpu/libc_s.a(lib_a-memset.o)
 .debug_frame   0x00000fb4       0xa8 /opt/gcc-arm-none-eabi-4_8-2014-q3/bin/../lib/gcc/arm-none-eabi/4.8.4/../../../../arm-none-eabi/lib/armv7e-m/fpu/libc_s.a(lib_a-vfprintf.o)
 .debug_frame   0x0000105c       0x60 /opt/gcc-arm-none-eabi-4_8-2014-q3/bin/../lib/gcc/arm-none-eabi/4.8.4/../../../../arm-none-eabi/lib/armv7e-m/fpu/libc_s.a(lib_a-vfprintf_i.o)
 .debug_frame   0x000010bc       0x50 /opt/gcc-arm-none-eabi-4_8-2014-q3/bin/../lib/gcc/arm-none-eabi/4.8.4/../../../../arm-none-eabi/lib/armv7e-m/fpu/libc_s.a(lib_a-vprintf.o)
 .debug_frame   0x0000110c       0x3c /opt/gcc-arm-none-eabi-4_8-2014-q3/bin/../lib/gcc/arm-none-eabi/4.8.4/../../../../arm-none-eabi/lib/armv7e-m/fpu/libc_s.a(lib_a-wbuf.o)
 .debug_frame   0x00001148       0x2c /opt/gcc-arm-none-eabi-4_8-2014-q3/bin/../lib/gcc/arm-none-eabi/4.8.4/../../../../arm-none-eabi/lib/armv7e-m/fpu/libc_s.a(lib_a-wsetup.o)
 .debug_frame   0x00001174       0x5c /opt/gcc-arm-none-eabi-4_8-2014-q3/bin/../lib/gcc/arm-none-eabi/4.8.4/../../../../arm-none-eabi/lib/armv7e-m/fpu/libc_s.a(lib_a-fflush.o)
 .debug_frame   0x000011d0      0x12c /opt/gcc-arm-none-eabi-4_8-2014-q3/bin/../lib/gcc/arm-none-eabi/4.8.4/../../../../arm-none-eabi/lib/armv7e-m/fpu/libc_s.a(lib_a-findfp.o)
 .debug_frame   0x000012fc       0x30 /opt/gcc-arm-none-eabi-4_8-2014-q3/bin/../lib/gcc/arm-none-eabi/4.8.4/../../../../arm-none-eabi/lib/armv7e-m/fpu/libc_s.a(lib_a-makebuf.o)
 .debug_frame   0x0000132c       0x28 /opt/gcc-arm-none-eabi-4_8-2014-q3/bin/../lib/gcc/arm-none-eabi/4.8.4/../../../../arm-none-eabi/lib/armv7e-m/fpu/libc_s.a(lib_a-memchr-stub.o)
 .debug_frame   0x00001354       0x2c /opt/gcc-arm-none-eabi-4_8-2014-q3/bin/../lib/gcc/arm-none-eabi/4.8.4/../../../../arm-none-eabi/lib/armv7e-m/fpu/libc_s.a(lib_a-nano-freer.o)
 .debug_frame   0x00001380       0x2c /opt/gcc-arm-none-eabi-4_8-2014-q3/bin/../lib/gcc/arm-none-eabi/4.8.4/../../../../arm-none-eabi/lib/armv7e-m/fpu/libc_s.a(lib_a-nano-mallocr.o)
 .debug_frame   0x000013ac       0x80 /opt/gcc-arm-none-eabi-4_8-2014-q3/bin/../lib/gcc/arm-none-eabi/4.8.4/../../../../arm-none-eabi/lib/armv7e-m/fpu/libc_s.a(lib_a-stdio.o)
 .debug_frame   0x0000142c       0x20 /opt/gcc-arm-none-eabi-4_8-2014-q3/bin/../lib/gcc/arm-none-eabi/4.8.4/../../../../arm-none-eabi/lib/armv7e-m/fpu/libc_s.a(lib_a-strlen.o)
 .debug_frame   0x0000144c       0x2c /opt/gcc-arm-none-eabi-4_8-2014-q3/bin/../lib/gcc/arm-none-eabi/4.8.4/../../../../arm-none-eabi/lib/armv7e-m/fpu/libc_s.a(lib_a-writer.o)
 .debug_frame   0x00001478       0x2c /opt/gcc-arm-none-eabi-4_8-2014-q3/bin/../lib/gcc/arm-none-eabi/4.8.4/../../../../arm-none-eabi/lib/armv7e-m/fpu/libc_s.a(lib_a-closer.o)
 .debug_frame   0x000014a4       0x2c /opt/gcc-arm-none-eabi-4_8-2014-q3/bin/../lib/gcc/arm-none-eabi/4.8.4/../../../../arm-none-eabi/lib/armv7e-m/fpu/libc_s.a(lib_a-fstatr.o)
 .debug_frame   0x000014d0       0x2c /opt/gcc-arm-none-eabi-4_8-2014-q3/bin/../lib/gcc/arm-none-eabi/4.8.4/../../../../arm-none-eabi/lib/armv7e-m/fpu/libc_s.a(lib_a-isattyr.o)
 .debug_frame   0x000014fc       0x2c /opt/gcc-arm-none-eabi-4_8-2014-q3/bin/../lib/gcc/arm-none-eabi/4.8.4/../../../../arm-none-eabi/lib/armv7e-m/fpu/libc_s.a(lib_a-lseekr.o)
 .debug_frame   0x00001528       0x2c /opt/gcc-arm-none-eabi-4_8-2014-q3/bin/../lib/gcc/arm-none-eabi/4.8.4/../../../../arm-none-eabi/lib/armv7e-m/fpu/libc_s.a(lib_a-readr.o)
 .debug_frame   0x00001554       0x48 /opt/gcc-arm-none-eabi-4_8-2014-q3/bin/../lib/gcc/arm-none-eabi/4.8.4/../../../../arm-none-eabi/lib/armv7e-m/fpu/libc_s.a(lib_a-reent.o)
